Archive member included to satisfy reference by file (symbol)

c:/program files (x86)/atmel/studio/7.0/toolchain/avr8/avr8-gnu-toolchain/bin/../lib/gcc/avr/5.4.0/avr6\libgcc.a(_exit.o)
                              C:/Program Files (x86)/Atmel/Studio/7.0/Packs/atmel/ATmega_DFP/1.7.374/gcc/dev/atmega2560/avr6/crtatmega2560.o (exit)
c:/program files (x86)/atmel/studio/7.0/toolchain/avr8/avr8-gnu-toolchain/bin/../lib/gcc/avr/5.4.0/avr6\libgcc.a(_copy_data.o)
                              FreeRTOS/Source/tasks.o (__do_copy_data)
c:/program files (x86)/atmel/studio/7.0/toolchain/avr8/avr8-gnu-toolchain/bin/../lib/gcc/avr/5.4.0/avr6\libgcc.a(_clear_bss.o)
                              FreeRTOS/Source/portable/MemMang/heap_4.o (__do_clear_bss)
c:/program files (x86)/atmel/studio/7.0/toolchain/avr8/avr8-gnu-toolchain/bin/../lib/gcc/avr/5.4.0/../../../../avr/lib/avr6\libc.a(memcpy.o)
                              FreeRTOS/Source/queue.o (memcpy)
c:/program files (x86)/atmel/studio/7.0/toolchain/avr8/avr8-gnu-toolchain/bin/../lib/gcc/avr/5.4.0/../../../../avr/lib/avr6\libc.a(sprintf.o)
                              project/src/w25qxx.o (sprintf)
c:/program files (x86)/atmel/studio/7.0/toolchain/avr8/avr8-gnu-toolchain/bin/../lib/gcc/avr/5.4.0/../../../../avr/lib/avr6\libc.a(vfprintf_std.o)
                              c:/program files (x86)/atmel/studio/7.0/toolchain/avr8/avr8-gnu-toolchain/bin/../lib/gcc/avr/5.4.0/../../../../avr/lib/avr6\libc.a(sprintf.o) (vfprintf)
c:/program files (x86)/atmel/studio/7.0/toolchain/avr8/avr8-gnu-toolchain/bin/../lib/gcc/avr/5.4.0/../../../../avr/lib/avr6\libc.a(strnlen_P.o)
                              c:/program files (x86)/atmel/studio/7.0/toolchain/avr8/avr8-gnu-toolchain/bin/../lib/gcc/avr/5.4.0/../../../../avr/lib/avr6\libc.a(vfprintf_std.o) (strnlen_P)
c:/program files (x86)/atmel/studio/7.0/toolchain/avr8/avr8-gnu-toolchain/bin/../lib/gcc/avr/5.4.0/../../../../avr/lib/avr6\libc.a(strnlen.o)
                              c:/program files (x86)/atmel/studio/7.0/toolchain/avr8/avr8-gnu-toolchain/bin/../lib/gcc/avr/5.4.0/../../../../avr/lib/avr6\libc.a(vfprintf_std.o) (strnlen)
c:/program files (x86)/atmel/studio/7.0/toolchain/avr8/avr8-gnu-toolchain/bin/../lib/gcc/avr/5.4.0/../../../../avr/lib/avr6\libc.a(fputc.o)
                              c:/program files (x86)/atmel/studio/7.0/toolchain/avr8/avr8-gnu-toolchain/bin/../lib/gcc/avr/5.4.0/../../../../avr/lib/avr6\libc.a(vfprintf_std.o) (fputc)
c:/program files (x86)/atmel/studio/7.0/toolchain/avr8/avr8-gnu-toolchain/bin/../lib/gcc/avr/5.4.0/../../../../avr/lib/avr6\libc.a(ultoa_invert.o)
                              c:/program files (x86)/atmel/studio/7.0/toolchain/avr8/avr8-gnu-toolchain/bin/../lib/gcc/avr/5.4.0/../../../../avr/lib/avr6\libc.a(vfprintf_std.o) (__ultoa_invert)

Allocating common symbols
Common symbol       size              file

telemetryQueue      0x2               project/src/telemetry.o
stateMutex          0x2               project/src/states.o
uart1_rx_queue      0x2               project/src/uart.o
universal_telemetry
                    0xb               project/src/states.o
events_queue        0x2               project/src/states.o
simulated_pressure_queue
                    0x2               project/src/tasks.o

Discarded input sections

 .data          0x00000000        0x0 C:/Program Files (x86)/Atmel/Studio/7.0/Packs/atmel/ATmega_DFP/1.7.374/gcc/dev/atmega2560/avr6/crtatmega2560.o
 .bss           0x00000000        0x0 C:/Program Files (x86)/Atmel/Studio/7.0/Packs/atmel/ATmega_DFP/1.7.374/gcc/dev/atmega2560/avr6/crtatmega2560.o
 .text          0x00000000        0x0 FreeRTOS/Source/list.o
 .data          0x00000000        0x0 FreeRTOS/Source/list.o
 .bss           0x00000000        0x0 FreeRTOS/Source/list.o
 .text          0x00000000        0x0 FreeRTOS/Source/portable/MemMang/heap_4.o
 .data          0x00000000        0x0 FreeRTOS/Source/portable/MemMang/heap_4.o
 .bss           0x00000000        0x0 FreeRTOS/Source/portable/MemMang/heap_4.o
 .text.xPortGetFreeHeapSize
                0x00000000        0xa FreeRTOS/Source/portable/MemMang/heap_4.o
 .text.xPortGetMinimumEverFreeHeapSize
                0x00000000        0xa FreeRTOS/Source/portable/MemMang/heap_4.o
 .text.vPortInitialiseBlocks
                0x00000000        0x2 FreeRTOS/Source/portable/MemMang/heap_4.o
 .text          0x00000000        0x0 FreeRTOS/Source/portable/WinAVR/ATmega2560/port.o
 .data          0x00000000        0x0 FreeRTOS/Source/portable/WinAVR/ATmega2560/port.o
 .bss           0x00000000        0x0 FreeRTOS/Source/portable/WinAVR/ATmega2560/port.o
 .text.vPortEndScheduler
                0x00000000        0x2 FreeRTOS/Source/portable/WinAVR/ATmega2560/port.o
 .text          0x00000000        0x0 FreeRTOS/Source/queue.o
 .data          0x00000000        0x0 FreeRTOS/Source/queue.o
 .bss           0x00000000        0x0 FreeRTOS/Source/queue.o
 .text.xQueueCreateCountingSemaphore
                0x00000000       0x18 FreeRTOS/Source/queue.o
 .text.xQueueGiveMutexRecursive
                0x00000000       0x48 FreeRTOS/Source/queue.o
 .text.xQueueGiveFromISR
                0x00000000       0x52 FreeRTOS/Source/queue.o
 .text.xQueueTakeMutexRecursive
                0x00000000       0x5a FreeRTOS/Source/queue.o
 .text.xQueueReceiveFromISR
                0x00000000       0x6e FreeRTOS/Source/queue.o
 .text.xQueuePeekFromISR
                0x00000000       0x2e FreeRTOS/Source/queue.o
 .text.uxQueueMessagesWaiting
                0x00000000       0x10 FreeRTOS/Source/queue.o
 .text.uxQueueSpacesAvailable
                0x00000000       0x16 FreeRTOS/Source/queue.o
 .text.uxQueueMessagesWaitingFromISR
                0x00000000        0x6 FreeRTOS/Source/queue.o
 .text.vQueueDelete
                0x00000000        0x6 FreeRTOS/Source/queue.o
 .text.xQueueIsQueueEmptyFromISR
                0x00000000       0x10 FreeRTOS/Source/queue.o
 .text.xQueueIsQueueFullFromISR
                0x00000000       0x12 FreeRTOS/Source/queue.o
 .text.xQueueCRSend
                0x00000000       0x90 FreeRTOS/Source/queue.o
 .text.xQueueCRReceive
                0x00000000       0xa4 FreeRTOS/Source/queue.o
 .text.xQueueCRSendFromISR
                0x00000000       0x4c FreeRTOS/Source/queue.o
 .text.xQueueCRReceiveFromISR
                0x00000000       0x82 FreeRTOS/Source/queue.o
 .text          0x00000000        0x0 FreeRTOS/Source/tasks.o
 .data          0x00000000        0x0 FreeRTOS/Source/tasks.o
 .bss           0x00000000        0x0 FreeRTOS/Source/tasks.o
 .text.prvTaskIsTaskSuspended
                0x00000000       0x2e FreeRTOS/Source/tasks.o
 .text.vTaskDelete
                0x00000000       0xa2 FreeRTOS/Source/tasks.o
 .text.uxTaskPriorityGet
                0x00000000       0x1c FreeRTOS/Source/tasks.o
 .text.uxTaskPriorityGetFromISR
                0x00000000       0x12 FreeRTOS/Source/tasks.o
 .text.vTaskPrioritySet
                0x00000000      0x10a FreeRTOS/Source/tasks.o
 .text.vTaskResume
                0x00000000       0x78 FreeRTOS/Source/tasks.o
 .text.xTaskResumeFromISR
                0x00000000       0x84 FreeRTOS/Source/tasks.o
 .text.vTaskEndScheduler
                0x00000000        0xc FreeRTOS/Source/tasks.o
 .text.xTaskGetTickCount
                0x00000000       0x1c FreeRTOS/Source/tasks.o
 .text.xTaskGetTickCountFromISR
                0x00000000       0x12 FreeRTOS/Source/tasks.o
 .text.uxTaskGetNumberOfTasks
                0x00000000        0x6 FreeRTOS/Source/tasks.o
 .text.pcTaskGetName
                0x00000000       0x10 FreeRTOS/Source/tasks.o
 .text.vTaskDelayUntil
                0x00000000       0xc2 FreeRTOS/Source/tasks.o
 .text.vTaskSuspend
                0x00000000       0x9c FreeRTOS/Source/tasks.o
 .text.vTaskPlaceOnUnorderedEventList
                0x00000000       0x4a FreeRTOS/Source/tasks.o
 .text.xTaskRemoveFromUnorderedEventList
                0x00000000       0x6c FreeRTOS/Source/tasks.o
 .text.xTaskGetCurrentTaskHandle
                0x00000000        0xa FreeRTOS/Source/tasks.o
 .text.uxTaskResetEventItemValue
                0x00000000       0x54 FreeRTOS/Source/tasks.o
 .text.ulTaskNotifyTake
                0x00000000       0xb8 FreeRTOS/Source/tasks.o
 .text.xTaskNotifyWait
                0x00000000      0x116 FreeRTOS/Source/tasks.o
 .text.xTaskGenericNotify
                0x00000000       0xfe FreeRTOS/Source/tasks.o
 .text.xTaskGenericNotifyFromISR
                0x00000000      0x124 FreeRTOS/Source/tasks.o
 .text.vTaskNotifyGiveFromISR
                0x00000000       0xaa FreeRTOS/Source/tasks.o
 .text.xTaskNotifyStateClear
                0x00000000       0x28 FreeRTOS/Source/tasks.o
 .text          0x00000000        0x0 FreeRTOS/Source/timers.o
 .data          0x00000000        0x0 FreeRTOS/Source/timers.o
 .bss           0x00000000        0x0 FreeRTOS/Source/timers.o
 .debug_info    0x00000000       0x64 FreeRTOS/Source/timers.o
 .debug_abbrev  0x00000000       0x26 FreeRTOS/Source/timers.o
 .debug_aranges
                0x00000000       0x18 FreeRTOS/Source/timers.o
 .debug_line    0x00000000       0x1a FreeRTOS/Source/timers.o
 .debug_str     0x00000000      0x17c FreeRTOS/Source/timers.o
 .comment       0x00000000       0x31 FreeRTOS/Source/timers.o
 .text          0x00000000        0x0 main.o
 .data          0x00000000        0x0 main.o
 .bss           0x00000000        0x0 main.o
 .text          0x00000000        0x0 project/src/spi.o
 .data          0x00000000        0x0 project/src/spi.o
 .bss           0x00000000        0x0 project/src/spi.o
 .text.SPI_select
                0x00000000       0x18 project/src/spi.o
 .text.SPI_deselect
                0x00000000       0x16 project/src/spi.o
 .text.SPI_transaction
                0x00000000        0xc project/src/spi.o
 .text          0x00000000        0x0 project/src/states.o
 .data          0x00000000        0x0 project/src/states.o
 .bss           0x00000000        0x0 project/src/states.o
 .text          0x00000000        0x0 project/src/tasks.o
 .data          0x00000000        0x0 project/src/tasks.o
 .bss           0x00000000        0x0 project/src/tasks.o
 .text.task_led_blinky
                0x00000000       0x20 project/src/tasks.o
 .text          0x00000000        0x0 project/src/telemetry.o
 .data          0x00000000        0x0 project/src/telemetry.o
 .bss           0x00000000        0x0 project/src/telemetry.o
 COMMON         0x00000000        0x2 project/src/telemetry.o
 .text          0x00000000        0x0 project/src/uart.o
 .data          0x00000000        0x0 project/src/uart.o
 .bss           0x00000000        0x0 project/src/uart.o
 .text.UART0_rx
                0x00000000        0xe project/src/uart.o
 .text.UART1_rx
                0x00000000        0xe project/src/uart.o
 .text.UART1_is_ready
                0x00000000        0x8 project/src/uart.o
 .text.UART0_send_bytes
                0x00000000       0x28 project/src/uart.o
 .text          0x00000000        0x0 project/src/w25qxx.o
 .data          0x00000000        0x0 project/src/w25qxx.o
 .bss           0x00000000        0x0 project/src/w25qxx.o
 .text.W25QXX_readID
                0x00000000       0x4e project/src/w25qxx.o
 .rodata.str1.1
                0x00000000       0x13 project/src/w25qxx.o
 .text.W25QXX_test
                0x00000000       0x74 project/src/w25qxx.o
 .debug_info    0x00000000      0x239 project/src/w25qxx.o
 .debug_abbrev  0x00000000      0x12d project/src/w25qxx.o
 .debug_loc     0x00000000      0x14c project/src/w25qxx.o
 .debug_aranges
                0x00000000       0x28 project/src/w25qxx.o
 .debug_ranges  0x00000000       0x18 project/src/w25qxx.o
 .debug_line    0x00000000      0x123 project/src/w25qxx.o
 .debug_str     0x00000000      0x1d9 project/src/w25qxx.o
 .comment       0x00000000       0x31 project/src/w25qxx.o
 .debug_frame   0x00000000       0x64 project/src/w25qxx.o
 .text          0x00000000        0x0 c:/program files (x86)/atmel/studio/7.0/toolchain/avr8/avr8-gnu-toolchain/bin/../lib/gcc/avr/5.4.0/avr6\libgcc.a(_exit.o)
 .data          0x00000000        0x0 c:/program files (x86)/atmel/studio/7.0/toolchain/avr8/avr8-gnu-toolchain/bin/../lib/gcc/avr/5.4.0/avr6\libgcc.a(_exit.o)
 .bss           0x00000000        0x0 c:/program files (x86)/atmel/studio/7.0/toolchain/avr8/avr8-gnu-toolchain/bin/../lib/gcc/avr/5.4.0/avr6\libgcc.a(_exit.o)
 .text.libgcc.mul
                0x00000000        0x0 c:/program files (x86)/atmel/studio/7.0/toolchain/avr8/avr8-gnu-toolchain/bin/../lib/gcc/avr/5.4.0/avr6\libgcc.a(_exit.o)
 .text.libgcc.div
                0x00000000        0x0 c:/program files (x86)/atmel/studio/7.0/toolchain/avr8/avr8-gnu-toolchain/bin/../lib/gcc/avr/5.4.0/avr6\libgcc.a(_exit.o)
 .text.libgcc   0x00000000        0x0 c:/program files (x86)/atmel/studio/7.0/toolchain/avr8/avr8-gnu-toolchain/bin/../lib/gcc/avr/5.4.0/avr6\libgcc.a(_exit.o)
 .text.libgcc.prologue
                0x00000000        0x0 c:/program files (x86)/atmel/studio/7.0/toolchain/avr8/avr8-gnu-toolchain/bin/../lib/gcc/avr/5.4.0/avr6\libgcc.a(_exit.o)
 .text.libgcc.builtins
                0x00000000        0x0 c:/program files (x86)/atmel/studio/7.0/toolchain/avr8/avr8-gnu-toolchain/bin/../lib/gcc/avr/5.4.0/avr6\libgcc.a(_exit.o)
 .text.libgcc.fmul
                0x00000000        0x0 c:/program files (x86)/atmel/studio/7.0/toolchain/avr8/avr8-gnu-toolchain/bin/../lib/gcc/avr/5.4.0/avr6\libgcc.a(_exit.o)
 .text.libgcc.fixed
                0x00000000        0x0 c:/program files (x86)/atmel/studio/7.0/toolchain/avr8/avr8-gnu-toolchain/bin/../lib/gcc/avr/5.4.0/avr6\libgcc.a(_exit.o)
 .text          0x00000000        0x0 c:/program files (x86)/atmel/studio/7.0/toolchain/avr8/avr8-gnu-toolchain/bin/../lib/gcc/avr/5.4.0/avr6\libgcc.a(_copy_data.o)
 .data          0x00000000        0x0 c:/program files (x86)/atmel/studio/7.0/toolchain/avr8/avr8-gnu-toolchain/bin/../lib/gcc/avr/5.4.0/avr6\libgcc.a(_copy_data.o)
 .bss           0x00000000        0x0 c:/program files (x86)/atmel/studio/7.0/toolchain/avr8/avr8-gnu-toolchain/bin/../lib/gcc/avr/5.4.0/avr6\libgcc.a(_copy_data.o)
 .text.libgcc.mul
                0x00000000        0x0 c:/program files (x86)/atmel/studio/7.0/toolchain/avr8/avr8-gnu-toolchain/bin/../lib/gcc/avr/5.4.0/avr6\libgcc.a(_copy_data.o)
 .text.libgcc.div
                0x00000000        0x0 c:/program files (x86)/atmel/studio/7.0/toolchain/avr8/avr8-gnu-toolchain/bin/../lib/gcc/avr/5.4.0/avr6\libgcc.a(_copy_data.o)
 .text.libgcc   0x00000000        0x0 c:/program files (x86)/atmel/studio/7.0/toolchain/avr8/avr8-gnu-toolchain/bin/../lib/gcc/avr/5.4.0/avr6\libgcc.a(_copy_data.o)
 .text.libgcc.prologue
                0x00000000        0x0 c:/program files (x86)/atmel/studio/7.0/toolchain/avr8/avr8-gnu-toolchain/bin/../lib/gcc/avr/5.4.0/avr6\libgcc.a(_copy_data.o)
 .text.libgcc.builtins
                0x00000000        0x0 c:/program files (x86)/atmel/studio/7.0/toolchain/avr8/avr8-gnu-toolchain/bin/../lib/gcc/avr/5.4.0/avr6\libgcc.a(_copy_data.o)
 .text.libgcc.fmul
                0x00000000        0x0 c:/program files (x86)/atmel/studio/7.0/toolchain/avr8/avr8-gnu-toolchain/bin/../lib/gcc/avr/5.4.0/avr6\libgcc.a(_copy_data.o)
 .text.libgcc.fixed
                0x00000000        0x0 c:/program files (x86)/atmel/studio/7.0/toolchain/avr8/avr8-gnu-toolchain/bin/../lib/gcc/avr/5.4.0/avr6\libgcc.a(_copy_data.o)
 .text          0x00000000        0x0 c:/program files (x86)/atmel/studio/7.0/toolchain/avr8/avr8-gnu-toolchain/bin/../lib/gcc/avr/5.4.0/avr6\libgcc.a(_clear_bss.o)
 .data          0x00000000        0x0 c:/program files (x86)/atmel/studio/7.0/toolchain/avr8/avr8-gnu-toolchain/bin/../lib/gcc/avr/5.4.0/avr6\libgcc.a(_clear_bss.o)
 .bss           0x00000000        0x0 c:/program files (x86)/atmel/studio/7.0/toolchain/avr8/avr8-gnu-toolchain/bin/../lib/gcc/avr/5.4.0/avr6\libgcc.a(_clear_bss.o)
 .text.libgcc.mul
                0x00000000        0x0 c:/program files (x86)/atmel/studio/7.0/toolchain/avr8/avr8-gnu-toolchain/bin/../lib/gcc/avr/5.4.0/avr6\libgcc.a(_clear_bss.o)
 .text.libgcc.div
                0x00000000        0x0 c:/program files (x86)/atmel/studio/7.0/toolchain/avr8/avr8-gnu-toolchain/bin/../lib/gcc/avr/5.4.0/avr6\libgcc.a(_clear_bss.o)
 .text.libgcc   0x00000000        0x0 c:/program files (x86)/atmel/studio/7.0/toolchain/avr8/avr8-gnu-toolchain/bin/../lib/gcc/avr/5.4.0/avr6\libgcc.a(_clear_bss.o)
 .text.libgcc.prologue
                0x00000000        0x0 c:/program files (x86)/atmel/studio/7.0/toolchain/avr8/avr8-gnu-toolchain/bin/../lib/gcc/avr/5.4.0/avr6\libgcc.a(_clear_bss.o)
 .text.libgcc.builtins
                0x00000000        0x0 c:/program files (x86)/atmel/studio/7.0/toolchain/avr8/avr8-gnu-toolchain/bin/../lib/gcc/avr/5.4.0/avr6\libgcc.a(_clear_bss.o)
 .text.libgcc.fmul
                0x00000000        0x0 c:/program files (x86)/atmel/studio/7.0/toolchain/avr8/avr8-gnu-toolchain/bin/../lib/gcc/avr/5.4.0/avr6\libgcc.a(_clear_bss.o)
 .text.libgcc.fixed
                0x00000000        0x0 c:/program files (x86)/atmel/studio/7.0/toolchain/avr8/avr8-gnu-toolchain/bin/../lib/gcc/avr/5.4.0/avr6\libgcc.a(_clear_bss.o)
 .text          0x00000000        0x0 c:/program files (x86)/atmel/studio/7.0/toolchain/avr8/avr8-gnu-toolchain/bin/../lib/gcc/avr/5.4.0/../../../../avr/lib/avr6\libc.a(memcpy.o)
 .data          0x00000000        0x0 c:/program files (x86)/atmel/studio/7.0/toolchain/avr8/avr8-gnu-toolchain/bin/../lib/gcc/avr/5.4.0/../../../../avr/lib/avr6\libc.a(memcpy.o)
 .bss           0x00000000        0x0 c:/program files (x86)/atmel/studio/7.0/toolchain/avr8/avr8-gnu-toolchain/bin/../lib/gcc/avr/5.4.0/../../../../avr/lib/avr6\libc.a(memcpy.o)
 .text          0x00000000        0x0 c:/program files (x86)/atmel/studio/7.0/toolchain/avr8/avr8-gnu-toolchain/bin/../lib/gcc/avr/5.4.0/../../../../avr/lib/avr6\libc.a(sprintf.o)
 .data          0x00000000        0x0 c:/program files (x86)/atmel/studio/7.0/toolchain/avr8/avr8-gnu-toolchain/bin/../lib/gcc/avr/5.4.0/../../../../avr/lib/avr6\libc.a(sprintf.o)
 .bss           0x00000000        0x0 c:/program files (x86)/atmel/studio/7.0/toolchain/avr8/avr8-gnu-toolchain/bin/../lib/gcc/avr/5.4.0/../../../../avr/lib/avr6\libc.a(sprintf.o)
 .text.avr-libc
                0x00000000       0x5e c:/program files (x86)/atmel/studio/7.0/toolchain/avr8/avr8-gnu-toolchain/bin/../lib/gcc/avr/5.4.0/../../../../avr/lib/avr6\libc.a(sprintf.o)
 .comment       0x00000000       0x31 c:/program files (x86)/atmel/studio/7.0/toolchain/avr8/avr8-gnu-toolchain/bin/../lib/gcc/avr/5.4.0/../../../../avr/lib/avr6\libc.a(sprintf.o)
 .text          0x00000000        0x0 c:/program files (x86)/atmel/studio/7.0/toolchain/avr8/avr8-gnu-toolchain/bin/../lib/gcc/avr/5.4.0/../../../../avr/lib/avr6\libc.a(vfprintf_std.o)
 .data          0x00000000        0x0 c:/program files (x86)/atmel/studio/7.0/toolchain/avr8/avr8-gnu-toolchain/bin/../lib/gcc/avr/5.4.0/../../../../avr/lib/avr6\libc.a(vfprintf_std.o)
 .bss           0x00000000        0x0 c:/program files (x86)/atmel/studio/7.0/toolchain/avr8/avr8-gnu-toolchain/bin/../lib/gcc/avr/5.4.0/../../../../avr/lib/avr6\libc.a(vfprintf_std.o)
 .text.avr-libc
                0x00000000      0x414 c:/program files (x86)/atmel/studio/7.0/toolchain/avr8/avr8-gnu-toolchain/bin/../lib/gcc/avr/5.4.0/../../../../avr/lib/avr6\libc.a(vfprintf_std.o)
 .comment       0x00000000       0x2d c:/program files (x86)/atmel/studio/7.0/toolchain/avr8/avr8-gnu-toolchain/bin/../lib/gcc/avr/5.4.0/../../../../avr/lib/avr6\libc.a(vfprintf_std.o)
 .text          0x00000000        0x0 c:/program files (x86)/atmel/studio/7.0/toolchain/avr8/avr8-gnu-toolchain/bin/../lib/gcc/avr/5.4.0/../../../../avr/lib/avr6\libc.a(strnlen_P.o)
 .data          0x00000000        0x0 c:/program files (x86)/atmel/studio/7.0/toolchain/avr8/avr8-gnu-toolchain/bin/../lib/gcc/avr/5.4.0/../../../../avr/lib/avr6\libc.a(strnlen_P.o)
 .bss           0x00000000        0x0 c:/program files (x86)/atmel/studio/7.0/toolchain/avr8/avr8-gnu-toolchain/bin/../lib/gcc/avr/5.4.0/../../../../avr/lib/avr6\libc.a(strnlen_P.o)
 .text.avr-libc
                0x00000000       0x16 c:/program files (x86)/atmel/studio/7.0/toolchain/avr8/avr8-gnu-toolchain/bin/../lib/gcc/avr/5.4.0/../../../../avr/lib/avr6\libc.a(strnlen_P.o)
 .text          0x00000000        0x0 c:/program files (x86)/atmel/studio/7.0/toolchain/avr8/avr8-gnu-toolchain/bin/../lib/gcc/avr/5.4.0/../../../../avr/lib/avr6\libc.a(strnlen.o)
 .data          0x00000000        0x0 c:/program files (x86)/atmel/studio/7.0/toolchain/avr8/avr8-gnu-toolchain/bin/../lib/gcc/avr/5.4.0/../../../../avr/lib/avr6\libc.a(strnlen.o)
 .bss           0x00000000        0x0 c:/program files (x86)/atmel/studio/7.0/toolchain/avr8/avr8-gnu-toolchain/bin/../lib/gcc/avr/5.4.0/../../../../avr/lib/avr6\libc.a(strnlen.o)
 .text.avr-libc
                0x00000000       0x16 c:/program files (x86)/atmel/studio/7.0/toolchain/avr8/avr8-gnu-toolchain/bin/../lib/gcc/avr/5.4.0/../../../../avr/lib/avr6\libc.a(strnlen.o)
 .text          0x00000000        0x0 c:/program files (x86)/atmel/studio/7.0/toolchain/avr8/avr8-gnu-toolchain/bin/../lib/gcc/avr/5.4.0/../../../../avr/lib/avr6\libc.a(fputc.o)
 .data          0x00000000        0x0 c:/program files (x86)/atmel/studio/7.0/toolchain/avr8/avr8-gnu-toolchain/bin/../lib/gcc/avr/5.4.0/../../../../avr/lib/avr6\libc.a(fputc.o)
 .bss           0x00000000        0x0 c:/program files (x86)/atmel/studio/7.0/toolchain/avr8/avr8-gnu-toolchain/bin/../lib/gcc/avr/5.4.0/../../../../avr/lib/avr6\libc.a(fputc.o)
 .text.avr-libc
                0x00000000       0x78 c:/program files (x86)/atmel/studio/7.0/toolchain/avr8/avr8-gnu-toolchain/bin/../lib/gcc/avr/5.4.0/../../../../avr/lib/avr6\libc.a(fputc.o)
 .comment       0x00000000       0x31 c:/program files (x86)/atmel/studio/7.0/toolchain/avr8/avr8-gnu-toolchain/bin/../lib/gcc/avr/5.4.0/../../../../avr/lib/avr6\libc.a(fputc.o)
 .text          0x00000000        0x0 c:/program files (x86)/atmel/studio/7.0/toolchain/avr8/avr8-gnu-toolchain/bin/../lib/gcc/avr/5.4.0/../../../../avr/lib/avr6\libc.a(ultoa_invert.o)
 .data          0x00000000        0x0 c:/program files (x86)/atmel/studio/7.0/toolchain/avr8/avr8-gnu-toolchain/bin/../lib/gcc/avr/5.4.0/../../../../avr/lib/avr6\libc.a(ultoa_invert.o)
 .bss           0x00000000        0x0 c:/program files (x86)/atmel/studio/7.0/toolchain/avr8/avr8-gnu-toolchain/bin/../lib/gcc/avr/5.4.0/../../../../avr/lib/avr6\libc.a(ultoa_invert.o)
 .text.avr-libc
                0x00000000       0xbc c:/program files (x86)/atmel/studio/7.0/toolchain/avr8/avr8-gnu-toolchain/bin/../lib/gcc/avr/5.4.0/../../../../avr/lib/avr6\libc.a(ultoa_invert.o)

Memory Configuration

Name             Origin             Length             Attributes
text             0x00000000         0x00040000         xr
data             0x00800200         0x00002000         rw !x
eeprom           0x00810000         0x00001000         rw !x
fuse             0x00820000         0x00000003         rw !x
lock             0x00830000         0x00000400         rw !x
signature        0x00840000         0x00000400         rw !x
user_signatures  0x00850000         0x00000400         rw !x
*default*        0x00000000         0xffffffff

Linker script and memory map

Address of section .data set to 0x800200
LOAD C:/Program Files (x86)/Atmel/Studio/7.0/Packs/atmel/ATmega_DFP/1.7.374/gcc/dev/atmega2560/avr6/crtatmega2560.o
LOAD FreeRTOS/Source/list.o
LOAD FreeRTOS/Source/portable/MemMang/heap_4.o
LOAD FreeRTOS/Source/portable/WinAVR/ATmega2560/port.o
LOAD FreeRTOS/Source/queue.o
LOAD FreeRTOS/Source/tasks.o
LOAD FreeRTOS/Source/timers.o
LOAD main.o
LOAD project/src/spi.o
LOAD project/src/states.o
LOAD project/src/tasks.o
LOAD project/src/telemetry.o
LOAD project/src/uart.o
LOAD project/src/w25qxx.o
START GROUP
LOAD c:/program files (x86)/atmel/studio/7.0/toolchain/avr8/avr8-gnu-toolchain/bin/../lib/gcc/avr/5.4.0/../../../../avr/lib/avr6\libm.a
END GROUP
START GROUP
LOAD c:/program files (x86)/atmel/studio/7.0/toolchain/avr8/avr8-gnu-toolchain/bin/../lib/gcc/avr/5.4.0/avr6\libgcc.a
LOAD c:/program files (x86)/atmel/studio/7.0/toolchain/avr8/avr8-gnu-toolchain/bin/../lib/gcc/avr/5.4.0/../../../../avr/lib/avr6\libm.a
LOAD c:/program files (x86)/atmel/studio/7.0/toolchain/avr8/avr8-gnu-toolchain/bin/../lib/gcc/avr/5.4.0/../../../../avr/lib/avr6\libc.a
LOAD C:/Program Files (x86)/Atmel/Studio/7.0/Packs/atmel/ATmega_DFP/1.7.374/gcc/dev/atmega2560/avr6\libatmega2560.a
END GROUP
                0x00000000                __TEXT_REGION_ORIGIN__ = DEFINED (__TEXT_REGION_ORIGIN__)?__TEXT_REGION_ORIGIN__:0x0
                [0x00800200]                __DATA_REGION_ORIGIN__ = DEFINED (__DATA_REGION_ORIGIN__)?__DATA_REGION_ORIGIN__:0x800200
                [0x00040000]                __TEXT_REGION_LENGTH__ = DEFINED (__TEXT_REGION_LENGTH__)?__TEXT_REGION_LENGTH__:0x100000
                [0x00002000]                __DATA_REGION_LENGTH__ = DEFINED (__DATA_REGION_LENGTH__)?__DATA_REGION_LENGTH__:0xfe00
                [0x00001000]                __EEPROM_REGION_LENGTH__ = DEFINED (__EEPROM_REGION_LENGTH__)?__EEPROM_REGION_LENGTH__:0x10000
                [0x00000003]                __FUSE_REGION_LENGTH__ = DEFINED (__FUSE_REGION_LENGTH__)?__FUSE_REGION_LENGTH__:0x400
                0x00000400                __LOCK_REGION_LENGTH__ = DEFINED (__LOCK_REGION_LENGTH__)?__LOCK_REGION_LENGTH__:0x400
                0x00000400                __SIGNATURE_REGION_LENGTH__ = DEFINED (__SIGNATURE_REGION_LENGTH__)?__SIGNATURE_REGION_LENGTH__:0x400
                0x00000400                __USER_SIGNATURE_REGION_LENGTH__ = DEFINED (__USER_SIGNATURE_REGION_LENGTH__)?__USER_SIGNATURE_REGION_LENGTH__:0x400

.hash
 *(.hash)

.dynsym
 *(.dynsym)

.dynstr
 *(.dynstr)

.gnu.version
 *(.gnu.version)

.gnu.version_d
 *(.gnu.version_d)

.gnu.version_r
 *(.gnu.version_r)

.rel.init
 *(.rel.init)

.rela.init
 *(.rela.init)

.rel.text
 *(.rel.text)
 *(.rel.text.*)
 *(.rel.gnu.linkonce.t*)

.rela.text
 *(.rela.text)
 *(.rela.text.*)
 *(.rela.gnu.linkonce.t*)

.rel.fini
 *(.rel.fini)

.rela.fini
 *(.rela.fini)

.rel.rodata
 *(.rel.rodata)
 *(.rel.rodata.*)
 *(.rel.gnu.linkonce.r*)

.rela.rodata
 *(.rela.rodata)
 *(.rela.rodata.*)
 *(.rela.gnu.linkonce.r*)

.rel.data
 *(.rel.data)
 *(.rel.data.*)
 *(.rel.gnu.linkonce.d*)

.rela.data
 *(.rela.data)
 *(.rela.data.*)
 *(.rela.gnu.linkonce.d*)

.rel.ctors
 *(.rel.ctors)

.rela.ctors
 *(.rela.ctors)

.rel.dtors
 *(.rel.dtors)

.rela.dtors
 *(.rela.dtors)

.rel.got
 *(.rel.got)

.rela.got
 *(.rela.got)

.rel.bss
 *(.rel.bss)

.rela.bss
 *(.rela.bss)

.rel.plt
 *(.rel.plt)

.rela.plt
 *(.rela.plt)

.text           0x00000000     0x1cc4
 *(.vectors)
 .vectors       0x00000000       0xe4 C:/Program Files (x86)/Atmel/Studio/7.0/Packs/atmel/ATmega_DFP/1.7.374/gcc/dev/atmega2560/avr6/crtatmega2560.o
                0x00000000                __vector_default
                0x00000000                __vectors
 *(.vectors)
 *(.progmem.gcc*)
                0x000000e4                . = ALIGN (0x2)
                0x000000e4                __trampolines_start = .
 *(.trampolines)
 .trampolines   0x000000e4        0x0 linker stubs
 *(.trampolines*)
                0x000000e4                __trampolines_end = .
 *libprintf_flt.a:*(.progmem.data)
 *libc.a:*(.progmem.data)
 *(.progmem*)
                0x000000e4                . = ALIGN (0x2)
 *(.jumptables)
 *(.jumptables*)
 *(.lowtext)
 *(.lowtext*)
                0x000000e4                __ctors_start = .
 *(.ctors)
                0x000000e4                __ctors_end = .
                0x000000e4                __dtors_start = .
 *(.dtors)
                0x000000e4                __dtors_end = .
 SORT(*)(.ctors)
 SORT(*)(.dtors)
 *(.init0)
 .init0         0x000000e4        0x0 C:/Program Files (x86)/Atmel/Studio/7.0/Packs/atmel/ATmega_DFP/1.7.374/gcc/dev/atmega2560/avr6/crtatmega2560.o
                0x000000e4                __init
 *(.init0)
 *(.init1)
 *(.init1)
 *(.init2)
 .init2         0x000000e4       0x10 C:/Program Files (x86)/Atmel/Studio/7.0/Packs/atmel/ATmega_DFP/1.7.374/gcc/dev/atmega2560/avr6/crtatmega2560.o
 *(.init2)
 *(.init3)
 *(.init3)
 *(.init4)
 .init4         0x000000f4       0x1a c:/program files (x86)/atmel/studio/7.0/toolchain/avr8/avr8-gnu-toolchain/bin/../lib/gcc/avr/5.4.0/avr6\libgcc.a(_copy_data.o)
                0x000000f4                __do_copy_data
 .init4         0x0000010e       0x10 c:/program files (x86)/atmel/studio/7.0/toolchain/avr8/avr8-gnu-toolchain/bin/../lib/gcc/avr/5.4.0/avr6\libgcc.a(_clear_bss.o)
                0x0000010e                __do_clear_bss
 *(.init4)
 *(.init5)
 *(.init5)
 *(.init6)
 *(.init6)
 *(.init7)
 *(.init7)
 *(.init8)
 *(.init8)
 *(.init9)
 .init9         0x0000011e        0x8 C:/Program Files (x86)/Atmel/Studio/7.0/Packs/atmel/ATmega_DFP/1.7.374/gcc/dev/atmega2560/avr6/crtatmega2560.o
 *(.init9)
 *(.text)
 .text          0x00000126        0x2 C:/Program Files (x86)/Atmel/Studio/7.0/Packs/atmel/ATmega_DFP/1.7.374/gcc/dev/atmega2560/avr6/crtatmega2560.o
                0x00000126                __vector_38
                0x00000126                __vector_22
                0x00000126                __vector_28
                0x00000126                __vector_1
                0x00000126                __vector_32
                0x00000126                __vector_34
                0x00000126                __vector_24
                0x00000126                __vector_12
                0x00000126                __vector_55
                0x00000126                __vector_46
                0x00000126                __bad_interrupt
                0x00000126                __vector_6
                0x00000126                __vector_31
                0x00000126                __vector_35
                0x00000126                __vector_39
                0x00000126                __vector_3
                0x00000126                __vector_23
                0x00000126                __vector_30
                0x00000126                __vector_45
                0x00000126                __vector_25
                0x00000126                __vector_11
                0x00000126                __vector_54
                0x00000126                __vector_13
                0x00000126                __vector_19
                0x00000126                __vector_56
                0x00000126                __vector_7
                0x00000126                __vector_49
                0x00000126                __vector_41
                0x00000126                __vector_43
                0x00000126                __vector_27
                0x00000126                __vector_5
                0x00000126                __vector_33
                0x00000126                __vector_47
                0x00000126                __vector_52
                0x00000126                __vector_37
                0x00000126                __vector_4
                0x00000126                __vector_44
                0x00000126                __vector_51
                0x00000126                __vector_9
                0x00000126                __vector_2
                0x00000126                __vector_21
                0x00000126                __vector_15
                0x00000126                __vector_29
                0x00000126                __vector_40
                0x00000126                __vector_8
                0x00000126                __vector_26
                0x00000126                __vector_48
                0x00000126                __vector_14
                0x00000126                __vector_53
                0x00000126                __vector_10
                0x00000126                __vector_50
                0x00000126                __vector_16
                0x00000126                __vector_18
                0x00000126                __vector_20
                0x00000126                __vector_42
                0x00000128                . = ALIGN (0x2)
 *(.text.*)
 .text.vListInitialise
                0x00000128       0x22 FreeRTOS/Source/list.o
                0x00000128                vListInitialise
 .text.vListInitialiseItem
                0x0000014a        0x8 FreeRTOS/Source/list.o
                0x0000014a                vListInitialiseItem
 .text.vListInsertEnd
                0x00000152       0x42 FreeRTOS/Source/list.o
                0x00000152                vListInsertEnd
 .text.vListInsert
                0x00000194       0x7a FreeRTOS/Source/list.o
                0x00000194                vListInsert
 .text.uxListRemove
                0x0000020e       0x4c FreeRTOS/Source/list.o
                0x0000020e                uxListRemove
 .text.prvHeapInit
                0x0000025a       0x6e FreeRTOS/Source/portable/MemMang/heap_4.o
 .text.prvInsertBlockIntoFreeList
                0x000002c8       0x94 FreeRTOS/Source/portable/MemMang/heap_4.o
 .text.pvPortMalloc
                0x0000035c      0x124 FreeRTOS/Source/portable/MemMang/heap_4.o
                0x0000035c                pvPortMalloc
 .text.vPortFree
                0x00000480       0x64 FreeRTOS/Source/portable/MemMang/heap_4.o
                0x00000480                vPortFree
 .text.prvSetupTimerInterrupt
                0x000004e4       0x20 FreeRTOS/Source/portable/WinAVR/ATmega2560/port.o
 .text.pxPortInitialiseStack
                0x00000504       0xe4 FreeRTOS/Source/portable/WinAVR/ATmega2560/port.o
                0x00000504                pxPortInitialiseStack
 .text.xPortStartScheduler
                0x000005e8       0x64 FreeRTOS/Source/portable/WinAVR/ATmega2560/port.o
                0x000005e8                xPortStartScheduler
 .text.vPortYield
                0x0000064c       0xc0 FreeRTOS/Source/portable/WinAVR/ATmega2560/port.o
                0x0000064c                vPortYield
 .text.vPortYieldFromTick
                0x0000070c       0xc4 FreeRTOS/Source/portable/WinAVR/ATmega2560/port.o
                0x0000070c                vPortYieldFromTick
 .text.__vector_17
                0x000007d0        0x4 FreeRTOS/Source/portable/WinAVR/ATmega2560/port.o
                0x000007d0                __vector_17
 .text.prvIsQueueEmpty
                0x000007d4       0x1a FreeRTOS/Source/queue.o
 .text.prvIsQueueFull
                0x000007ee       0x1c FreeRTOS/Source/queue.o
 .text.prvCopyDataToQueue
                0x0000080a       0xbc FreeRTOS/Source/queue.o
 .text.prvCopyDataFromQueue
                0x000008c6       0x34 FreeRTOS/Source/queue.o
 .text.prvUnlockQueue
                0x000008fa       0x60 FreeRTOS/Source/queue.o
 .text.xQueueGenericReset
                0x0000095a       0x84 FreeRTOS/Source/queue.o
                0x0000095a                xQueueGenericReset
 .text.prvInitialiseNewQueue
                0x000009de       0x24 FreeRTOS/Source/queue.o
 .text.xQueueGenericCreate
                0x00000a02       0x50 FreeRTOS/Source/queue.o
                0x00000a02                xQueueGenericCreate
 .text.xQueueGenericSend
                0x00000a52      0x116 FreeRTOS/Source/queue.o
                0x00000a52                xQueueGenericSend
 .text.prvInitialiseMutex
                0x00000b68       0x24 FreeRTOS/Source/queue.o
 .text.xQueueCreateMutex
                0x00000b8c       0x18 FreeRTOS/Source/queue.o
                0x00000b8c                xQueueCreateMutex
 .text.xQueueGenericSendFromISR
                0x00000ba4       0x70 FreeRTOS/Source/queue.o
                0x00000ba4                xQueueGenericSendFromISR
 .text.xQueueGenericReceive
                0x00000c14      0x170 FreeRTOS/Source/queue.o
                0x00000c14                xQueueGenericReceive
 .text.prvResetNextTaskUnblockTime
                0x00000d84       0x54 FreeRTOS/Source/tasks.o
 .text.prvDeleteTCB
                0x00000dd8       0x16 FreeRTOS/Source/tasks.o
 .text.prvInitialiseNewTask
                0x00000dee       0xdc FreeRTOS/Source/tasks.o
 .text.prvInitialiseTaskLists
                0x00000eca       0x54 FreeRTOS/Source/tasks.o
 .text.prvAddNewTaskToReadyList
                0x00000f1e       0xa6 FreeRTOS/Source/tasks.o
 .text.prvAddCurrentTaskToDelayedList
                0x00000fc4       0xe6 FreeRTOS/Source/tasks.o
 .text.xTaskCreate
                0x000010aa       0x9e FreeRTOS/Source/tasks.o
                0x000010aa                xTaskCreate
 .text.vTaskStartScheduler
                0x00001148       0x62 FreeRTOS/Source/tasks.o
                0x00001148                vTaskStartScheduler
 .text.vTaskSuspendAll
                0x000011aa        0xc FreeRTOS/Source/tasks.o
                0x000011aa                vTaskSuspendAll
 .text.xTaskIncrementTick
                0x000011b6      0x19e FreeRTOS/Source/tasks.o
                0x000011b6                xTaskIncrementTick
 .text.xTaskResumeAll
                0x00001354       0xd2 FreeRTOS/Source/tasks.o
                0x00001354                xTaskResumeAll
 .text.vTaskDelay
                0x00001426       0x34 FreeRTOS/Source/tasks.o
                0x00001426                vTaskDelay
 .text.prvCheckTasksWaitingTermination
                0x0000145a       0x56 FreeRTOS/Source/tasks.o
 .text.prvIdleTask
                0x000014b0        0xe FreeRTOS/Source/tasks.o
 .text.vTaskSwitchContext
                0x000014be       0x94 FreeRTOS/Source/tasks.o
                0x000014be                vTaskSwitchContext
 .text.vTaskPlaceOnEventList
                0x00001552       0x2e FreeRTOS/Source/tasks.o
                0x00001552                vTaskPlaceOnEventList
 .text.xTaskRemoveFromEventList
                0x00001580       0x84 FreeRTOS/Source/tasks.o
                0x00001580                xTaskRemoveFromEventList
 .text.vTaskSetTimeOutState
                0x00001604       0x22 FreeRTOS/Source/tasks.o
                0x00001604                vTaskSetTimeOutState
 .text.xTaskCheckForTimeOut
                0x00001626       0xcc FreeRTOS/Source/tasks.o
                0x00001626                xTaskCheckForTimeOut
 .text.vTaskMissedYield
                0x000016f2        0x8 FreeRTOS/Source/tasks.o
                0x000016f2                vTaskMissedYield
 .text.vTaskPriorityInherit
                0x000016fa       0xbc FreeRTOS/Source/tasks.o
                0x000016fa                vTaskPriorityInherit
 .text.xTaskPriorityDisinherit
                0x000017b6       0x80 FreeRTOS/Source/tasks.o
                0x000017b6                xTaskPriorityDisinherit
 .text.pvTaskIncrementMutexHeldCount
                0x00001836       0x24 FreeRTOS/Source/tasks.o
                0x00001836                pvTaskIncrementMutexHeldCount
 .text.main     0x0000185a       0x98 main.o
                0x0000185a                main
 .text.SPI_init
                0x000018f2       0x10 project/src/spi.o
                0x000018f2                SPI_init
 .text.ascent_handler
                0x00001902        0xe project/src/states.o
                0x00001902                ascent_handler
 .text.state_manager
                0x00001910       0x44 project/src/states.o
                0x00001910                state_manager
 .text.simulated_data_reading
                0x00001954       0x80 project/src/tasks.o
                0x00001954                simulated_data_reading
 .text.checksum_calculator
                0x000019d4       0x3c project/src/telemetry.o
                0x000019d4                checksum_calculator
 .text.send_to_ground
                0x00001a10       0x88 project/src/telemetry.o
                0x00001a10                send_to_ground
 .text.receive_from_ground
                0x00001a98       0x82 project/src/telemetry.o
                0x00001a98                receive_from_ground
 .text.UART_init
                0x00001b1a       0x28 project/src/uart.o
                0x00001b1a                UART_init
 .text.UART0_tx
                0x00001b42        0xe project/src/uart.o
                0x00001b42                UART0_tx
 .text.UART1_tx
                0x00001b50        0xe project/src/uart.o
                0x00001b50                UART1_tx
 .text.print    0x00001b5e       0x18 project/src/uart.o
                0x00001b5e                print
 .text.UART1_send_bytes
                0x00001b76       0x26 project/src/uart.o
                0x00001b76                UART1_send_bytes
 .text.UART1_receive_bytes
                0x00001b9c       0x88 project/src/uart.o
                0x00001b9c                UART1_receive_bytes
 .text.__vector_36
                0x00001c24       0x8a project/src/uart.o
                0x00001c24                __vector_36
 .text.avr-libc
                0x00001cae       0x12 c:/program files (x86)/atmel/studio/7.0/toolchain/avr8/avr8-gnu-toolchain/bin/../lib/gcc/avr/5.4.0/../../../../avr/lib/avr6\libc.a(memcpy.o)
                0x00001cae                memcpy
                0x00001cc0                . = ALIGN (0x2)
 *(.fini9)
 .fini9         0x00001cc0        0x0 c:/program files (x86)/atmel/studio/7.0/toolchain/avr8/avr8-gnu-toolchain/bin/../lib/gcc/avr/5.4.0/avr6\libgcc.a(_exit.o)
                0x00001cc0                _exit
                0x00001cc0                exit
 *(.fini9)
 *(.fini8)
 *(.fini8)
 *(.fini7)
 *(.fini7)
 *(.fini6)
 *(.fini6)
 *(.fini5)
 *(.fini5)
 *(.fini4)
 *(.fini4)
 *(.fini3)
 *(.fini3)
 *(.fini2)
 *(.fini2)
 *(.fini1)
 *(.fini1)
 *(.fini0)
 .fini0         0x00001cc0        0x4 c:/program files (x86)/atmel/studio/7.0/toolchain/avr8/avr8-gnu-toolchain/bin/../lib/gcc/avr/5.4.0/avr6\libgcc.a(_exit.o)
 *(.fini0)
                0x00001cc4                _etext = .

.data           0x00800200       0xd0 load address 0x00001cc4
                0x00800200                PROVIDE (__data_start, .)
 *(.data)
 *(.data*)
 .data.functionTable
                0x00800200        0x2 project/src/states.o
                0x00800200                functionTable
 *(.gnu.linkonce.d*)
 *(.rodata)
 *(.rodata*)
 .rodata.str1.1
                0x00800202        0x5 FreeRTOS/Source/tasks.o
 .rodata.str1.1
                0x00800207       0xa6 main.o
 .rodata.str1.1
                0x008002ad        0xa project/src/states.o
 .rodata.str1.1
                0x008002b7       0x18 project/src/telemetry.o
 *(.gnu.linkonce.r*)
                0x008002d0                . = ALIGN (0x2)
 *fill*         0x008002cf        0x1 
                0x008002d0                _edata = .
                0x008002d0                PROVIDE (__data_end, .)

.bss            0x008002d0     0x1816
                0x008002d0                PROVIDE (__bss_start, .)
 *(.bss)
 *(.bss*)
 .bss.xBlockAllocatedBit
                0x008002d0        0x2 FreeRTOS/Source/portable/MemMang/heap_4.o
 .bss.xMinimumEverFreeBytesRemaining
                0x008002d2        0x2 FreeRTOS/Source/portable/MemMang/heap_4.o
 .bss.xFreeBytesRemaining
                0x008002d4        0x2 FreeRTOS/Source/portable/MemMang/heap_4.o
 .bss.pxEnd     0x008002d6        0x2 FreeRTOS/Source/portable/MemMang/heap_4.o
 .bss.xStart    0x008002d8        0x4 FreeRTOS/Source/portable/MemMang/heap_4.o
 .bss.ucHeap    0x008002dc     0x1770 FreeRTOS/Source/portable/MemMang/heap_4.o
 .bss.uxSchedulerSuspended
                0x00801a4c        0x1 FreeRTOS/Source/tasks.o
 .bss.xIdleTaskHandle
                0x00801a4d        0x2 FreeRTOS/Source/tasks.o
 .bss.xNextTaskUnblockTime
                0x00801a4f        0x4 FreeRTOS/Source/tasks.o
 .bss.uxTaskNumber
                0x00801a53        0x1 FreeRTOS/Source/tasks.o
 .bss.xNumOfOverflows
                0x00801a54        0x1 FreeRTOS/Source/tasks.o
 .bss.xYieldPending
                0x00801a55        0x1 FreeRTOS/Source/tasks.o
 .bss.uxPendedTicks
                0x00801a56        0x1 FreeRTOS/Source/tasks.o
 .bss.xSchedulerRunning
                0x00801a57        0x1 FreeRTOS/Source/tasks.o
 .bss.uxTopReadyPriority
                0x00801a58        0x1 FreeRTOS/Source/tasks.o
 .bss.xTickCount
                0x00801a59        0x4 FreeRTOS/Source/tasks.o
 .bss.uxCurrentNumberOfTasks
                0x00801a5d        0x1 FreeRTOS/Source/tasks.o
 .bss.xSuspendedTaskList
                0x00801a5e        0xb FreeRTOS/Source/tasks.o
 .bss.uxDeletedTasksWaitingCleanUp
                0x00801a69        0x1 FreeRTOS/Source/tasks.o
 .bss.xTasksWaitingTermination
                0x00801a6a        0xb FreeRTOS/Source/tasks.o
 .bss.xPendingReadyList
                0x00801a75        0xb FreeRTOS/Source/tasks.o
 .bss.pxOverflowDelayedTaskList
                0x00801a80        0x2 FreeRTOS/Source/tasks.o
 .bss.pxDelayedTaskList
                0x00801a82        0x2 FreeRTOS/Source/tasks.o
 .bss.xDelayedTaskList2
                0x00801a84        0xb FreeRTOS/Source/tasks.o
 .bss.xDelayedTaskList1
                0x00801a8f        0xb FreeRTOS/Source/tasks.o
 .bss.pxReadyTasksLists
                0x00801a9a       0x37 FreeRTOS/Source/tasks.o
 .bss.pxCurrentTCB
                0x00801ad1        0x2 FreeRTOS/Source/tasks.o
                0x00801ad1                pxCurrentTCB
 *(COMMON)
 COMMON         0x00801ad3        0xf project/src/states.o
                0x00801ad3                stateMutex
                0x00801ad5                universal_telemetry
                0x00801ae0                events_queue
 COMMON         0x00801ae2        0x2 project/src/tasks.o
                0x00801ae2                simulated_pressure_queue
 COMMON         0x00801ae4        0x2 project/src/uart.o
                0x00801ae4                uart1_rx_queue
                0x00801ae6                PROVIDE (__bss_end, .)
                0x00001cc4                __data_load_start = LOADADDR (.data)
                0x00001d94                __data_load_end = (__data_load_start + SIZEOF (.data))

.noinit         0x00801ae6        0x0
                [!provide]                PROVIDE (__noinit_start, .)
 *(.noinit*)
                [!provide]                PROVIDE (__noinit_end, .)
                0x00801ae6                _end = .
                [!provide]                PROVIDE (__heap_start, .)

.eeprom         0x00810000        0x0
 *(.eeprom*)
                0x00810000                __eeprom_end = .

.fuse
 *(.fuse)
 *(.lfuse)
 *(.hfuse)
 *(.efuse)

.lock
 *(.lock*)

.signature
 *(.signature*)

.user_signatures
 *(.user_signatures*)

.stab
 *(.stab)

.stabstr
 *(.stabstr)

.stab.excl
 *(.stab.excl)

.stab.exclstr
 *(.stab.exclstr)

.stab.index
 *(.stab.index)

.stab.indexstr
 *(.stab.indexstr)

.comment        0x00000000       0x30
 *(.comment)
 .comment       0x00000000       0x30 FreeRTOS/Source/list.o
                                 0x31 (size before relaxing)
 .comment       0x00000030       0x31 FreeRTOS/Source/portable/MemMang/heap_4.o
 .comment       0x00000030       0x31 FreeRTOS/Source/portable/WinAVR/ATmega2560/port.o
 .comment       0x00000030       0x31 FreeRTOS/Source/queue.o
 .comment       0x00000030       0x31 FreeRTOS/Source/tasks.o
 .comment       0x00000030       0x31 main.o
 .comment       0x00000030       0x31 project/src/spi.o
 .comment       0x00000030       0x31 project/src/states.o
 .comment       0x00000030       0x31 project/src/tasks.o
 .comment       0x00000030       0x31 project/src/telemetry.o
 .comment       0x00000030       0x31 project/src/uart.o

.note.gnu.avr.deviceinfo
                0x00000000       0x40
 .note.gnu.avr.deviceinfo
                0x00000000       0x40 C:/Program Files (x86)/Atmel/Studio/7.0/Packs/atmel/ATmega_DFP/1.7.374/gcc/dev/atmega2560/avr6/crtatmega2560.o

.note.gnu.build-id
 *(.note.gnu.build-id)

.debug
 *(.debug)

.line
 *(.line)

.debug_srcinfo
 *(.debug_srcinfo)

.debug_sfnames
 *(.debug_sfnames)

.debug_aranges  0x00000000      0x4b8
 *(.debug_aranges)
 .debug_aranges
                0x00000000       0x40 FreeRTOS/Source/list.o
 .debug_aranges
                0x00000040       0x50 FreeRTOS/Source/portable/MemMang/heap_4.o
 .debug_aranges
                0x00000090       0x50 FreeRTOS/Source/portable/WinAVR/ATmega2560/port.o
 .debug_aranges
                0x000000e0      0x100 FreeRTOS/Source/queue.o
 .debug_aranges
                0x000001e0      0x190 FreeRTOS/Source/tasks.o
 .debug_aranges
                0x00000370       0x20 main.o
 .debug_aranges
                0x00000390       0x38 project/src/spi.o
 .debug_aranges
                0x000003c8       0x28 project/src/states.o
 .debug_aranges
                0x000003f0       0x28 project/src/tasks.o
 .debug_aranges
                0x00000418       0x30 project/src/telemetry.o
 .debug_aranges
                0x00000448       0x70 project/src/uart.o

.debug_pubnames
 *(.debug_pubnames)

.debug_info     0x00000000     0x5ad6
 *(.debug_info .gnu.linkonce.wi.*)
 .debug_info    0x00000000      0xbbc C:/Program Files (x86)/Atmel/Studio/7.0/Packs/atmel/ATmega_DFP/1.7.374/gcc/dev/atmega2560/avr6/crtatmega2560.o
 .debug_info    0x00000bbc      0x2ca FreeRTOS/Source/list.o
 .debug_info    0x00000e86      0x38b FreeRTOS/Source/portable/MemMang/heap_4.o
 .debug_info    0x00001211      0x243 FreeRTOS/Source/portable/WinAVR/ATmega2560/port.o
 .debug_info    0x00001454     0x1628 FreeRTOS/Source/queue.o
 .debug_info    0x00002a7c     0x1d9f FreeRTOS/Source/tasks.o
 .debug_info    0x0000481b      0x331 main.o
 .debug_info    0x00004b4c       0xfd project/src/spi.o
 .debug_info    0x00004c49      0x2ba project/src/states.o
 .debug_info    0x00004f03      0x2ee project/src/tasks.o
 .debug_info    0x000051f1      0x545 project/src/telemetry.o
 .debug_info    0x00005736      0x3a0 project/src/uart.o

.debug_abbrev   0x00000000     0x1abc
 *(.debug_abbrev)
 .debug_abbrev  0x00000000      0xb1a C:/Program Files (x86)/Atmel/Studio/7.0/Packs/atmel/ATmega_DFP/1.7.374/gcc/dev/atmega2560/avr6/crtatmega2560.o
 .debug_abbrev  0x00000b1a       0xf8 FreeRTOS/Source/list.o
 .debug_abbrev  0x00000c12      0x1cc FreeRTOS/Source/portable/MemMang/heap_4.o
 .debug_abbrev  0x00000dde      0x143 FreeRTOS/Source/portable/WinAVR/ATmega2560/port.o
 .debug_abbrev  0x00000f21      0x211 FreeRTOS/Source/queue.o
 .debug_abbrev  0x00001132      0x2bf FreeRTOS/Source/tasks.o
 .debug_abbrev  0x000013f1       0xd2 main.o
 .debug_abbrev  0x000014c3       0xa3 project/src/spi.o
 .debug_abbrev  0x00001566      0x13a project/src/states.o
 .debug_abbrev  0x000016a0      0x124 project/src/tasks.o
 .debug_abbrev  0x000017c4      0x1a5 project/src/telemetry.o
 .debug_abbrev  0x00001969      0x153 project/src/uart.o

.debug_line     0x00000000     0x3456
 *(.debug_line .debug_line.* .debug_line_end)
 .debug_line    0x00000000      0x1fa C:/Program Files (x86)/Atmel/Studio/7.0/Packs/atmel/ATmega_DFP/1.7.374/gcc/dev/atmega2560/avr6/crtatmega2560.o
 .debug_line    0x000001fa      0x222 FreeRTOS/Source/list.o
 .debug_line    0x0000041c      0x376 FreeRTOS/Source/portable/MemMang/heap_4.o
 .debug_line    0x00000792      0x2f9 FreeRTOS/Source/portable/WinAVR/ATmega2560/port.o
 .debug_line    0x00000a8b      0xba5 FreeRTOS/Source/queue.o
 .debug_line    0x00001630     0x1244 FreeRTOS/Source/tasks.o
 .debug_line    0x00002874      0x15c main.o
 .debug_line    0x000029d0      0x10e project/src/spi.o
 .debug_line    0x00002ade      0x182 project/src/states.o
 .debug_line    0x00002c60      0x1a7 project/src/tasks.o
 .debug_line    0x00002e07      0x2fd project/src/telemetry.o
 .debug_line    0x00003104      0x352 project/src/uart.o

.debug_frame    0x00000000      0xf3c
 *(.debug_frame)
 .debug_frame   0x00000000       0x90 FreeRTOS/Source/list.o
 .debug_frame   0x00000090       0xd0 FreeRTOS/Source/portable/MemMang/heap_4.o
 .debug_frame   0x00000160       0x84 FreeRTOS/Source/portable/WinAVR/ATmega2560/port.o
 .debug_frame   0x000001e4      0x3cc FreeRTOS/Source/queue.o
 .debug_frame   0x000005b0      0x6ac FreeRTOS/Source/tasks.o
 .debug_frame   0x00000c5c       0x24 main.o
 .debug_frame   0x00000c80       0x54 project/src/spi.o
 .debug_frame   0x00000cd4       0x44 project/src/states.o
 .debug_frame   0x00000d18       0x44 project/src/tasks.o
 .debug_frame   0x00000d5c       0x64 project/src/telemetry.o
 .debug_frame   0x00000dc0      0x17c project/src/uart.o

.debug_str      0x00000000     0x1b34
 *(.debug_str)
 .debug_str     0x00000000      0x3e6 C:/Program Files (x86)/Atmel/Studio/7.0/Packs/atmel/ATmega_DFP/1.7.374/gcc/dev/atmega2560/avr6/crtatmega2560.o
 .debug_str     0x000003e6      0x27e FreeRTOS/Source/list.o
                                0x2bd (size before relaxing)
 .debug_str     0x00000664      0x20e FreeRTOS/Source/portable/MemMang/heap_4.o
                                0x382 (size before relaxing)
 .debug_str     0x00000872      0x142 FreeRTOS/Source/portable/WinAVR/ATmega2560/port.o
                                0x2c9 (size before relaxing)
 .debug_str     0x000009b4      0x5e0 FreeRTOS/Source/queue.o
                                0x89c (size before relaxing)
 .debug_str     0x00000f94      0x83e FreeRTOS/Source/tasks.o
                                0xd0a (size before relaxing)
 .debug_str     0x000017d2       0xc4 main.o
                                0x280 (size before relaxing)
 .debug_str     0x00001896       0x42 project/src/spi.o
                                0x1aa (size before relaxing)
 .debug_str     0x000018d8      0x149 project/src/states.o
                                0x340 (size before relaxing)
 .debug_str     0x00001a21       0x27 project/src/tasks.o
                                0x2fc (size before relaxing)
 .debug_str     0x00001a48       0x7c project/src/telemetry.o
                                0x3ca (size before relaxing)
 .debug_str     0x00001ac4       0x70 project/src/uart.o
                                0x2b0 (size before relaxing)

.debug_loc      0x00000000     0x4ea4
 *(.debug_loc)
 .debug_loc     0x00000000      0x17d FreeRTOS/Source/list.o
 .debug_loc     0x0000017d      0x32f FreeRTOS/Source/portable/MemMang/heap_4.o
 .debug_loc     0x000004ac      0x2d3 FreeRTOS/Source/portable/WinAVR/ATmega2560/port.o
 .debug_loc     0x0000077f     0x1d6f FreeRTOS/Source/queue.o
 .debug_loc     0x000024ee     0x22bb FreeRTOS/Source/tasks.o
 .debug_loc     0x000047a9       0x1f project/src/spi.o
 .debug_loc     0x000047c8       0x6e project/src/states.o
 .debug_loc     0x00004836       0x94 project/src/tasks.o
 .debug_loc     0x000048ca      0x193 project/src/telemetry.o
 .debug_loc     0x00004a5d      0x447 project/src/uart.o

.debug_macinfo
 *(.debug_macinfo)

.debug_weaknames
 *(.debug_weaknames)

.debug_funcnames
 *(.debug_funcnames)

.debug_typenames
 *(.debug_typenames)

.debug_varnames
 *(.debug_varnames)

.debug_pubtypes
 *(.debug_pubtypes)

.debug_ranges   0x00000000      0x4a8
 *(.debug_ranges)
 .debug_ranges  0x00000000       0x30 FreeRTOS/Source/list.o
 .debug_ranges  0x00000030       0x40 FreeRTOS/Source/portable/MemMang/heap_4.o
 .debug_ranges  0x00000070       0x40 FreeRTOS/Source/portable/WinAVR/ATmega2560/port.o
 .debug_ranges  0x000000b0      0x138 FreeRTOS/Source/queue.o
 .debug_ranges  0x000001e8      0x1c0 FreeRTOS/Source/tasks.o
 .debug_ranges  0x000003a8       0x10 main.o
 .debug_ranges  0x000003b8       0x28 project/src/spi.o
 .debug_ranges  0x000003e0       0x18 project/src/states.o
 .debug_ranges  0x000003f8       0x18 project/src/tasks.o
 .debug_ranges  0x00000410       0x38 project/src/telemetry.o
 .debug_ranges  0x00000448       0x60 project/src/uart.o

.debug_macro
 *(.debug_macro)
OUTPUT(obc.elf elf32-avr)
LOAD linker stubs
