Archive member included to satisfy reference by file (symbol)

c:/program files (x86)/atmel/studio/7.0/toolchain/avr8/avr8-gnu-toolchain/bin/../lib/gcc/avr/5.4.0/../../../../avr/lib/avr6\libm.a(addsf3.o)
                              project/src/BMP390.o (__subsf3)
c:/program files (x86)/atmel/studio/7.0/toolchain/avr8/avr8-gnu-toolchain/bin/../lib/gcc/avr/5.4.0/../../../../avr/lib/avr6\libm.a(addsf3x.o)
                              c:/program files (x86)/atmel/studio/7.0/toolchain/avr8/avr8-gnu-toolchain/bin/../lib/gcc/avr/5.4.0/../../../../avr/lib/avr6\libm.a(addsf3.o) (__addsf3x)
c:/program files (x86)/atmel/studio/7.0/toolchain/avr8/avr8-gnu-toolchain/bin/../lib/gcc/avr/5.4.0/../../../../avr/lib/avr6\libm.a(cmpsf2.o)
                              project/src/tasks.o (__ltsf2)
c:/program files (x86)/atmel/studio/7.0/toolchain/avr8/avr8-gnu-toolchain/bin/../lib/gcc/avr/5.4.0/../../../../avr/lib/avr6\libm.a(divsf3.o)
                              project/src/BNO055.o (__divsf3)
c:/program files (x86)/atmel/studio/7.0/toolchain/avr8/avr8-gnu-toolchain/bin/../lib/gcc/avr/5.4.0/../../../../avr/lib/avr6\libm.a(divsf3x.o)
                              c:/program files (x86)/atmel/studio/7.0/toolchain/avr8/avr8-gnu-toolchain/bin/../lib/gcc/avr/5.4.0/../../../../avr/lib/avr6\libm.a(divsf3.o) (__divsf3x)
c:/program files (x86)/atmel/studio/7.0/toolchain/avr8/avr8-gnu-toolchain/bin/../lib/gcc/avr/5.4.0/../../../../avr/lib/avr6\libm.a(fixsfsi.o)
                              project/src/tasks.o (__fixsfsi)
c:/program files (x86)/atmel/studio/7.0/toolchain/avr8/avr8-gnu-toolchain/bin/../lib/gcc/avr/5.4.0/../../../../avr/lib/avr6\libm.a(fixunssfsi.o)
                              c:/program files (x86)/atmel/studio/7.0/toolchain/avr8/avr8-gnu-toolchain/bin/../lib/gcc/avr/5.4.0/../../../../avr/lib/avr6\libm.a(fixsfsi.o) (__fixunssfsi)
c:/program files (x86)/atmel/studio/7.0/toolchain/avr8/avr8-gnu-toolchain/bin/../lib/gcc/avr/5.4.0/../../../../avr/lib/avr6\libm.a(floatsisf.o)
                              project/src/BMP390.o (__floatunsisf)
c:/program files (x86)/atmel/studio/7.0/toolchain/avr8/avr8-gnu-toolchain/bin/../lib/gcc/avr/5.4.0/../../../../avr/lib/avr6\libm.a(fp_cmp.o)
                              c:/program files (x86)/atmel/studio/7.0/toolchain/avr8/avr8-gnu-toolchain/bin/../lib/gcc/avr/5.4.0/../../../../avr/lib/avr6\libm.a(cmpsf2.o) (__fp_cmp)
c:/program files (x86)/atmel/studio/7.0/toolchain/avr8/avr8-gnu-toolchain/bin/../lib/gcc/avr/5.4.0/../../../../avr/lib/avr6\libm.a(fp_inf.o)
                              c:/program files (x86)/atmel/studio/7.0/toolchain/avr8/avr8-gnu-toolchain/bin/../lib/gcc/avr/5.4.0/../../../../avr/lib/avr6\libm.a(addsf3x.o) (__fp_inf)
c:/program files (x86)/atmel/studio/7.0/toolchain/avr8/avr8-gnu-toolchain/bin/../lib/gcc/avr/5.4.0/../../../../avr/lib/avr6\libm.a(fp_nan.o)
                              c:/program files (x86)/atmel/studio/7.0/toolchain/avr8/avr8-gnu-toolchain/bin/../lib/gcc/avr/5.4.0/../../../../avr/lib/avr6\libm.a(addsf3x.o) (__fp_nan)
c:/program files (x86)/atmel/studio/7.0/toolchain/avr8/avr8-gnu-toolchain/bin/../lib/gcc/avr/5.4.0/../../../../avr/lib/avr6\libm.a(fp_pscA.o)
                              c:/program files (x86)/atmel/studio/7.0/toolchain/avr8/avr8-gnu-toolchain/bin/../lib/gcc/avr/5.4.0/../../../../avr/lib/avr6\libm.a(addsf3x.o) (__fp_pscA)
c:/program files (x86)/atmel/studio/7.0/toolchain/avr8/avr8-gnu-toolchain/bin/../lib/gcc/avr/5.4.0/../../../../avr/lib/avr6\libm.a(fp_pscB.o)
                              c:/program files (x86)/atmel/studio/7.0/toolchain/avr8/avr8-gnu-toolchain/bin/../lib/gcc/avr/5.4.0/../../../../avr/lib/avr6\libm.a(addsf3x.o) (__fp_pscB)
c:/program files (x86)/atmel/studio/7.0/toolchain/avr8/avr8-gnu-toolchain/bin/../lib/gcc/avr/5.4.0/../../../../avr/lib/avr6\libm.a(fp_round.o)
                              c:/program files (x86)/atmel/studio/7.0/toolchain/avr8/avr8-gnu-toolchain/bin/../lib/gcc/avr/5.4.0/../../../../avr/lib/avr6\libm.a(addsf3.o) (__fp_round)
c:/program files (x86)/atmel/studio/7.0/toolchain/avr8/avr8-gnu-toolchain/bin/../lib/gcc/avr/5.4.0/../../../../avr/lib/avr6\libm.a(fp_split3.o)
                              c:/program files (x86)/atmel/studio/7.0/toolchain/avr8/avr8-gnu-toolchain/bin/../lib/gcc/avr/5.4.0/../../../../avr/lib/avr6\libm.a(addsf3x.o) (__fp_split3)
c:/program files (x86)/atmel/studio/7.0/toolchain/avr8/avr8-gnu-toolchain/bin/../lib/gcc/avr/5.4.0/../../../../avr/lib/avr6\libm.a(fp_zero.o)
                              c:/program files (x86)/atmel/studio/7.0/toolchain/avr8/avr8-gnu-toolchain/bin/../lib/gcc/avr/5.4.0/../../../../avr/lib/avr6\libm.a(addsf3x.o) (__fp_zero)
c:/program files (x86)/atmel/studio/7.0/toolchain/avr8/avr8-gnu-toolchain/bin/../lib/gcc/avr/5.4.0/../../../../avr/lib/avr6\libm.a(gesf2.o)
                              project/src/tasks.o (__gtsf2)
[...]
Memory Configuration

Name             Origin             Length             Attributes
text             0x00000000         0x00040000         xr
data             0x00800200         0x00002000         rw !x
eeprom           0x00810000         0x00001000         rw !x
fuse             0x00820000         0x00000003         rw !x
lock             0x00830000         0x00000400         rw !x
signature        0x00840000         0x00000400         rw !x
user_signatures  0x00850000         0x00000400         rw !x
*default*        0x00000000         0xffffffff

Linker script and memory map

Address of section .data set to 0x800200
LOAD C:/Program Files (x86)/Atmel/Studio/7.0/Packs/atmel/ATmega_DFP/1.7.374/gcc/dev/atmega2560/avr6/crtatmega2560.o
LOAD FreeRTOS/Source/list.o
LOAD FreeRTOS/Source/portable/MemMang/heap_4.o
LOAD FreeRTOS/Source/portable/WinAVR/ATmega2560/port.o
LOAD FreeRTOS/Source/queue.o
LOAD FreeRTOS/Source/tasks.o
LOAD FreeRTOS/Source/timers.o
LOAD main.o
LOAD project/src/BMP390.o
LOAD project/src/BNO055.o
LOAD project/src/buzzer.o
LOAD project/src/i2c.o
LOAD project/src/servo.o
LOAD project/src/spi.o
LOAD project/src/states.o
LOAD project/src/tasks.o
LOAD project/src/telemetry.o
LOAD project/src/uart.o
LOAD project/src/w25qxx.o
START GROUP
LOAD c:/program files (x86)/atmel/studio/7.0/toolchain/avr8/avr8-gnu-toolchain/bin/../lib/gcc/avr/5.4.0/../../../../avr/lib/avr6\libm.a
END GROUP
START GROUP
LOAD c:/program files (x86)/atmel/studio/7.0/toolchain/avr8/avr8-gnu-toolchain/bin/../lib/gcc/avr/5.4.0/avr6\libgcc.a
LOAD c:/program files (x86)/atmel/studio/7.0/toolchain/avr8/avr8-gnu-toolchain/bin/../lib/gcc/avr/5.4.0/../../../../avr/lib/avr6\libm.a
LOAD c:/program files (x86)/atmel/studio/7.0/toolchain/avr8/avr8-gnu-toolchain/bin/../lib/gcc/avr/5.4.0/../../../../avr/lib/avr6\libc.a
LOAD C:/Program Files (x86)/Atmel/Studio/7.0/Packs/atmel/ATmega_DFP/1.7.374/gcc/dev/atmega2560/avr6\libatmega2560.a
END GROUP
                0x00000000                __TEXT_REGION_ORIGIN__ = DEFINED (__TEXT_REGION_ORIGIN__)?__TEXT_REGION_ORIGIN__:0x0
                [0x00800200]                __DATA_REGION_ORIGIN__ = DEFINED (__DATA_REGION_ORIGIN__)?__DATA_REGION_ORIGIN__:0x800200
                [0x00040000]                __TEXT_REGION_LENGTH__ = DEFINED (__TEXT_REGION_LENGTH__)?__TEXT_REGION_LENGTH__:0x100000
                [0x00002000]                __DATA_REGION_LENGTH__ = DEFINED (__DATA_REGION_LENGTH__)?__DATA_REGION_LENGTH__:0xfe00
                [0x00001000]                __EEPROM_REGION_LENGTH__ = DEFINED (__EEPROM_REGION_LENGTH__)?__EEPROM_REGION_LENGTH__:0x10000
                [0x00000003]                __FUSE_REGION_LENGTH__ = DEFINED (__FUSE_REGION_LENGTH__)?__FUSE_REGION_LENGTH__:0x400
                0x00000400                __LOCK_REGION_LENGTH__ = DEFINED (__LOCK_REGION_LENGTH__)?__LOCK_REGION_LENGTH__:0x400
                0x00000400                __SIGNATURE_REGION_LENGTH__ = DEFINED (__SIGNATURE_REGION_LENGTH__)?__SIGNATURE_REGION_LENGTH__:0x400
                0x00000400                __USER_SIGNATURE_REGION_LENGTH__ = DEFINED (__USER_SIGNATURE_REGION_LENGTH__)?__USER_SIGNATURE_REGION_LENGTH__:0x400

.hash
 *(.hash)

.dynsym
 *(.dynsym)

.dynstr
 *(.dynstr)

.gnu.version
 *(.gnu.version)

.gnu.version_d
 *(.gnu.version_d)

.gnu.version_r
 *(.gnu.version_r)

.rel.init
 *(.rel.init)

.rela.init
 *(.rela.init)

.rel.text
 *(.rel.text)
 *(.rel.text.*)
 *(.rel.gnu.linkonce.t*)

.rela.text
 *(.rela.text)
 *(.rela.text.*)
 *(.rela.gnu.linkonce.t*)

.rel.fini
 *(.rel.fini)

.rela.fini
 *(.rela.fini)

.rel.rodata
 *(.rel.rodata)
 *(.rel.rodata.*)
 *(.rel.gnu.linkonce.r*)

.rela.rodata
 *(.rela.rodata)
 *(.rela.rodata.*)
 *(.rela.gnu.linkonce.r*)

.rel.data
 *(.rel.data)
 *(.rel.data.*)
 *(.rel.gnu.linkonce.d*)

.rela.data
 *(.rela.data)
 *(.rela.data.*)
 *(.rela.gnu.linkonce.d*)

.rel.ctors
 *(.rel.ctors)

.rela.ctors
 *(.rela.ctors)

.rel.dtors
 *(.rel.dtors)

.rela.dtors
 *(.rela.dtors)

.rel.got
 *(.rel.got)

.rela.got
 *(.rela.got)

.rel.bss
 *(.rel.bss)

.rela.bss
 *(.rela.bss)

.rel.plt
 *(.rel.plt)

.rela.plt
 *(.rela.plt)

.text           0x00000000     0x4362
 *(.vectors)
 .vectors       0x00000000       0xe4 C:/Program Files (x86)/Atmel/Studio/7.0/Packs/atmel/ATmega_DFP/1.7.374/gcc/dev/atmega2560/avr6/crtatmega2560.o
                0x00000000                __vector_default
                0x00000000                __vectors
 *(.vectors)
 *(.progmem.gcc*)
 .progmem.gcc_fplib
                0x000000e4       0x28 c:/program files (x86)/atmel/studio/7.0/toolchain/avr8/avr8-gnu-toolchain/bin/../lib/gcc/avr/5.4.0/../../../../avr/lib/avr6\libm.a(exp.o)
 .progmem.gcc_fplib
                0x0000010c       0x5a c:/program files (x86)/atmel/studio/7.0/toolchain/avr8/avr8-gnu-toolchain/bin/../lib/gcc/avr/5.4.0/../../../../avr/lib/avr6\libm.a(log.o)
                0x00000166                . = ALIGN (0x2)
                0x00000166                __trampolines_start = .
 *(.trampolines)
 .trampolines   0x00000166        0x0 linker stubs
 *(.trampolines*)
                0x00000166                __trampolines_end = .
 *libprintf_flt.a:*(.progmem.data)
 *libc.a:*(.progmem.data)
 *(.progmem*)
                0x00000166                . = ALIGN (0x2)
 *(.jumptables)
 *(.jumptables*)
 *(.lowtext)
 *(.lowtext*)
                0x00000166                __ctors_start = .
 *(.ctors)
                0x00000166                __ctors_end = .
                0x00000166                __dtors_start = .
 *(.dtors)
                0x00000166                __dtors_end = .
 SORT(*)(.ctors)
 SORT(*)(.dtors)
 *(.init0)
 .init0         0x00000166        0x0 C:/Program Files (x86)/Atmel/Studio/7.0/Packs/atmel/ATmega_DFP/1.7.374/gcc/dev/atmega2560/avr6/crtatmega2560.o
                0x00000166                __init
 *(.init0)
 *(.init1)
 *(.init1)
 *(.init2)
 .init2         0x00000166       0x10 C:/Program Files (x86)/Atmel/Studio/7.0/Packs/atmel/ATmega_DFP/1.7.374/gcc/dev/atmega2560/avr6/crtatmega2560.o
 *(.init2)
 *(.init3)
 *(.init3)
 *(.init4)
 .init4         0x00000176       0x1a c:/program files (x86)/atmel/studio/7.0/toolchain/avr8/avr8-gnu-toolchain/bin/../lib/gcc/avr/5.4.0/avr6\libgcc.a(_copy_data.o)
                0x00000176                __do_copy_data
 .init4         0x00000190       0x10 c:/program files (x86)/atmel/studio/7.0/toolchain/avr8/avr8-gnu-toolchain/bin/../lib/gcc/avr/5.4.0/avr6\libgcc.a(_clear_bss.o)
                0x00000190                __do_clear_bss
 *(.init4)
 *(.init5)
 *(.init5)
 *(.init6)
 *(.init6)
 *(.init7)
 *(.init7)
 *(.init8)
 *(.init8)
 *(.init9)
 .init9         0x000001a0        0x8 C:/Program Files (x86)/Atmel/Studio/7.0/Packs/atmel/ATmega_DFP/1.7.374/gcc/dev/atmega2560/avr6/crtatmega2560.o
 *(.init9)
 *(.text)
 .text          0x000001a8        0x2 C:/Program Files (x86)/Atmel/Studio/7.0/Packs/atmel/ATmega_DFP/1.7.374/gcc/dev/atmega2560/avr6/crtatmega2560.o
                0x000001a8                __vector_38
                0x000001a8                __vector_22
                0x000001a8                __vector_28
                0x000001a8                __vector_1
                0x000001a8                __vector_32
                0x000001a8                __vector_34
                0x000001a8                __vector_24
                0x000001a8                __vector_12
                0x000001a8                __vector_55
                0x000001a8                __vector_46
                0x000001a8                __bad_interrupt
                0x000001a8                __vector_6
                0x000001a8                __vector_31
                0x000001a8                __vector_35
                0x000001a8                __vector_39
                0x000001a8                __vector_3
                0x000001a8                __vector_23
                0x000001a8                __vector_30
                0x000001a8                __vector_45
                0x000001a8                __vector_25
                0x000001a8                __vector_11
                0x000001a8                __vector_54
                0x000001a8                __vector_13
                0x000001a8                __vector_19
                0x000001a8                __vector_56
                0x000001a8                __vector_7
                0x000001a8                __vector_49
                0x000001a8                __vector_41
                0x000001a8                __vector_43
                0x000001a8                __vector_27
                0x000001a8                __vector_5
                0x000001a8                __vector_33
                0x000001a8                __vector_47
                0x000001a8                __vector_52
                0x000001a8                __vector_37
                0x000001a8                __vector_4
                0x000001a8                __vector_44
                0x000001a8                __vector_9
                0x000001a8                __vector_2
                0x000001a8                __vector_21
                0x000001a8                __vector_15
                0x000001a8                __vector_29
                0x000001a8                __vector_40
                0x000001a8                __vector_8
                0x000001a8                __vector_26
                0x000001a8                __vector_48
                0x000001a8                __vector_14
                0x000001a8                __vector_53
                0x000001a8                __vector_10
                0x000001a8                __vector_50
                0x000001a8                __vector_16
                0x000001a8                __vector_18
                0x000001a8                __vector_20
                0x000001a8                __vector_42
                0x000001aa                . = ALIGN (0x2)
 *(.text.*)
 .text.vListInitialise
                0x000001aa       0x22 FreeRTOS/Source/list.o
                0x000001aa                vListInitialise
 .text.vListInitialiseItem
                0x000001cc        0x8 FreeRTOS/Source/list.o
                0x000001cc                vListInitialiseItem
 .text.vListInsertEnd
                0x000001d4       0x42 FreeRTOS/Source/list.o
                0x000001d4                vListInsertEnd
 .text.vListInsert
                0x00000216       0x7a FreeRTOS/Source/list.o
                0x00000216                vListInsert
 .text.uxListRemove
                0x00000290       0x4c FreeRTOS/Source/list.o
                0x00000290                uxListRemove
 .text.prvHeapInit
                0x000002dc       0x6e FreeRTOS/Source/portable/MemMang/heap_4.o
 .text.prvInsertBlockIntoFreeList
                0x0000034a       0x94 FreeRTOS/Source/portable/MemMang/heap_4.o
 .text.pvPortMalloc
                0x000003de      0x124 FreeRTOS/Source/portable/MemMang/heap_4.o
                0x000003de                pvPortMalloc
 .text.vPortFree
                0x00000502       0x64 FreeRTOS/Source/portable/MemMang/heap_4.o
                0x00000502                vPortFree
 .text.prvSetupTimerInterrupt
                0x00000566       0x20 FreeRTOS/Source/portable/WinAVR/ATmega2560/port.o
 .text.pxPortInitialiseStack
                0x00000586       0xe4 FreeRTOS/Source/portable/WinAVR/ATmega2560/port.o
                0x00000586                pxPortInitialiseStack
 .text.xPortStartScheduler
                0x0000066a       0x64 FreeRTOS/Source/portable/WinAVR/ATmega2560/port.o
                0x0000066a                xPortStartScheduler
 .text.vPortYield
                0x000006ce       0xc0 FreeRTOS/Source/portable/WinAVR/ATmega2560/port.o
                0x000006ce                vPortYield
 .text.vPortYieldFromTick
                0x0000078e       0xc4 FreeRTOS/Source/portable/WinAVR/ATmega2560/port.o
                0x0000078e                vPortYieldFromTick
 .text.__vector_17
                0x00000852        0x4 FreeRTOS/Source/portable/WinAVR/ATmega2560/port.o
                0x00000852                __vector_17
 .text.prvIsQueueEmpty
                0x00000856       0x1a FreeRTOS/Source/queue.o
 .text.prvIsQueueFull
                0x00000870       0x1c FreeRTOS/Source/queue.o
 .text.prvCopyDataToQueue
                0x0000088c       0xbc FreeRTOS/Source/queue.o
 .text.prvCopyDataFromQueue
                0x00000948       0x34 FreeRTOS/Source/queue.o
 .text.prvUnlockQueue
                0x0000097c       0x60 FreeRTOS/Source/queue.o
 .text.xQueueGenericReset
                0x000009dc       0x84 FreeRTOS/Source/queue.o
                0x000009dc                xQueueGenericReset
 .text.prvInitialiseNewQueue
                0x00000a60       0x24 FreeRTOS/Source/queue.o
 .text.xQueueGenericCreate
                0x00000a84       0x50 FreeRTOS/Source/queue.o
                0x00000a84                xQueueGenericCreate
 .text.xQueueGenericSend
                0x00000ad4      0x116 FreeRTOS/Source/queue.o
                0x00000ad4                xQueueGenericSend
 .text.prvInitialiseMutex
                0x00000bea       0x24 FreeRTOS/Source/queue.o
 .text.xQueueCreateMutex
                0x00000c0e       0x18 FreeRTOS/Source/queue.o
                0x00000c0e                xQueueCreateMutex
 .text.xQueueGenericSendFromISR
                0x00000c26       0x70 FreeRTOS/Source/queue.o
                0x00000c26                xQueueGenericSendFromISR
 .text.xQueueGenericReceive
                0x00000c96      0x170 FreeRTOS/Source/queue.o
                0x00000c96                xQueueGenericReceive
 .text.prvResetNextTaskUnblockTime
                0x00000e06       0x54 FreeRTOS/Source/tasks.o
 .text.prvDeleteTCB
                0x00000e5a       0x16 FreeRTOS/Source/tasks.o
 .text.prvInitialiseNewTask
                0x00000e70       0xdc FreeRTOS/Source/tasks.o
 .text.prvInitialiseTaskLists
                0x00000f4c       0x54 FreeRTOS/Source/tasks.o
 .text.prvAddNewTaskToReadyList
                0x00000fa0       0xa6 FreeRTOS/Source/tasks.o
 .text.prvAddCurrentTaskToDelayedList
                0x00001046       0xe6 FreeRTOS/Source/tasks.o
 .text.xTaskCreate
                0x0000112c       0x9e FreeRTOS/Source/tasks.o
                0x0000112c                xTaskCreate
 .text.vTaskStartScheduler
                0x000011ca       0x62 FreeRTOS/Source/tasks.o
                0x000011ca                vTaskStartScheduler
 .text.vTaskSuspendAll
                0x0000122c        0xc FreeRTOS/Source/tasks.o
                0x0000122c                vTaskSuspendAll
 .text.xTaskIncrementTick
                0x00001238      0x19e FreeRTOS/Source/tasks.o
                0x00001238                xTaskIncrementTick
 .text.xTaskResumeAll
                0x000013d6       0xd2 FreeRTOS/Source/tasks.o
                0x000013d6                xTaskResumeAll
 .text.vTaskDelay
                0x000014a8       0x34 FreeRTOS/Source/tasks.o
                0x000014a8                vTaskDelay
 .text.prvCheckTasksWaitingTermination
                0x000014dc       0x56 FreeRTOS/Source/tasks.o
 .text.prvIdleTask
                0x00001532        0xe FreeRTOS/Source/tasks.o
 .text.vTaskSwitchContext
                0x00001540       0x94 FreeRTOS/Source/tasks.o
                0x00001540                vTaskSwitchContext
 .text.vTaskPlaceOnEventList
                0x000015d4       0x2e FreeRTOS/Source/tasks.o
                0x000015d4                vTaskPlaceOnEventList
 .text.xTaskRemoveFromEventList
                0x00001602       0x84 FreeRTOS/Source/tasks.o
                0x00001602                xTaskRemoveFromEventList
 .text.vTaskSetTimeOutState
                0x00001686       0x22 FreeRTOS/Source/tasks.o
                0x00001686                vTaskSetTimeOutState
 .text.xTaskCheckForTimeOut
                0x000016a8       0xcc FreeRTOS/Source/tasks.o
                0x000016a8                xTaskCheckForTimeOut
 .text.vTaskMissedYield
                0x00001774        0x8 FreeRTOS/Source/tasks.o
                0x00001774                vTaskMissedYield
 .text.vTaskPriorityInherit
                0x0000177c       0xbc FreeRTOS/Source/tasks.o
                0x0000177c                vTaskPriorityInherit
 .text.xTaskPriorityDisinherit
                0x00001838       0x80 FreeRTOS/Source/tasks.o
                0x00001838                xTaskPriorityDisinherit
 .text.pvTaskIncrementMutexHeldCount
                0x000018b8       0x24 FreeRTOS/Source/tasks.o
                0x000018b8                pvTaskIncrementMutexHeldCount
 .text.component_init_and_tests
                0x000018dc       0xe0 main.o
                0x000018dc                component_init_and_tests
 .text.main     0x000019bc       0x98 main.o
                0x000019bc                main
 .text.BMP390_read_series
                0x00001a54       0x56 project/src/BMP390.o
                0x00001a54                BMP390_read_series
 .text.BMP390_read
                0x00001aaa       0x2a project/src/BMP390.o
                0x00001aaa                BMP390_read
 .text.BMP390_write
                0x00001ad4       0x20 project/src/BMP390.o
                0x00001ad4                BMP390_write
 .text.BMP390_read_id
                0x00001af4        0x8 project/src/BMP390.o
                0x00001af4                BMP390_read_id
 .text.BMP390_test
                0x00001afc       0x22 project/src/BMP390.o
                0x00001afc                BMP390_test
 .text.BMP390_read_data
                0x00001b1e       0xb6 project/src/BMP390.o
                0x00001b1e                BMP390_read_data
 .text.BMP390_get_temp_data
                0x00001bd4       0x9a project/src/BMP390.o
                0x00001bd4                BMP390_get_temp_data
 .text.BMP390_get_pres_data
                0x00001c6e      0x2d6 project/src/BMP390.o
                0x00001c6e                BMP390_get_pres_data
 .text.BMP390_get_readings
                0x00001f44       0x2a project/src/BMP390.o
                0x00001f44                BMP390_get_readings
 .text.parse_calib_data
                0x00001f6e      0x2b2 project/src/BMP390.o
                0x00001f6e                parse_calib_data
 .text.BMP390_read_calib
                0x00002220       0x4c project/src/BMP390.o
                0x00002220                BMP390_read_calib
 .text.BMP390_init
                0x0000226c       0x16 project/src/BMP390.o
                0x0000226c                BMP390_init
 .text.buzzer_start
                0x00002282       0x16 project/src/buzzer.o
                0x00002282                buzzer_start
 .text.buzzer_stop
                0x00002298       0x16 project/src/buzzer.o
                0x00002298                buzzer_stop
 .text.move_servo
                0x000022ae       0x30 project/src/servo.o
                0x000022ae                move_servo
 .text.reset_servo
                0x000022de       0x30 project/src/servo.o
                0x000022de                reset_servo
 .text.stop_servo
                0x0000230e        0xc project/src/servo.o
                0x0000230e                stop_servo
 .text.SPI_init
                0x0000231a       0x14 project/src/spi.o
                0x0000231a                SPI_init
 .text.SPI_select
                0x0000232e       0x18 project/src/spi.o
                0x0000232e                SPI_select
 .text.SPI_deselect
                0x00002346       0x16 project/src/spi.o
                0x00002346                SPI_deselect
 .text.SPI_transaction
                0x0000235c        0xc project/src/spi.o
                0x0000235c                SPI_transaction
 .text.ascent_handler
                0x00002368       0x4a project/src/states.o
                0x00002368                ascent_handler
 .text.descent_hander
                0x000023b2       0x78 project/src/states.o
                0x000023b2                descent_hander
 .text.landing_handler
                0x0000242a       0x5e project/src/states.o
                0x0000242a                landing_handler
 .text.sim_handler
                0x00002488       0x40 project/src/states.o
                0x00002488                sim_handler
 .text.release_handler
                0x000024c8       0x66 project/src/states.o
                0x000024c8                release_handler
 .text.calibration_handler
                0x0000252e       0x8e project/src/states.o
                0x0000252e                calibration_handler
 .text.state_manager
                0x000025bc       0x48 project/src/states.o
                0x000025bc                state_manager
 .text.is_falling
                0x00002604       0x34 project/src/tasks.o
                0x00002604                is_falling
 .text.is_stationary
                0x00002638       0x34 project/src/tasks.o
                0x00002638                is_stationary
 .text.data_reading
                0x0000266c      0x2ec project/src/tasks.o
                0x0000266c                data_reading
 .text.checksum_checker
                0x00002958       0x20 project/src/telemetry.o
                0x00002958                checksum_checker
 .text.checksum_calculator
                0x00002978      0x1e0 project/src/telemetry.o
                0x00002978                checksum_calculator
 .text.send_to_ground
                0x00002b58      0x134 project/src/telemetry.o
                0x00002b58                send_to_ground
 .text.receive_from_ground
                0x00002c8c      0x202 project/src/telemetry.o
                0x00002c8c                receive_from_ground
 .text.UART_init
                0x00002e8e       0x28 project/src/uart.o
                0x00002e8e                UART_init
 .text.UART0_tx
                0x00002eb6        0xe project/src/uart.o
                0x00002eb6                UART0_tx
 .text.UART1_tx
                0x00002ec4        0xe project/src/uart.o
                0x00002ec4                UART1_tx
 .text.print    0x00002ed2       0x18 project/src/uart.o
                0x00002ed2                print
 .text.UART1_send_bytes
                0x00002eea       0x26 project/src/uart.o
                0x00002eea                UART1_send_bytes
 .text.UART1_receive_bytes
                0x00002f10       0x94 project/src/uart.o
                0x00002f10                UART1_receive_bytes
 .text.__vector_36
                0x00002fa4       0x8a project/src/uart.o
                0x00002fa4                __vector_36
 .text.__vector_51
                0x0000302e       0x44 project/src/uart.o
                0x0000302e                __vector_51
 .text.UART0_send_bytes
                0x00003072       0x26 project/src/uart.o
                0x00003072                UART0_send_bytes
 .text.W25QXX_readID
                0x00003098       0x42 project/src/w25qxx.o
                0x00003098                W25QXX_readID
 .text.W25QXX_test
                0x000030da       0x32 project/src/w25qxx.o
                0x000030da                W25QXX_test
 .text.W25QXX_read_stream
                0x0000310c       0x60 project/src/w25qxx.o
                0x0000310c                W25QXX_read_stream
 .text.W25QXX_read_status
                0x0000316c       0x1a project/src/w25qxx.o
                0x0000316c                W25QXX_read_status
 .text.W25QXX_write_enable
                0x00003186       0x14 project/src/w25qxx.o
                0x00003186                W25QXX_write_enable
 .text.W25QXX_write_page
                0x0000319a       0x66 project/src/w25qxx.o
                0x0000319a                W25QXX_write_page
 .text.W25QXX_visualise_page
                0x00003200      0x17a project/src/w25qxx.o
                0x00003200                W25QXX_visualise_page
 .text.W25QXX_clear_64
                0x0000337a       0x40 project/src/w25qxx.o
                0x0000337a                W25QXX_clear_64
 .text.W25QXX_clear_A
                0x000033ba       0x32 project/src/w25qxx.o
                0x000033ba                W25QXX_clear_A
 .text.W25QXX_write_app
                0x000033ec      0x144 project/src/w25qxx.o
                0x000033ec                W25QXX_write_app
 .text.W25QXX_write_remainder
                0x00003530      0x116 project/src/w25qxx.o
                0x00003530                W25QXX_write_remainder
 .text.avr-libc.fplib
                0x00003646        0xa c:/program files (x86)/atmel/studio/7.0/toolchain/avr8/avr8-gnu-toolchain/bin/../lib/gcc/avr/5.4.0/../../../../avr/lib/avr6\libm.a(addsf3.o)
                0x00003646                __subsf3
                0x00003648                __addsf3
 .text.avr-libc.fplib
                0x00003650       0xc0 c:/program files (x86)/atmel/studio/7.0/toolchain/avr8/avr8-gnu-toolchain/bin/../lib/gcc/avr/5.4.0/../../../../avr/lib/avr6\libm.a(addsf3x.o)
                0x0000366a                __addsf3x
 .text.avr-libc.fplib
                0x00003710        0x8 c:/program files (x86)/atmel/studio/7.0/toolchain/avr8/avr8-gnu-toolchain/bin/../lib/gcc/avr/5.4.0/../../../../avr/lib/avr6\libm.a(cmpsf2.o)
                0x00003710                __nesf2
                0x00003710                __eqsf2
                0x00003710                __cmpsf2
                0x00003710                __ltsf2
                0x00003710                __lesf2
 .text.avr-libc.fplib
                0x00003718        0x4 c:/program files (x86)/atmel/studio/7.0/toolchain/avr8/avr8-gnu-toolchain/bin/../lib/gcc/avr/5.4.0/../../../../avr/lib/avr6\libm.a(divsf3.o)
                0x00003718                __divsf3
 .text.avr-libc.fplib
                0x0000371c       0xcc c:/program files (x86)/atmel/studio/7.0/toolchain/avr8/avr8-gnu-toolchain/bin/../lib/gcc/avr/5.4.0/../../../../avr/lib/avr6\libm.a(divsf3x.o)
                0x00003732                __divsf3x
                0x00003736                __divsf3_pse
 .text.avr-libc.fplib
                0x000037e8        0xa c:/program files (x86)/atmel/studio/7.0/toolchain/avr8/avr8-gnu-toolchain/bin/../lib/gcc/avr/5.4.0/../../../../avr/lib/avr6\libm.a(fixsfsi.o)
                0x000037e8                __fixsfsi
 .text.avr-libc.fplib
                0x000037f2       0x58 c:/program files (x86)/atmel/studio/7.0/toolchain/avr8/avr8-gnu-toolchain/bin/../lib/gcc/avr/5.4.0/../../../../avr/lib/avr6\libm.a(fixunssfsi.o)
                0x000037f2                __fixunssfsi
 .text.avr-libc.fplib
                0x0000384a       0x7a c:/program files (x86)/atmel/studio/7.0/toolchain/avr8/avr8-gnu-toolchain/bin/../lib/gcc/avr/5.4.0/../../../../avr/lib/avr6\libm.a(floatsisf.o)
                0x0000384a                __floatunsisf
                0x0000384e                __floatsisf
 .text.avr-libc.fplib
                0x000038c4       0x48 c:/program files (x86)/atmel/studio/7.0/toolchain/avr8/avr8-gnu-toolchain/bin/../lib/gcc/avr/5.4.0/../../../../avr/lib/avr6\libm.a(fp_cmp.o)
                0x000038c4                __fp_cmp
 .text.avr-libc.fplib
                0x0000390c        0xc c:/program files (x86)/atmel/studio/7.0/toolchain/avr8/avr8-gnu-toolchain/bin/../lib/gcc/avr/5.4.0/../../../../avr/lib/avr6\libm.a(fp_inf.o)
                0x0000390c                __fp_inf
 .text.avr-libc.fplib
                0x00003918        0x6 c:/program files (x86)/atmel/studio/7.0/toolchain/avr8/avr8-gnu-toolchain/bin/../lib/gcc/avr/5.4.0/../../../../avr/lib/avr6\libm.a(fp_nan.o)
                0x00003918                __fp_nan
 .text.avr-libc.fplib
                0x0000391e        0xe c:/program files (x86)/atmel/studio/7.0/toolchain/avr8/avr8-gnu-toolchain/bin/../lib/gcc/avr/5.4.0/../../../../avr/lib/avr6\libm.a(fp_pscA.o)
                0x0000391e                __fp_pscA
 .text.avr-libc.fplib
                0x0000392c        0xe c:/program files (x86)/atmel/studio/7.0/toolchain/avr8/avr8-gnu-toolchain/bin/../lib/gcc/avr/5.4.0/../../../../avr/lib/avr6\libm.a(fp_pscB.o)
                0x0000392c                __fp_pscB
 .text.avr-libc.fplib
                0x0000393a       0x22 c:/program files (x86)/atmel/studio/7.0/toolchain/avr8/avr8-gnu-toolchain/bin/../lib/gcc/avr/5.4.0/../../../../avr/lib/avr6\libm.a(fp_round.o)
                0x0000393a                __fp_round
 .text.avr-libc.fplib
                0x0000395c       0x44 c:/program files (x86)/atmel/studio/7.0/toolchain/avr8/avr8-gnu-toolchain/bin/../lib/gcc/avr/5.4.0/../../../../avr/lib/avr6\libm.a(fp_split3.o)
                0x0000395c                __fp_split3
                0x0000396c                __fp_splitA
 .text.avr-libc.fplib
                0x000039a0        0xe c:/program files (x86)/atmel/studio/7.0/toolchain/avr8/avr8-gnu-toolchain/bin/../lib/gcc/avr/5.4.0/../../../../avr/lib/avr6\libm.a(fp_zero.o)
                0x000039a0                __fp_zero
                0x000039a2                __fp_szero
 .text.avr-libc.fplib
                0x000039ae        0x8 c:/program files (x86)/atmel/studio/7.0/toolchain/avr8/avr8-gnu-toolchain/bin/../lib/gcc/avr/5.4.0/../../../../avr/lib/avr6\libm.a(gesf2.o)
                0x000039ae                __gesf2
                0x000039ae                __gtsf2
 .text.avr-libc.fplib
                0x000039b6        0x4 c:/program files (x86)/atmel/studio/7.0/toolchain/avr8/avr8-gnu-toolchain/bin/../lib/gcc/avr/5.4.0/../../../../avr/lib/avr6\libm.a(mulsf3.o)
                0x000039b6                __mulsf3
 .text.avr-libc.fplib
                0x000039ba       0xc2 c:/program files (x86)/atmel/studio/7.0/toolchain/avr8/avr8-gnu-toolchain/bin/../lib/gcc/avr/5.4.0/../../../../avr/lib/avr6\libm.a(mulsf3x.o)
                0x000039ce                __mulsf3x
                0x000039d2                __mulsf3_pse
 .text.avr-libc.fplib
                0x00003a7c       0x98 c:/program files (x86)/atmel/studio/7.0/toolchain/avr8/avr8-gnu-toolchain/bin/../lib/gcc/avr/5.4.0/../../../../avr/lib/avr6\libm.a(pow.o)
                0x00003a7c                pow
 .text.avr-libc.fplib
                0x00003b14       0x62 c:/program files (x86)/atmel/studio/7.0/toolchain/avr8/avr8-gnu-toolchain/bin/../lib/gcc/avr/5.4.0/../../../../avr/lib/avr6\libm.a(exp.o)
                0x00003b1e                exp
 .text.avr-libc.fplib
                0x00003b76       0x4a c:/program files (x86)/atmel/studio/7.0/toolchain/avr8/avr8-gnu-toolchain/bin/../lib/gcc/avr/5.4.0/../../../../avr/lib/avr6\libm.a(fp_powser.o)
                0x00003b76                __fp_powser
 .text.avr-libc.fplib
                0x00003bc0        0xe c:/program files (x86)/atmel/studio/7.0/toolchain/avr8/avr8-gnu-toolchain/bin/../lib/gcc/avr/5.4.0/../../../../avr/lib/avr6\libm.a(inverse.o)
                0x00003bc0                inverse
 .text.avr-libc.fplib
                0x00003bce       0x6c c:/program files (x86)/atmel/studio/7.0/toolchain/avr8/avr8-gnu-toolchain/bin/../lib/gcc/avr/5.4.0/../../../../avr/lib/avr6\libm.a(ldexp.o)
                0x00003bd2                ldexp
 .text.avr-libc.fplib
                0x00003c3a       0x8a c:/program files (x86)/atmel/studio/7.0/toolchain/avr8/avr8-gnu-toolchain/bin/../lib/gcc/avr/5.4.0/../../../../avr/lib/avr6\libm.a(log.o)
                0x00003c44                log
 .text.avr-libc.fplib
                0x00003cc4       0x66 c:/program files (x86)/atmel/studio/7.0/toolchain/avr8/avr8-gnu-toolchain/bin/../lib/gcc/avr/5.4.0/../../../../avr/lib/avr6\libm.a(modf.o)
                0x00003cc4                modf
                0x00003cc4                modff
 .text.avr-libc.fplib
                0x00003d2a       0x1c c:/program files (x86)/atmel/studio/7.0/toolchain/avr8/avr8-gnu-toolchain/bin/../lib/gcc/avr/5.4.0/../../../../avr/lib/avr6\libm.a(fp_mpack.o)
                0x00003d2a                __fp_mpack
                0x00003d2e                __fp_mpack_finite
 .text.libgcc.mul
                0x00003d46       0x1e c:/program files (x86)/atmel/studio/7.0/toolchain/avr8/avr8-gnu-toolchain/bin/../lib/gcc/avr/5.4.0/avr6\libgcc.a(_mulsi3.o)
                0x00003d46                __mulsi3
 .text.libgcc.mul
                0x00003d64       0x14 c:/program files (x86)/atmel/studio/7.0/toolchain/avr8/avr8-gnu-toolchain/bin/../lib/gcc/avr/5.4.0/avr6\libgcc.a(_muluhisi3.o)
                0x00003d64                __muluhisi3
 .text.libgcc.mul
                0x00003d78       0x1e c:/program files (x86)/atmel/studio/7.0/toolchain/avr8/avr8-gnu-toolchain/bin/../lib/gcc/avr/5.4.0/avr6\libgcc.a(_umulhisi3.o)
                0x00003d78                __umulhisi3
 .text.avr-libc
                0x00003d96       0x12 c:/program files (x86)/atmel/studio/7.0/toolchain/avr8/avr8-gnu-toolchain/bin/../lib/gcc/avr/5.4.0/../../../../avr/lib/avr6\libc.a(memcpy.o)
                0x00003d96                memcpy
 .text.avr-libc
                0x00003da8       0x5c c:/program files (x86)/atmel/studio/7.0/toolchain/avr8/avr8-gnu-toolchain/bin/../lib/gcc/avr/5.4.0/../../../../avr/lib/avr6\libc.a(sprintf.o)
                0x00003da8                sprintf
 .text.avr-libc
                0x00003e04      0x3fa c:/program files (x86)/atmel/studio/7.0/toolchain/avr8/avr8-gnu-toolchain/bin/../lib/gcc/avr/5.4.0/../../../../avr/lib/avr6\libc.a(vfprintf_std.o)
                0x00003e04                vfprintf
 .text.avr-libc
                0x000041fe       0x16 c:/program files (x86)/atmel/studio/7.0/toolchain/avr8/avr8-gnu-toolchain/bin/../lib/gcc/avr/5.4.0/../../../../avr/lib/avr6\libc.a(strnlen_P.o)
                0x000041fe                strnlen_P
 .text.avr-libc
                0x00004214       0x16 c:/program files (x86)/atmel/studio/7.0/toolchain/avr8/avr8-gnu-toolchain/bin/../lib/gcc/avr/5.4.0/../../../../avr/lib/avr6\libc.a(strnlen.o)
                0x00004214                strnlen
 .text.avr-libc
                0x0000422a       0x78 c:/program files (x86)/atmel/studio/7.0/toolchain/avr8/avr8-gnu-toolchain/bin/../lib/gcc/avr/5.4.0/../../../../avr/lib/avr6\libc.a(fputc.o)
                0x0000422a                fputc
 .text.avr-libc
                0x000042a2       0xbc c:/program files (x86)/atmel/studio/7.0/toolchain/avr8/avr8-gnu-toolchain/bin/../lib/gcc/avr/5.4.0/../../../../avr/lib/avr6\libc.a(ultoa_invert.o)
                0x000042a2                __ultoa_invert
                0x0000435e                . = ALIGN (0x2)
 *(.fini9)
 .fini9         0x0000435e        0x0 c:/program files (x86)/atmel/studio/7.0/toolchain/avr8/avr8-gnu-toolchain/bin/../lib/gcc/avr/5.4.0/avr6\libgcc.a(_exit.o)
                0x0000435e                _exit
                0x0000435e                exit
 *(.fini9)
 *(.fini8)
 *(.fini8)
 *(.fini7)
 *(.fini7)
 *(.fini6)
 *(.fini6)
 *(.fini5)
 *(.fini5)
 *(.fini4)
 *(.fini4)
 *(.fini3)
 *(.fini3)
 *(.fini2)
 *(.fini2)
 *(.fini1)
 *(.fini1)
 *(.fini0)
 .fini0         0x0000435e        0x4 c:/program files (x86)/atmel/studio/7.0/toolchain/avr8/avr8-gnu-toolchain/bin/../lib/gcc/avr/5.4.0/avr6\libgcc.a(_exit.o)
 *(.fini0)
                0x00004362                _etext = .

.data           0x00800200      0x228 load address 0x00004362
                0x00800200                PROVIDE (__data_start, .)
 *(.data)
 *(.data*)
 .data.functionTable
                0x00800200        0xc project/src/states.o
                0x00800200                functionTable
 *(.gnu.linkonce.d*)
 *(.rodata)
 *(.rodata*)
 .rodata.str1.1
                0x0080020c        0x5 FreeRTOS/Source/tasks.o
 .rodata.str1.1
                0x00800211       0xe1 main.o
 .rodata.str1.1
                0x008002f2       0x3a project/src/states.o
                                 0x45 (size before relaxing)
 .rodata.str1.1
                0x0080032c       0x1d project/src/tasks.o
 .rodata.str1.1
                0x00800349       0x6f project/src/telemetry.o
 .rodata.str1.1
                0x008003b8       0x6f project/src/w25qxx.o
 *(.gnu.linkonce.r*)
                0x00800428                . = ALIGN (0x2)
 *fill*         0x00800427        0x1 
                0x00800428                _edata = .
                0x00800428                PROVIDE (__data_end, .)

.bss            0x00800428     0x1a65
                0x00800428                PROVIDE (__bss_start, .)
 *(.bss)
 *(.bss*)
 .bss.xBlockAllocatedBit
                0x00800428        0x2 FreeRTOS/Source/portable/MemMang/heap_4.o
 .bss.xMinimumEverFreeBytesRemaining
                0x0080042a        0x2 FreeRTOS/Source/portable/MemMang/heap_4.o
 .bss.xFreeBytesRemaining
                0x0080042c        0x2 FreeRTOS/Source/portable/MemMang/heap_4.o
 .bss.pxEnd     0x0080042e        0x2 FreeRTOS/Source/portable/MemMang/heap_4.o
 .bss.xStart    0x00800430        0x4 FreeRTOS/Source/portable/MemMang/heap_4.o
 .bss.ucHeap    0x00800434     0x1770 FreeRTOS/Source/portable/MemMang/heap_4.o
 .bss.uxSchedulerSuspended
                0x00801ba4        0x1 FreeRTOS/Source/tasks.o
 .bss.xIdleTaskHandle
                0x00801ba5        0x2 FreeRTOS/Source/tasks.o
 .bss.xNextTaskUnblockTime
                0x00801ba7        0x4 FreeRTOS/Source/tasks.o
 .bss.uxTaskNumber
                0x00801bab        0x1 FreeRTOS/Source/tasks.o
 .bss.xNumOfOverflows
                0x00801bac        0x1 FreeRTOS/Source/tasks.o
 .bss.xYieldPending
                0x00801bad        0x1 FreeRTOS/Source/tasks.o
 .bss.uxPendedTicks
                0x00801bae        0x1 FreeRTOS/Source/tasks.o
 .bss.xSchedulerRunning
                0x00801baf        0x1 FreeRTOS/Source/tasks.o
 .bss.uxTopReadyPriority
                0x00801bb0        0x1 FreeRTOS/Source/tasks.o
 .bss.xTickCount
                0x00801bb1        0x4 FreeRTOS/Source/tasks.o
 .bss.uxCurrentNumberOfTasks
                0x00801bb5        0x1 FreeRTOS/Source/tasks.o
 .bss.xSuspendedTaskList
                0x00801bb6        0xb FreeRTOS/Source/tasks.o
 .bss.uxDeletedTasksWaitingCleanUp
                0x00801bc1        0x1 FreeRTOS/Source/tasks.o
 .bss.xTasksWaitingTermination
                0x00801bc2        0xb FreeRTOS/Source/tasks.o
 .bss.xPendingReadyList
                0x00801bcd        0xb FreeRTOS/Source/tasks.o
 .bss.pxOverflowDelayedTaskList
                0x00801bd8        0x2 FreeRTOS/Source/tasks.o
 .bss.pxDelayedTaskList
                0x00801bda        0x2 FreeRTOS/Source/tasks.o
 .bss.xDelayedTaskList2
                0x00801bdc        0xb FreeRTOS/Source/tasks.o
 .bss.xDelayedTaskList1
                0x00801be7        0xb FreeRTOS/Source/tasks.o
 .bss.pxReadyTasksLists
                0x00801bf2       0x37 FreeRTOS/Source/tasks.o
 .bss.pxCurrentTCB
                0x00801c29        0x2 FreeRTOS/Source/tasks.o
                0x00801c29                pxCurrentTCB
 .bss.deploy_height
                0x00801c2b        0x4 project/src/states.o
                0x00801c2b                deploy_height
 .bss.calibrated_altitude
                0x00801c2f        0x4 project/src/tasks.o
                0x00801c2f                calibrated_altitude
 .bss.application_code.2354
                0x00801c33       0x41 project/src/telemetry.o
 .bss.buf.2353  0x00801c74       0x64 project/src/telemetry.o
 .bss.packet_count
                0x00801cd8        0x1 project/src/telemetry.o
                0x00801cd8                packet_count
 .bss.buffer_index
                0x00801cd9        0x1 project/src/uart.o
                0x00801cd9                buffer_index
 .bss.ready_for_reflash
                0x00801cda        0x1 project/src/w25qxx.o
                0x00801cda                ready_for_reflash
 .bss.curr_checksum
                0x00801cdb        0x1 project/src/w25qxx.o
                0x00801cdb                curr_checksum
 .bss.curr_addr
                0x00801cdc        0x4 project/src/w25qxx.o
                0x00801cdc                curr_addr
 .bss.curr_index
                0x00801ce0        0x2 project/src/w25qxx.o
                0x00801ce0                curr_index
 *(COMMON)
 COMMON         0x00801ce2       0x14 main.o
                0x00801ce2                BNO_buffer
 COMMON         0x00801cf6       0x55 project/src/BMP390.o
                0x00801cf6                raw_readings
                0x00801cfe                raw_calibs
                0x00801d13                calculated_calibs
 COMMON         0x00801d4b       0x3a project/src/states.o
                0x00801d4b                stateMutex
                0x00801d4d                universal_telemetry
                0x00801d83                events_queue
 COMMON         0x00801d85        0x6 project/src/tasks.o
                0x00801d85                old_altitude
                0x00801d89                simulated_pressure_queue
 COMMON         0x00801d8b        0x2 project/src/uart.o
                0x00801d8b                uart1_rx_queue
 COMMON         0x00801d8d      0x100 project/src/w25qxx.o
                0x00801d8d                curr_buf
                0x00801e8d                PROVIDE (__bss_end, .)
                0x00004362                __data_load_start = LOADADDR (.data)
                0x0000458a                __data_load_end = (__data_load_start + SIZEOF (.data))

.noinit         0x00801e8d        0x0
                [!provide]                PROVIDE (__noinit_start, .)
 *(.noinit*)
                [!provide]                PROVIDE (__noinit_end, .)
                0x00801e8d                _end = .
                [!provide]                PROVIDE (__heap_start, .)

.eeprom         0x00810000        0x0
 *(.eeprom*)
                0x00810000                __eeprom_end = .

.fuse
 *(.fuse)
 *(.lfuse)
 *(.hfuse)
 *(.efuse)

.lock
 *(.lock*)

.signature
 *(.signature*)

.user_signatures
 *(.user_signatures*)

.stab
 *(.stab)

.stabstr
 *(.stabstr)

.stab.excl
 *(.stab.excl)

.stab.exclstr
 *(.stab.exclstr)

.stab.index
 *(.stab.index)

.stab.indexstr
 *(.stab.indexstr)

.comment        0x00000000       0x5c
 *(.comment)
 .comment       0x00000000       0x30 FreeRTOS/Source/list.o
                                 0x31 (size before relaxing)
 .comment       0x00000030       0x31 FreeRTOS/Source/portable/MemMang/heap_4.o
 .comment       0x00000030       0x31 FreeRTOS/Source/portable/WinAVR/ATmega2560/port.o
 .comment       0x00000030       0x31 FreeRTOS/Source/queue.o
 .comment       0x00000030       0x31 FreeRTOS/Source/tasks.o
 .comment       0x00000030       0x31 main.o
 .comment       0x00000030       0x31 project/src/BMP390.o
 .comment       0x00000030       0x31 project/src/buzzer.o
 .comment       0x00000030       0x31 project/src/servo.o
 .comment       0x00000030       0x31 project/src/spi.o
 .comment       0x00000030       0x31 project/src/states.o
 .comment       0x00000030       0x31 project/src/tasks.o
 .comment       0x00000030       0x31 project/src/telemetry.o
 .comment       0x00000030       0x31 project/src/uart.o
 .comment       0x00000030       0x31 project/src/w25qxx.o
 .comment       0x00000030       0x31 c:/program files (x86)/atmel/studio/7.0/toolchain/avr8/avr8-gnu-toolchain/bin/../lib/gcc/avr/5.4.0/../../../../avr/lib/avr6\libc.a(sprintf.o)
 .comment       0x00000030       0x2c c:/program files (x86)/atmel/studio/7.0/toolchain/avr8/avr8-gnu-toolchain/bin/../lib/gcc/avr/5.4.0/../../../../avr/lib/avr6\libc.a(vfprintf_std.o)
                                 0x2d (size before relaxing)
 .comment       0x0000005c       0x31 c:/program files (x86)/atmel/studio/7.0/toolchain/avr8/avr8-gnu-toolchain/bin/../lib/gcc/avr/5.4.0/../../../../avr/lib/avr6\libc.a(fputc.o)

.note.gnu.avr.deviceinfo
                0x00000000       0x40
 .note.gnu.avr.deviceinfo
                0x00000000       0x40 C:/Program Files (x86)/Atmel/Studio/7.0/Packs/atmel/ATmega_DFP/1.7.374/gcc/dev/atmega2560/avr6/crtatmega2560.o

.note.gnu.build-id
 *(.note.gnu.build-id)

.debug
 *(.debug)

.line
 *(.line)

.debug_srcinfo
 *(.debug_srcinfo)

.debug_sfnames
 *(.debug_sfnames)

.debug_aranges  0x00000000      0x6a0
 *(.debug_aranges)
 .debug_aranges
                0x00000000       0x40 FreeRTOS/Source/list.o
 .debug_aranges
                0x00000040       0x50 FreeRTOS/Source/portable/MemMang/heap_4.o
 .debug_aranges
                0x00000090       0x50 FreeRTOS/Source/portable/WinAVR/ATmega2560/port.o
 .debug_aranges
                0x000000e0      0x100 FreeRTOS/Source/queue.o
 .debug_aranges
                0x000001e0      0x190 FreeRTOS/Source/tasks.o
 .debug_aranges
                0x00000370       0x28 main.o
 .debug_aranges
                0x00000398       0x80 project/src/BMP390.o
 .debug_aranges
                0x00000418       0x28 project/src/buzzer.o
 .debug_aranges
                0x00000440       0x30 project/src/servo.o
 .debug_aranges
                0x00000470       0x38 project/src/spi.o
 .debug_aranges
                0x000004a8       0x50 project/src/states.o
 .debug_aranges
                0x000004f8       0x38 project/src/tasks.o
 .debug_aranges
                0x00000530       0x38 project/src/telemetry.o
 .debug_aranges
                0x00000568       0x98 project/src/uart.o
 .debug_aranges
                0x00000600       0xa0 project/src/w25qxx.o

.debug_pubnames
 *(.debug_pubnames)

.debug_info     0x00000000     0x8bc7
 *(.debug_info .gnu.linkonce.wi.*)
 .debug_info    0x00000000      0xbbc C:/Program Files (x86)/Atmel/Studio/7.0/Packs/atmel/ATmega_DFP/1.7.374/gcc/dev/atmega2560/avr6/crtatmega2560.o
 .debug_info    0x00000bbc      0x2ca FreeRTOS/Source/list.o
 .debug_info    0x00000e86      0x38b FreeRTOS/Source/portable/MemMang/heap_4.o
 .debug_info    0x00001211      0x243 FreeRTOS/Source/portable/WinAVR/ATmega2560/port.o
 .debug_info    0x00001454     0x1628 FreeRTOS/Source/queue.o
 .debug_info    0x00002a7c     0x1d9f FreeRTOS/Source/tasks.o
 .debug_info    0x0000481b      0x685 main.o
 .debug_info    0x00004ea0      0x92a project/src/BMP390.o
 .debug_info    0x000057ca       0x97 project/src/buzzer.o
 .debug_info    0x00005861       0xb7 project/src/servo.o
 .debug_info    0x00005918       0xfd project/src/spi.o
 .debug_info    0x00005a15      0x7f8 project/src/states.o
 .debug_info    0x0000620d      0x79c project/src/tasks.o
 .debug_info    0x000069a9      0xdcb project/src/telemetry.o
 .debug_info    0x00007774      0x4ef project/src/uart.o
 .debug_info    0x00007c63      0xf64 project/src/w25qxx.o

.debug_abbrev   0x00000000     0x2323
 *(.debug_abbrev)
 .debug_abbrev  0x00000000      0xb1a C:/Program Files (x86)/Atmel/Studio/7.0/Packs/atmel/ATmega_DFP/1.7.374/gcc/dev/atmega2560/avr6/crtatmega2560.o
 .debug_abbrev  0x00000b1a       0xf8 FreeRTOS/Source/list.o
 .debug_abbrev  0x00000c12      0x1cc FreeRTOS/Source/portable/MemMang/heap_4.o
 .debug_abbrev  0x00000dde      0x143 FreeRTOS/Source/portable/WinAVR/ATmega2560/port.o
 .debug_abbrev  0x00000f21      0x211 FreeRTOS/Source/queue.o
 .debug_abbrev  0x00001132      0x2bf FreeRTOS/Source/tasks.o
 .debug_abbrev  0x000013f1      0x1c8 main.o
 .debug_abbrev  0x000015b9      0x1e0 project/src/BMP390.o
 .debug_abbrev  0x00001799       0x4f project/src/buzzer.o
 .debug_abbrev  0x000017e8       0x4f project/src/servo.o
 .debug_abbrev  0x00001837       0xa3 project/src/spi.o
 .debug_abbrev  0x000018da      0x20f project/src/states.o
 .debug_abbrev  0x00001ae9      0x240 project/src/tasks.o
 .debug_abbrev  0x00001d29      0x216 project/src/telemetry.o
 .debug_abbrev  0x00001f3f      0x193 project/src/uart.o
 .debug_abbrev  0x000020d2      0x251 project/src/w25qxx.o

.debug_line     0x00000000     0x4a60
 *(.debug_line .debug_line.* .debug_line_end)
 .debug_line    0x00000000      0x1fa C:/Program Files (x86)/Atmel/Studio/7.0/Packs/atmel/ATmega_DFP/1.7.374/gcc/dev/atmega2560/avr6/crtatmega2560.o
 .debug_line    0x000001fa      0x222 FreeRTOS/Source/list.o
 .debug_line    0x0000041c      0x376 FreeRTOS/Source/portable/MemMang/heap_4.o
 .debug_line    0x00000792      0x2f9 FreeRTOS/Source/portable/WinAVR/ATmega2560/port.o
 .debug_line    0x00000a8b      0xba5 FreeRTOS/Source/queue.o
 .debug_line    0x00001630     0x1244 FreeRTOS/Source/tasks.o
 .debug_line    0x00002874      0x28e main.o
 .debug_line    0x00002b02      0x435 project/src/BMP390.o
 .debug_line    0x00002f37       0xcf project/src/buzzer.o
 .debug_line    0x00003006      0x108 project/src/servo.o
 .debug_line    0x0000310e      0x114 project/src/spi.o
 .debug_line    0x00003222      0x346 project/src/states.o
 .debug_line    0x00003568      0x327 project/src/tasks.o
 .debug_line    0x0000388f      0x6a4 project/src/telemetry.o
 .debug_line    0x00003f33      0x417 project/src/uart.o
 .debug_line    0x0000434a      0x716 project/src/w25qxx.o

.debug_frame    0x00000000     0x165c
 *(.debug_frame)
 .debug_frame   0x00000000       0x90 FreeRTOS/Source/list.o
 .debug_frame   0x00000090       0xd0 FreeRTOS/Source/portable/MemMang/heap_4.o
 .debug_frame   0x00000160       0x84 FreeRTOS/Source/portable/WinAVR/ATmega2560/port.o
 .debug_frame   0x000001e4      0x3cc FreeRTOS/Source/queue.o
 .debug_frame   0x000005b0      0x6ac FreeRTOS/Source/tasks.o
 .debug_frame   0x00000c5c       0x50 main.o
 .debug_frame   0x00000cac      0x240 project/src/BMP390.o
 .debug_frame   0x00000eec       0x34 project/src/buzzer.o
 .debug_frame   0x00000f20       0x44 project/src/servo.o
 .debug_frame   0x00000f64       0x54 project/src/spi.o
 .debug_frame   0x00000fb8       0xd4 project/src/states.o
 .debug_frame   0x0000108c       0x94 project/src/tasks.o
 .debug_frame   0x00001120       0x74 project/src/telemetry.o
 .debug_frame   0x00001194      0x200 project/src/uart.o
 .debug_frame   0x00001394      0x2c8 project/src/w25qxx.o

.debug_str      0x00000000     0x21f3
 *(.debug_str)
 .debug_str     0x00000000      0x3e6 C:/Program Files (x86)/Atmel/Studio/7.0/Packs/atmel/ATmega_DFP/1.7.374/gcc/dev/atmega2560/avr6/crtatmega2560.o
 .debug_str     0x000003e6      0x282 FreeRTOS/Source/list.o
                                0x2c1 (size before relaxing)
 .debug_str     0x00000668      0x20e FreeRTOS/Source/portable/MemMang/heap_4.o
                                0x386 (size before relaxing)
 .debug_str     0x00000876      0x142 FreeRTOS/Source/portable/WinAVR/ATmega2560/port.o
                                0x2cd (size before relaxing)
 .debug_str     0x000009b8      0x5e0 FreeRTOS/Source/queue.o
                                0x8a0 (size before relaxing)
 .debug_str     0x00000f98      0x83e FreeRTOS/Source/tasks.o
                                0xd0e (size before relaxing)
 .debug_str     0x000017d6      0x194 main.o
                                0x35d (size before relaxing)
 .debug_str     0x0000196a      0x27a project/src/BMP390.o
                                0x43f (size before relaxing)
 .debug_str     0x00001be4       0x18 project/src/buzzer.o
                                0x18f (size before relaxing)
 .debug_str     0x00001bfc       0x17 project/src/servo.o
                                0x1a0 (size before relaxing)
 .debug_str     0x00001c13       0x15 project/src/spi.o
                                0x1ae (size before relaxing)
 .debug_str     0x00001c28      0x248 project/src/states.o
                                0x4f9 (size before relaxing)
 .debug_str     0x00001e70       0x56 project/src/tasks.o
                                0x4d1 (size before relaxing)
 .debug_str     0x00001ec6      0x11c project/src/telemetry.o
                                0x543 (size before relaxing)
 .debug_str     0x00001fe2       0xa1 project/src/uart.o
                                0x306 (size before relaxing)
 .debug_str     0x00002083      0x170 project/src/w25qxx.o
                                0x56b (size before relaxing)

.debug_loc      0x00000000     0x6caf
 *(.debug_loc)
 .debug_loc     0x00000000      0x17d FreeRTOS/Source/list.o
 .debug_loc     0x0000017d      0x32f FreeRTOS/Source/portable/MemMang/heap_4.o
 .debug_loc     0x000004ac      0x2d3 FreeRTOS/Source/portable/WinAVR/ATmega2560/port.o
 .debug_loc     0x0000077f     0x1d6f FreeRTOS/Source/queue.o
 .debug_loc     0x000024ee     0x22bb FreeRTOS/Source/tasks.o
 .debug_loc     0x000047a9      0x139 main.o
 .debug_loc     0x000048e2      0xa83 project/src/BMP390.o
 .debug_loc     0x00005365       0x1f project/src/spi.o
 .debug_loc     0x00005384      0x1c1 project/src/states.o
 .debug_loc     0x00005545      0x1f6 project/src/tasks.o
 .debug_loc     0x0000573b      0x3aa project/src/telemetry.o
 .debug_loc     0x00005ae5      0x58d project/src/uart.o
 .debug_loc     0x00006072      0xc3d project/src/w25qxx.o

.debug_macinfo
 *(.debug_macinfo)

.debug_weaknames
 *(.debug_weaknames)

.debug_funcnames
 *(.debug_funcnames)

.debug_typenames
 *(.debug_typenames)

.debug_varnames
 *(.debug_varnames)

.debug_pubtypes
 *(.debug_pubtypes)

.debug_ranges   0x00000000      0x698
 *(.debug_ranges)
 .debug_ranges  0x00000000       0x30 FreeRTOS/Source/list.o
 .debug_ranges  0x00000030       0x40 FreeRTOS/Source/portable/MemMang/heap_4.o
 .debug_ranges  0x00000070       0x40 FreeRTOS/Source/portable/WinAVR/ATmega2560/port.o
 .debug_ranges  0x000000b0      0x138 FreeRTOS/Source/queue.o
 .debug_ranges  0x000001e8      0x1c0 FreeRTOS/Source/tasks.o
 .debug_ranges  0x000003a8       0x18 main.o
 .debug_ranges  0x000003c0       0x70 project/src/BMP390.o
 .debug_ranges  0x00000430       0x18 project/src/buzzer.o
 .debug_ranges  0x00000448       0x20 project/src/servo.o
 .debug_ranges  0x00000468       0x28 project/src/spi.o
 .debug_ranges  0x00000490       0x40 project/src/states.o
 .debug_ranges  0x000004d0       0x28 project/src/tasks.o
 .debug_ranges  0x000004f8       0x58 project/src/telemetry.o
 .debug_ranges  0x00000550       0x88 project/src/uart.o
 .debug_ranges  0x000005d8       0xc0 project/src/w25qxx.o

.debug_macro
 *(.debug_macro)
OUTPUT(obc.elf elf32-avr)
LOAD linker stubs
