Archive member included to satisfy reference by file (symbol)

c:/program files (x86)/atmel/studio/7.0/toolchain/avr8/avr8-gnu-toolchain/bin/../lib/gcc/avr/5.4.0/../../../../avr/lib/avr6\libm.a(addsf3.o)
                              project/src/BMP390.o (__subsf3)
c:/program files (x86)/atmel/studio/7.0/toolchain/avr8/avr8-gnu-toolchain/bin/../lib/gcc/avr/5.4.0/../../../../avr/lib/avr6\libm.a(addsf3x.o)
                              c:/program files (x86)/atmel/studio/7.0/toolchain/avr8/avr8-gnu-toolchain/bin/../lib/gcc/avr/5.4.0/../../../../avr/lib/avr6\libm.a(addsf3.o) (__addsf3x)
c:/program files (x86)/atmel/studio/7.0/toolchain/avr8/avr8-gnu-toolchain/bin/../lib/gcc/avr/5.4.0/../../../../avr/lib/avr6\libm.a(cmpsf2.o)
                              project/src/tasks.o (__ltsf2)
c:/program files (x86)/atmel/studio/7.0/toolchain/avr8/avr8-gnu-toolchain/bin/../lib/gcc/avr/5.4.0/../../../../avr/lib/avr6\libm.a(divsf3.o)
                              project/src/BNO055.o (__divsf3)
c:/program files (x86)/atmel/studio/7.0/toolchain/avr8/avr8-gnu-toolchain/bin/../lib/gcc/avr/5.4.0/../../../../avr/lib/avr6\libm.a(divsf3x.o)
                              c:/program files (x86)/atmel/studio/7.0/toolchain/avr8/avr8-gnu-toolchain/bin/../lib/gcc/avr/5.4.0/../../../../avr/lib/avr6\libm.a(divsf3.o) (__divsf3x)
c:/program files (x86)/atmel/studio/7.0/toolchain/avr8/avr8-gnu-toolchain/bin/../lib/gcc/avr/5.4.0/../../../../avr/lib/avr6\libm.a(floatsisf.o)
                              project/src/BMP390.o (__floatunsisf)
c:/program files (x86)/atmel/studio/7.0/toolchain/avr8/avr8-gnu-toolchain/bin/../lib/gcc/avr/5.4.0/../../../../avr/lib/avr6\libm.a(fp_cmp.o)
                              c:/program files (x86)/atmel/studio/7.0/toolchain/avr8/avr8-gnu-toolchain/bin/../lib/gcc/avr/5.4.0/../../../../avr/lib/avr6\libm.a(cmpsf2.o) (__fp_cmp)
c:/program files (x86)/atmel/studio/7.0/toolchain/avr8/avr8-gnu-toolchain/bin/../lib/gcc/avr/5.4.0/../../../../avr/lib/avr6\libm.a(fp_inf.o)
                              c:/program files (x86)/atmel/studio/7.0/toolchain/avr8/avr8-gnu-toolchain/bin/../lib/gcc/avr/5.4.0/../../../../avr/lib/avr6\libm.a(addsf3x.o) (__fp_inf)
c:/program files (x86)/atmel/studio/7.0/toolchain/avr8/avr8-gnu-toolchain/bin/../lib/gcc/avr/5.4.0/../../../../avr/lib/avr6\libm.a(fp_nan.o)
                              c:/program files (x86)/atmel/studio/7.0/toolchain/avr8/avr8-gnu-toolchain/bin/../lib/gcc/avr/5.4.0/../../../../avr/lib/avr6\libm.a(addsf3x.o) (__fp_nan)
c:/program files (x86)/atmel/studio/7.0/toolchain/avr8/avr8-gnu-toolchain/bin/../lib/gcc/avr/5.4.0/../../../../avr/lib/avr6\libm.a(fp_pscA.o)
                              c:/program files (x86)/atmel/studio/7.0/toolchain/avr8/avr8-gnu-toolchain/bin/../lib/gcc/avr/5.4.0/../../../../avr/lib/avr6\libm.a(addsf3x.o) (__fp_pscA)
c:/program files (x86)/atmel/studio/7.0/toolchain/avr8/avr8-gnu-toolchain/bin/../lib/gcc/avr/5.4.0/../../../../avr/lib/avr6\libm.a(fp_pscB.o)
                              c:/program files (x86)/atmel/studio/7.0/toolchain/avr8/avr8-gnu-toolchain/bin/../lib/gcc/avr/5.4.0/../../../../avr/lib/avr6\libm.a(addsf3x.o) (__fp_pscB)
c:/program files (x86)/atmel/studio/7.0/toolchain/avr8/avr8-gnu-toolchain/bin/../lib/gcc/avr/5.4.0/../../../../avr/lib/avr6\libm.a(fp_round.o)
                              c:/program files (x86)/atmel/studio/7.0/toolchain/avr8/avr8-gnu-toolchain/bin/../lib/gcc/avr/5.4.0/../../../../avr/lib/avr6\libm.a(addsf3.o) (__fp_round)
c:/program files (x86)/atmel/studio/7.0/toolchain/avr8/avr8-gnu-toolchain/bin/../lib/gcc/avr/5.4.0/../../../../avr/lib/avr6\libm.a(fp_split3.o)
                              c:/program files (x86)/atmel/studio/7.0/toolchain/avr8/avr8-gnu-toolchain/bin/../lib/gcc/avr/5.4.0/../../../../avr/lib/avr6\libm.a(addsf3x.o) (__fp_split3)
c:/program files (x86)/atmel/studio/7.0/toolchain/avr8/avr8-gnu-toolchain/bin/../lib/gcc/avr/5.4.0/../../../../avr/lib/avr6\libm.a(fp_zero.o)
                              c:/program files (x86)/atmel/studio/7.0/toolchain/avr8/avr8-gnu-toolchain/bin/../lib/gcc/avr/5.4.0/../../../../avr/lib/avr6\libm.a(addsf3x.o) (__fp_zero)
c:/program files (x86)/atmel/studio/7.0/toolchain/avr8/avr8-gnu-toolchain/bin/../lib/gcc/avr/5.4.0/../../../../avr/lib/avr6\libm.a(gesf2.o)
                              project/src/tasks.o (__gtsf2)
c:/program files (x86)/atmel/studio/7.0/toolchain/avr8/avr8-gnu-toolchain/bin/../lib/gcc/avr/5.4.0/../../../../avr/lib/avr6\libm.a(mulsf3.o)
                              project/src/BMP390.o (__mulsf3)
c:/program files (x86)/atmel/studio/7.0/toolchain/avr8/avr8-gnu-toolchain/bin/../lib/gcc/avr/5.4.0/../../../../avr/lib/avr6\libm.a(mulsf3x.o)
                              c:/program files (x86)/atmel/studio/7.0/toolchain/avr8/avr8-gnu-toolchain/bin/../lib/gcc/avr/5.4.0/../../../../avr/lib/avr6\libm.a(mulsf3.o) (__mulsf3x)
[...]
Memory Configuration

Name             Origin             Length             Attributes
text             0x00000000         0x00040000         xr
data             0x00800200         0x00002000         rw !x
eeprom           0x00810000         0x00001000         rw !x
fuse             0x00820000         0x00000003         rw !x
lock             0x00830000         0x00000400         rw !x
signature        0x00840000         0x00000400         rw !x
user_signatures  0x00850000         0x00000400         rw !x
*default*        0x00000000         0xffffffff

Linker script and memory map

Address of section .data set to 0x800200
LOAD C:/Program Files (x86)/Atmel/Studio/7.0/Packs/atmel/ATmega_DFP/1.7.374/gcc/dev/atmega2560/avr6/crtatmega2560.o
LOAD FreeRTOS/Source/list.o
LOAD FreeRTOS/Source/portable/MemMang/heap_4.o
LOAD FreeRTOS/Source/portable/WinAVR/ATmega2560/port.o
LOAD FreeRTOS/Source/queue.o
LOAD FreeRTOS/Source/tasks.o
LOAD FreeRTOS/Source/timers.o
LOAD main.o
LOAD project/src/BMP390.o
LOAD project/src/BNO055.o
LOAD project/src/buzzer.o
LOAD project/src/i2c.o
LOAD project/src/servo.o
LOAD project/src/spi.o
LOAD project/src/states.o
LOAD project/src/tasks.o
LOAD project/src/telemetry.o
LOAD project/src/uart.o
LOAD project/src/w25qxx.o
LOAD project/src/XBEE.o
START GROUP
LOAD c:/program files (x86)/atmel/studio/7.0/toolchain/avr8/avr8-gnu-toolchain/bin/../lib/gcc/avr/5.4.0/../../../../avr/lib/avr6\libm.a
END GROUP
START GROUP
LOAD c:/program files (x86)/atmel/studio/7.0/toolchain/avr8/avr8-gnu-toolchain/bin/../lib/gcc/avr/5.4.0/avr6\libgcc.a
LOAD c:/program files (x86)/atmel/studio/7.0/toolchain/avr8/avr8-gnu-toolchain/bin/../lib/gcc/avr/5.4.0/../../../../avr/lib/avr6\libm.a
LOAD c:/program files (x86)/atmel/studio/7.0/toolchain/avr8/avr8-gnu-toolchain/bin/../lib/gcc/avr/5.4.0/../../../../avr/lib/avr6\libc.a
LOAD C:/Program Files (x86)/Atmel/Studio/7.0/Packs/atmel/ATmega_DFP/1.7.374/gcc/dev/atmega2560/avr6\libatmega2560.a
END GROUP
                0x00000000                __TEXT_REGION_ORIGIN__ = DEFINED (__TEXT_REGION_ORIGIN__)?__TEXT_REGION_ORIGIN__:0x0
                [0x00800200]                __DATA_REGION_ORIGIN__ = DEFINED (__DATA_REGION_ORIGIN__)?__DATA_REGION_ORIGIN__:0x800200
                [0x00040000]                __TEXT_REGION_LENGTH__ = DEFINED (__TEXT_REGION_LENGTH__)?__TEXT_REGION_LENGTH__:0x100000
                [0x00002000]                __DATA_REGION_LENGTH__ = DEFINED (__DATA_REGION_LENGTH__)?__DATA_REGION_LENGTH__:0xfe00
                [0x00001000]                __EEPROM_REGION_LENGTH__ = DEFINED (__EEPROM_REGION_LENGTH__)?__EEPROM_REGION_LENGTH__:0x10000
                [0x00000003]                __FUSE_REGION_LENGTH__ = DEFINED (__FUSE_REGION_LENGTH__)?__FUSE_REGION_LENGTH__:0x400
                0x00000400                __LOCK_REGION_LENGTH__ = DEFINED (__LOCK_REGION_LENGTH__)?__LOCK_REGION_LENGTH__:0x400
                0x00000400                __SIGNATURE_REGION_LENGTH__ = DEFINED (__SIGNATURE_REGION_LENGTH__)?__SIGNATURE_REGION_LENGTH__:0x400
                0x00000400                __USER_SIGNATURE_REGION_LENGTH__ = DEFINED (__USER_SIGNATURE_REGION_LENGTH__)?__USER_SIGNATURE_REGION_LENGTH__:0x400

.hash
 *(.hash)

.dynsym
 *(.dynsym)

.dynstr
 *(.dynstr)

.gnu.version
 *(.gnu.version)

.gnu.version_d
 *(.gnu.version_d)

.gnu.version_r
 *(.gnu.version_r)

.rel.init
 *(.rel.init)

.rela.init
 *(.rela.init)

.rel.text
 *(.rel.text)
 *(.rel.text.*)
 *(.rel.gnu.linkonce.t*)

.rela.text
 *(.rela.text)
 *(.rela.text.*)
 *(.rela.gnu.linkonce.t*)

.rel.fini
 *(.rel.fini)

.rela.fini
 *(.rela.fini)

.rel.rodata
 *(.rel.rodata)
 *(.rel.rodata.*)
 *(.rel.gnu.linkonce.r*)

.rela.rodata
 *(.rela.rodata)
 *(.rela.rodata.*)
 *(.rela.gnu.linkonce.r*)

.rel.data
 *(.rel.data)
 *(.rel.data.*)
 *(.rel.gnu.linkonce.d*)

.rela.data
 *(.rela.data)
 *(.rela.data.*)
 *(.rela.gnu.linkonce.d*)

.rel.ctors
 *(.rel.ctors)

.rela.ctors
 *(.rela.ctors)

.rel.dtors
 *(.rel.dtors)

.rela.dtors
 *(.rela.dtors)

.rel.got
 *(.rel.got)

.rela.got
 *(.rela.got)

.rel.bss
 *(.rel.bss)

.rela.bss
 *(.rela.bss)

.rel.plt
 *(.rel.plt)

.rela.plt
 *(.rela.plt)

.text           0x00000000     0x4508
 *(.vectors)
 .vectors       0x00000000       0xe4 C:/Program Files (x86)/Atmel/Studio/7.0/Packs/atmel/ATmega_DFP/1.7.374/gcc/dev/atmega2560/avr6/crtatmega2560.o
                0x00000000                __vector_default
                0x00000000                __vectors
 *(.vectors)
 *(.progmem.gcc*)
 .progmem.gcc_sw_table.receive_from_ground
                0x000000e4       0x16 project/src/telemetry.o
 .progmem.gcc_fplib
                0x000000fa       0x28 c:/program files (x86)/atmel/studio/7.0/toolchain/avr8/avr8-gnu-toolchain/bin/../lib/gcc/avr/5.4.0/../../../../avr/lib/avr6\libm.a(exp.o)
 .progmem.gcc_fplib
                0x00000122       0x5a c:/program files (x86)/atmel/studio/7.0/toolchain/avr8/avr8-gnu-toolchain/bin/../lib/gcc/avr/5.4.0/../../../../avr/lib/avr6\libm.a(log.o)
                0x0000017c                . = ALIGN (0x2)
                0x0000017c                __trampolines_start = .
 *(.trampolines)
 .trampolines   0x0000017c        0x0 linker stubs
 *(.trampolines*)
                0x0000017c                __trampolines_end = .
 *libprintf_flt.a:*(.progmem.data)
 *libc.a:*(.progmem.data)
 *(.progmem*)
                0x0000017c                . = ALIGN (0x2)
 *(.jumptables)
 *(.jumptables*)
 *(.lowtext)
 *(.lowtext*)
                0x0000017c                __ctors_start = .
 *(.ctors)
                0x0000017c                __ctors_end = .
                0x0000017c                __dtors_start = .
 *(.dtors)
                0x0000017c                __dtors_end = .
 SORT(*)(.ctors)
 SORT(*)(.dtors)
 *(.init0)
 .init0         0x0000017c        0x0 C:/Program Files (x86)/Atmel/Studio/7.0/Packs/atmel/ATmega_DFP/1.7.374/gcc/dev/atmega2560/avr6/crtatmega2560.o
                0x0000017c                __init
 *(.init0)
 *(.init1)
 *(.init1)
 *(.init2)
 .init2         0x0000017c       0x10 C:/Program Files (x86)/Atmel/Studio/7.0/Packs/atmel/ATmega_DFP/1.7.374/gcc/dev/atmega2560/avr6/crtatmega2560.o
 *(.init2)
 *(.init3)
 *(.init3)
 *(.init4)
 .init4         0x0000018c       0x1a c:/program files (x86)/atmel/studio/7.0/toolchain/avr8/avr8-gnu-toolchain/bin/../lib/gcc/avr/5.4.0/avr6\libgcc.a(_copy_data.o)
                0x0000018c                __do_copy_data
 .init4         0x000001a6       0x10 c:/program files (x86)/atmel/studio/7.0/toolchain/avr8/avr8-gnu-toolchain/bin/../lib/gcc/avr/5.4.0/avr6\libgcc.a(_clear_bss.o)
                0x000001a6                __do_clear_bss
 *(.init4)
 *(.init5)
 *(.init5)
 *(.init6)
 *(.init6)
 *(.init7)
 *(.init7)
 *(.init8)
 *(.init8)
 *(.init9)
 .init9         0x000001b6        0x8 C:/Program Files (x86)/Atmel/Studio/7.0/Packs/atmel/ATmega_DFP/1.7.374/gcc/dev/atmega2560/avr6/crtatmega2560.o
 *(.init9)
 *(.text)
 .text          0x000001be        0x2 C:/Program Files (x86)/Atmel/Studio/7.0/Packs/atmel/ATmega_DFP/1.7.374/gcc/dev/atmega2560/avr6/crtatmega2560.o
                0x000001be                __vector_38
                0x000001be                __vector_22
                0x000001be                __vector_28
                0x000001be                __vector_1
                0x000001be                __vector_32
                0x000001be                __vector_34
                0x000001be                __vector_24
                0x000001be                __vector_12
                0x000001be                __vector_55
                0x000001be                __vector_46
                0x000001be                __bad_interrupt
                0x000001be                __vector_6
                0x000001be                __vector_31
                0x000001be                __vector_35
                0x000001be                __vector_39
                0x000001be                __vector_3
                0x000001be                __vector_23
                0x000001be                __vector_30
                0x000001be                __vector_45
                0x000001be                __vector_25
                0x000001be                __vector_11
                0x000001be                __vector_54
                0x000001be                __vector_13
                0x000001be                __vector_19
                0x000001be                __vector_56
                0x000001be                __vector_7
                0x000001be                __vector_49
                0x000001be                __vector_41
                0x000001be                __vector_43
                0x000001be                __vector_27
                0x000001be                __vector_5
                0x000001be                __vector_33
                0x000001be                __vector_47
                0x000001be                __vector_52
                0x000001be                __vector_37
                0x000001be                __vector_4
                0x000001be                __vector_44
                0x000001be                __vector_9
                0x000001be                __vector_2
                0x000001be                __vector_21
                0x000001be                __vector_15
                0x000001be                __vector_29
                0x000001be                __vector_40
                0x000001be                __vector_8
                0x000001be                __vector_26
                0x000001be                __vector_48
                0x000001be                __vector_14
                0x000001be                __vector_53
                0x000001be                __vector_10
                0x000001be                __vector_50
                0x000001be                __vector_16
                0x000001be                __vector_18
                0x000001be                __vector_20
                0x000001be                __vector_42
                0x000001c0                . = ALIGN (0x2)
 *(.text.*)
 .text.vListInitialise
                0x000001c0       0x22 FreeRTOS/Source/list.o
                0x000001c0                vListInitialise
 .text.vListInitialiseItem
                0x000001e2        0x8 FreeRTOS/Source/list.o
                0x000001e2                vListInitialiseItem
 .text.vListInsertEnd
                0x000001ea       0x42 FreeRTOS/Source/list.o
                0x000001ea                vListInsertEnd
 .text.vListInsert
                0x0000022c       0x7a FreeRTOS/Source/list.o
                0x0000022c                vListInsert
 .text.uxListRemove
                0x000002a6       0x4c FreeRTOS/Source/list.o
                0x000002a6                uxListRemove
 .text.prvHeapInit
                0x000002f2       0x6e FreeRTOS/Source/portable/MemMang/heap_4.o
 .text.prvInsertBlockIntoFreeList
                0x00000360       0x94 FreeRTOS/Source/portable/MemMang/heap_4.o
 .text.pvPortMalloc
                0x000003f4      0x124 FreeRTOS/Source/portable/MemMang/heap_4.o
                0x000003f4                pvPortMalloc
 .text.vPortFree
                0x00000518       0x64 FreeRTOS/Source/portable/MemMang/heap_4.o
                0x00000518                vPortFree
 .text.prvSetupTimerInterrupt
                0x0000057c       0x20 FreeRTOS/Source/portable/WinAVR/ATmega2560/port.o
 .text.pxPortInitialiseStack
                0x0000059c       0xe4 FreeRTOS/Source/portable/WinAVR/ATmega2560/port.o
                0x0000059c                pxPortInitialiseStack
 .text.xPortStartScheduler
                0x00000680       0x64 FreeRTOS/Source/portable/WinAVR/ATmega2560/port.o
                0x00000680                xPortStartScheduler
 .text.vPortYield
                0x000006e4       0xc0 FreeRTOS/Source/portable/WinAVR/ATmega2560/port.o
                0x000006e4                vPortYield
 .text.vPortYieldFromTick
                0x000007a4       0xc4 FreeRTOS/Source/portable/WinAVR/ATmega2560/port.o
                0x000007a4                vPortYieldFromTick
 .text.__vector_17
                0x00000868        0x4 FreeRTOS/Source/portable/WinAVR/ATmega2560/port.o
                0x00000868                __vector_17
 .text.prvIsQueueEmpty
                0x0000086c       0x1a FreeRTOS/Source/queue.o
 .text.prvIsQueueFull
                0x00000886       0x1c FreeRTOS/Source/queue.o
 .text.prvCopyDataToQueue
                0x000008a2       0xbe FreeRTOS/Source/queue.o
 .text.prvCopyDataFromQueue
                0x00000960       0x34 FreeRTOS/Source/queue.o
 .text.prvUnlockQueue
                0x00000994       0x60 FreeRTOS/Source/queue.o
 .text.xQueueGenericReset
                0x000009f4       0x84 FreeRTOS/Source/queue.o
                0x000009f4                xQueueGenericReset
 .text.prvInitialiseNewQueue
                0x00000a78       0x24 FreeRTOS/Source/queue.o
 .text.xQueueGenericCreate
                0x00000a9c       0x50 FreeRTOS/Source/queue.o
                0x00000a9c                xQueueGenericCreate
 .text.xQueueGenericSend
                0x00000aec      0x116 FreeRTOS/Source/queue.o
                0x00000aec                xQueueGenericSend
 .text.prvInitialiseMutex
                0x00000c02       0x24 FreeRTOS/Source/queue.o
 .text.xQueueCreateMutex
                0x00000c26       0x18 FreeRTOS/Source/queue.o
                0x00000c26                xQueueCreateMutex
 .text.xQueueGenericSendFromISR
                0x00000c3e       0x70 FreeRTOS/Source/queue.o
                0x00000c3e                xQueueGenericSendFromISR
 .text.xQueueGenericReceive
                0x00000cae      0x170 FreeRTOS/Source/queue.o
                0x00000cae                xQueueGenericReceive
 .text.prvResetNextTaskUnblockTime
                0x00000e1e       0x54 FreeRTOS/Source/tasks.o
 .text.prvDeleteTCB
                0x00000e72       0x16 FreeRTOS/Source/tasks.o
 .text.prvInitialiseNewTask
                0x00000e88       0xdc FreeRTOS/Source/tasks.o
 .text.prvInitialiseTaskLists
                0x00000f64       0x54 FreeRTOS/Source/tasks.o
 .text.prvAddNewTaskToReadyList
                0x00000fb8       0xa6 FreeRTOS/Source/tasks.o
 .text.prvAddCurrentTaskToDelayedList
                0x0000105e       0xe6 FreeRTOS/Source/tasks.o
 .text.xTaskCreate
                0x00001144       0x9e FreeRTOS/Source/tasks.o
                0x00001144                xTaskCreate
 .text.vTaskDelete
                0x000011e2       0x98 FreeRTOS/Source/tasks.o
                0x000011e2                vTaskDelete
 .text.vTaskStartScheduler
                0x0000127a       0x62 FreeRTOS/Source/tasks.o
                0x0000127a                vTaskStartScheduler
 .text.vTaskSuspendAll
                0x000012dc        0xc FreeRTOS/Source/tasks.o
                0x000012dc                vTaskSuspendAll
 .text.xTaskGetTickCount
                0x000012e8       0x1c FreeRTOS/Source/tasks.o
                0x000012e8                xTaskGetTickCount
 .text.xTaskIncrementTick
                0x00001304      0x19e FreeRTOS/Source/tasks.o
                0x00001304                xTaskIncrementTick
 .text.xTaskResumeAll
                0x000014a2       0xd2 FreeRTOS/Source/tasks.o
                0x000014a2                xTaskResumeAll
 .text.vTaskDelay
                0x00001574       0x34 FreeRTOS/Source/tasks.o
                0x00001574                vTaskDelay
 .text.prvCheckTasksWaitingTermination
                0x000015a8       0x56 FreeRTOS/Source/tasks.o
 .text.prvIdleTask
                0x000015fe        0xe FreeRTOS/Source/tasks.o
 .text.vTaskSwitchContext
                0x0000160c       0x94 FreeRTOS/Source/tasks.o
                0x0000160c                vTaskSwitchContext
 .text.vTaskPlaceOnEventList
                0x000016a0       0x2e FreeRTOS/Source/tasks.o
                0x000016a0                vTaskPlaceOnEventList
 .text.xTaskRemoveFromEventList
                0x000016ce       0x84 FreeRTOS/Source/tasks.o
                0x000016ce                xTaskRemoveFromEventList
 .text.vTaskSetTimeOutState
                0x00001752       0x22 FreeRTOS/Source/tasks.o
                0x00001752                vTaskSetTimeOutState
 .text.xTaskCheckForTimeOut
                0x00001774       0xcc FreeRTOS/Source/tasks.o
                0x00001774                xTaskCheckForTimeOut
 .text.vTaskMissedYield
                0x00001840        0x8 FreeRTOS/Source/tasks.o
                0x00001840                vTaskMissedYield
 .text.vTaskPriorityInherit
                0x00001848       0xbc FreeRTOS/Source/tasks.o
                0x00001848                vTaskPriorityInherit
 .text.xTaskPriorityDisinherit
                0x00001904       0x80 FreeRTOS/Source/tasks.o
                0x00001904                xTaskPriorityDisinherit
 .text.pvTaskIncrementMutexHeldCount
                0x00001984       0x24 FreeRTOS/Source/tasks.o
                0x00001984                pvTaskIncrementMutexHeldCount
 .text.component_init_and_tests
                0x000019a8       0xe0 main.o
                0x000019a8                component_init_and_tests
 .text.main     0x00001a88      0x11e main.o
                0x00001a88                main
 .text.BMP390_read_series
                0x00001ba6       0x56 project/src/BMP390.o
                0x00001ba6                BMP390_read_series
 .text.BMP390_read
                0x00001bfc       0x2a project/src/BMP390.o
                0x00001bfc                BMP390_read
 .text.BMP390_write
                0x00001c26       0x20 project/src/BMP390.o
                0x00001c26                BMP390_write
 .text.BMP390_read_id
                0x00001c46        0x8 project/src/BMP390.o
                0x00001c46                BMP390_read_id
 .text.BMP390_test
                0x00001c4e       0x22 project/src/BMP390.o
                0x00001c4e                BMP390_test
 .text.BMP390_read_data
                0x00001c70       0xb6 project/src/BMP390.o
                0x00001c70                BMP390_read_data
 .text.BMP390_get_temp_data
                0x00001d26       0x9a project/src/BMP390.o
                0x00001d26                BMP390_get_temp_data
 .text.BMP390_get_pres_data
                0x00001dc0      0x2d6 project/src/BMP390.o
                0x00001dc0                BMP390_get_pres_data
 .text.BMP390_get_readings
                0x00002096       0x2a project/src/BMP390.o
                0x00002096                BMP390_get_readings
 .text.parse_calib_data
                0x000020c0      0x2b2 project/src/BMP390.o
                0x000020c0                parse_calib_data
 .text.BMP390_read_calib
                0x00002372       0x4c project/src/BMP390.o
                0x00002372                BMP390_read_calib
 .text.BMP390_init
                0x000023be       0x16 project/src/BMP390.o
                0x000023be                BMP390_init
 .text.BNO055_multiread
                0x000023d4       0x52 project/src/BNO055.o
                0x000023d4                BNO055_multiread
 .text.BNO055_write
                0x00002426       0x1e project/src/BNO055.o
                0x00002426                BNO055_write
 .text.BNO055_init
                0x00002444        0x8 project/src/BNO055.o
                0x00002444                BNO055_init
 .text.BNO055_read_test
                0x0000244c        0xc project/src/BNO055.o
                0x0000244c                BNO055_read_test
 .text.BNO055_test
                0x00002458       0x24 project/src/BNO055.o
                0x00002458                BNO055_test
 .text.BNO055_read_acc
                0x0000247c       0xd4 project/src/BNO055.o
                0x0000247c                BNO055_read_acc
 .text.BNO055_read_mag
                0x00002550       0xd4 project/src/BNO055.o
                0x00002550                BNO055_read_mag
 .text.BNO055_read_gyr
                0x00002624       0xd4 project/src/BNO055.o
                0x00002624                BNO055_read_gyr
 .text.buzzer_start
                0x000026f8       0x16 project/src/buzzer.o
                0x000026f8                buzzer_start
 .text.buzzer_stop
                0x0000270e       0x16 project/src/buzzer.o
                0x0000270e                buzzer_stop
 .text.i2c_init
                0x00002724        0xe project/src/i2c.o
                0x00002724                i2c_init
 .text.i2c_send_start
                0x00002732       0x10 project/src/i2c.o
                0x00002732                i2c_send_start
 .text.i2c_send_stop
                0x00002742        0x8 project/src/i2c.o
                0x00002742                i2c_send_stop
 .text.i2c_enter_MT_mode
                0x0000274a       0x16 project/src/i2c.o
                0x0000274a                i2c_enter_MT_mode
 .text.i2c_enter_MR_mode
                0x00002760       0x1c project/src/i2c.o
                0x00002760                i2c_enter_MR_mode
 .text.i2c_send
                0x0000277c       0x14 project/src/i2c.o
                0x0000277c                i2c_send
 .text.i2c_read_nack
                0x00002790       0x18 project/src/i2c.o
                0x00002790                i2c_read_nack
 .text.i2c_read_ack
                0x000027a8       0x18 project/src/i2c.o
                0x000027a8                i2c_read_ack
 .text.move_servo
                0x000027c0       0x30 project/src/servo.o
                0x000027c0                move_servo
 .text.reset_servo
                0x000027f0       0x30 project/src/servo.o
                0x000027f0                reset_servo
 .text.stop_servo
                0x00002820        0xc project/src/servo.o
                0x00002820                stop_servo
 .text.SPI_init
                0x0000282c       0x14 project/src/spi.o
                0x0000282c                SPI_init
 .text.SPI_select
                0x00002840       0x18 project/src/spi.o
                0x00002840                SPI_select
 .text.SPI_deselect
                0x00002858       0x16 project/src/spi.o
                0x00002858                SPI_deselect
 .text.SPI_transaction
                0x0000286e        0xc project/src/spi.o
                0x0000286e                SPI_transaction
 .text.ascent_handler
                0x0000287a       0x4a project/src/states.o
                0x0000287a                ascent_handler
 .text.descent_hander
                0x000028c4       0x78 project/src/states.o
                0x000028c4                descent_hander
 .text.landing_handler
                0x0000293c       0x5e project/src/states.o
                0x0000293c                landing_handler
 .text.sim_handler
                0x0000299a       0x46 project/src/states.o
                0x0000299a                sim_handler
 .text.release_handler
                0x000029e0       0x60 project/src/states.o
                0x000029e0                release_handler
 .text.calibration_handler
                0x00002a40       0x90 project/src/states.o
                0x00002a40                calibration_handler
 .text.state_manager
                0x00002ad0       0x48 project/src/states.o
                0x00002ad0                state_manager
 .text.is_falling
                0x00002b18       0x30 project/src/tasks.o
                0x00002b18                is_falling
 .text.is_stationary
                0x00002b48       0x32 project/src/tasks.o
                0x00002b48                is_stationary
 .text.data_reading
                0x00002b7a      0x2bc project/src/tasks.o
                0x00002b7a                data_reading
 .text.pgm_verifier
                0x00002e36       0xa6 project/src/tasks.o
                0x00002e36                pgm_verifier
 .text.bootWatchdog
                0x00002edc       0x5c project/src/tasks.o
                0x00002edc                bootWatchdog
 .text.checksum_checker
                0x00002f38       0x20 project/src/telemetry.o
                0x00002f38                checksum_checker
 .text.checksum_calculator
                0x00002f58      0x1fc project/src/telemetry.o
                0x00002f58                checksum_calculator
 .text.send_to_ground
                0x00003154      0x146 project/src/telemetry.o
                0x00003154                send_to_ground
 .text.receive_from_ground
                0x0000329a      0x1ac project/src/telemetry.o
                0x0000329a                receive_from_ground
 .text.UART_init
                0x00003446       0x28 project/src/uart.o
                0x00003446                UART_init
 .text.UART0_tx
                0x0000346e        0xe project/src/uart.o
                0x0000346e                UART0_tx
 .text.UART1_tx
                0x0000347c        0xe project/src/uart.o
                0x0000347c                UART1_tx
 .text.print    0x0000348a       0x18 project/src/uart.o
                0x0000348a                print
 .text.UART1_send_bytes
                0x000034a2       0x26 project/src/uart.o
                0x000034a2                UART1_send_bytes
 .text.UART1_receive_bytes
                0x000034c8       0x94 project/src/uart.o
                0x000034c8                UART1_receive_bytes
 .text.UART1_receive_ok
                0x0000355c       0x54 project/src/uart.o
                0x0000355c                UART1_receive_ok
 .text.__vector_36
                0x000035b0       0x8a project/src/uart.o
                0x000035b0                __vector_36
 .text.__vector_51
                0x0000363a       0x44 project/src/uart.o
                0x0000363a                __vector_51
 .text.UART0_send_bytes
                0x0000367e       0x26 project/src/uart.o
                0x0000367e                UART0_send_bytes
 .text.W25QXX_readID
                0x000036a4       0x42 project/src/w25qxx.o
                0x000036a4                W25QXX_readID
 .text.W25QXX_test
                0x000036e6       0x32 project/src/w25qxx.o
                0x000036e6                W25QXX_test
 .text.wait_for_response
                0x00003718       0x58 project/src/XBEE.o
                0x00003718                wait_for_response
 .text.send_AT_command
                0x00003770       0xa4 project/src/XBEE.o
                0x00003770                send_AT_command
 .text.avr-libc.fplib
                0x00003814        0xa c:/program files (x86)/atmel/studio/7.0/toolchain/avr8/avr8-gnu-toolchain/bin/../lib/gcc/avr/5.4.0/../../../../avr/lib/avr6\libm.a(addsf3.o)
                0x00003814                __subsf3
                0x00003816                __addsf3
 .text.avr-libc.fplib
                0x0000381e       0xc0 c:/program files (x86)/atmel/studio/7.0/toolchain/avr8/avr8-gnu-toolchain/bin/../lib/gcc/avr/5.4.0/../../../../avr/lib/avr6\libm.a(addsf3x.o)
                0x00003838                __addsf3x
 .text.avr-libc.fplib
                0x000038de        0x8 c:/program files (x86)/atmel/studio/7.0/toolchain/avr8/avr8-gnu-toolchain/bin/../lib/gcc/avr/5.4.0/../../../../avr/lib/avr6\libm.a(cmpsf2.o)
                0x000038de                __nesf2
                0x000038de                __eqsf2
                0x000038de                __cmpsf2
                0x000038de                __ltsf2
                0x000038de                __lesf2
 .text.avr-libc.fplib
                0x000038e6        0x4 c:/program files (x86)/atmel/studio/7.0/toolchain/avr8/avr8-gnu-toolchain/bin/../lib/gcc/avr/5.4.0/../../../../avr/lib/avr6\libm.a(divsf3.o)
                0x000038e6                __divsf3
 .text.avr-libc.fplib
                0x000038ea       0xcc c:/program files (x86)/atmel/studio/7.0/toolchain/avr8/avr8-gnu-toolchain/bin/../lib/gcc/avr/5.4.0/../../../../avr/lib/avr6\libm.a(divsf3x.o)
                0x00003900                __divsf3x
                0x00003904                __divsf3_pse
 .text.avr-libc.fplib
                0x000039b6       0x7a c:/program files (x86)/atmel/studio/7.0/toolchain/avr8/avr8-gnu-toolchain/bin/../lib/gcc/avr/5.4.0/../../../../avr/lib/avr6\libm.a(floatsisf.o)
                0x000039b6                __floatunsisf
                0x000039ba                __floatsisf
 .text.avr-libc.fplib
                0x00003a30       0x48 c:/program files (x86)/atmel/studio/7.0/toolchain/avr8/avr8-gnu-toolchain/bin/../lib/gcc/avr/5.4.0/../../../../avr/lib/avr6\libm.a(fp_cmp.o)
                0x00003a30                __fp_cmp
 .text.avr-libc.fplib
                0x00003a78        0xc c:/program files (x86)/atmel/studio/7.0/toolchain/avr8/avr8-gnu-toolchain/bin/../lib/gcc/avr/5.4.0/../../../../avr/lib/avr6\libm.a(fp_inf.o)
                0x00003a78                __fp_inf
 .text.avr-libc.fplib
                0x00003a84        0x6 c:/program files (x86)/atmel/studio/7.0/toolchain/avr8/avr8-gnu-toolchain/bin/../lib/gcc/avr/5.4.0/../../../../avr/lib/avr6\libm.a(fp_nan.o)
                0x00003a84                __fp_nan
 .text.avr-libc.fplib
                0x00003a8a        0xe c:/program files (x86)/atmel/studio/7.0/toolchain/avr8/avr8-gnu-toolchain/bin/../lib/gcc/avr/5.4.0/../../../../avr/lib/avr6\libm.a(fp_pscA.o)
                0x00003a8a                __fp_pscA
 .text.avr-libc.fplib
                0x00003a98        0xe c:/program files (x86)/atmel/studio/7.0/toolchain/avr8/avr8-gnu-toolchain/bin/../lib/gcc/avr/5.4.0/../../../../avr/lib/avr6\libm.a(fp_pscB.o)
                0x00003a98                __fp_pscB
 .text.avr-libc.fplib
                0x00003aa6       0x22 c:/program files (x86)/atmel/studio/7.0/toolchain/avr8/avr8-gnu-toolchain/bin/../lib/gcc/avr/5.4.0/../../../../avr/lib/avr6\libm.a(fp_round.o)
                0x00003aa6                __fp_round
 .text.avr-libc.fplib
                0x00003ac8       0x44 c:/program files (x86)/atmel/studio/7.0/toolchain/avr8/avr8-gnu-toolchain/bin/../lib/gcc/avr/5.4.0/../../../../avr/lib/avr6\libm.a(fp_split3.o)
                0x00003ac8                __fp_split3
                0x00003ad8                __fp_splitA
 .text.avr-libc.fplib
                0x00003b0c        0xe c:/program files (x86)/atmel/studio/7.0/toolchain/avr8/avr8-gnu-toolchain/bin/../lib/gcc/avr/5.4.0/../../../../avr/lib/avr6\libm.a(fp_zero.o)
                0x00003b0c                __fp_zero
                0x00003b0e                __fp_szero
 .text.avr-libc.fplib
                0x00003b1a        0x8 c:/program files (x86)/atmel/studio/7.0/toolchain/avr8/avr8-gnu-toolchain/bin/../lib/gcc/avr/5.4.0/../../../../avr/lib/avr6\libm.a(gesf2.o)
                0x00003b1a                __gesf2
                0x00003b1a                __gtsf2
 .text.avr-libc.fplib
                0x00003b22        0x4 c:/program files (x86)/atmel/studio/7.0/toolchain/avr8/avr8-gnu-toolchain/bin/../lib/gcc/avr/5.4.0/../../../../avr/lib/avr6\libm.a(mulsf3.o)
                0x00003b22                __mulsf3
 .text.avr-libc.fplib
                0x00003b26       0xc2 c:/program files (x86)/atmel/studio/7.0/toolchain/avr8/avr8-gnu-toolchain/bin/../lib/gcc/avr/5.4.0/../../../../avr/lib/avr6\libm.a(mulsf3x.o)
                0x00003b3a                __mulsf3x
                0x00003b3e                __mulsf3_pse
 .text.avr-libc.fplib
                0x00003be8       0x98 c:/program files (x86)/atmel/studio/7.0/toolchain/avr8/avr8-gnu-toolchain/bin/../lib/gcc/avr/5.4.0/../../../../avr/lib/avr6\libm.a(pow.o)
                0x00003be8                pow
 .text.avr-libc.fplib
                0x00003c80       0x62 c:/program files (x86)/atmel/studio/7.0/toolchain/avr8/avr8-gnu-toolchain/bin/../lib/gcc/avr/5.4.0/../../../../avr/lib/avr6\libm.a(exp.o)
                0x00003c8a                exp
 .text.avr-libc.fplib
                0x00003ce2       0x4a c:/program files (x86)/atmel/studio/7.0/toolchain/avr8/avr8-gnu-toolchain/bin/../lib/gcc/avr/5.4.0/../../../../avr/lib/avr6\libm.a(fp_powser.o)
                0x00003ce2                __fp_powser
 .text.avr-libc.fplib
                0x00003d2c        0xe c:/program files (x86)/atmel/studio/7.0/toolchain/avr8/avr8-gnu-toolchain/bin/../lib/gcc/avr/5.4.0/../../../../avr/lib/avr6\libm.a(inverse.o)
                0x00003d2c                inverse
 .text.avr-libc.fplib
                0x00003d3a       0x6c c:/program files (x86)/atmel/studio/7.0/toolchain/avr8/avr8-gnu-toolchain/bin/../lib/gcc/avr/5.4.0/../../../../avr/lib/avr6\libm.a(ldexp.o)
                0x00003d3e                ldexp
 .text.avr-libc.fplib
                0x00003da6       0x8a c:/program files (x86)/atmel/studio/7.0/toolchain/avr8/avr8-gnu-toolchain/bin/../lib/gcc/avr/5.4.0/../../../../avr/lib/avr6\libm.a(log.o)
                0x00003db0                log
 .text.avr-libc.fplib
                0x00003e30       0x66 c:/program files (x86)/atmel/studio/7.0/toolchain/avr8/avr8-gnu-toolchain/bin/../lib/gcc/avr/5.4.0/../../../../avr/lib/avr6\libm.a(modf.o)
                0x00003e30                modf
                0x00003e30                modff
 .text.avr-libc.fplib
                0x00003e96       0x1c c:/program files (x86)/atmel/studio/7.0/toolchain/avr8/avr8-gnu-toolchain/bin/../lib/gcc/avr/5.4.0/../../../../avr/lib/avr6\libm.a(fp_mpack.o)
                0x00003e96                __fp_mpack
                0x00003e9a                __fp_mpack_finite
 .text.libgcc.mul
                0x00003eb2       0x1e c:/program files (x86)/atmel/studio/7.0/toolchain/avr8/avr8-gnu-toolchain/bin/../lib/gcc/avr/5.4.0/avr6\libgcc.a(_mulsi3.o)
                0x00003eb2                __mulsi3
 .text.libgcc   0x00003ed0       0x10 c:/program files (x86)/atmel/studio/7.0/toolchain/avr8/avr8-gnu-toolchain/bin/../lib/gcc/avr/5.4.0/avr6\libgcc.a(_tablejump2.o)
                0x00003ed0                __tablejump2__
 .text.libgcc.mul
                0x00003ee0       0x14 c:/program files (x86)/atmel/studio/7.0/toolchain/avr8/avr8-gnu-toolchain/bin/../lib/gcc/avr/5.4.0/avr6\libgcc.a(_muluhisi3.o)
                0x00003ee0                __muluhisi3
 .text.libgcc.mul
                0x00003ef4       0x1e c:/program files (x86)/atmel/studio/7.0/toolchain/avr8/avr8-gnu-toolchain/bin/../lib/gcc/avr/5.4.0/avr6\libgcc.a(_umulhisi3.o)
                0x00003ef4                __umulhisi3
 .text.avr-libc
                0x00003f12       0x12 c:/program files (x86)/atmel/studio/7.0/toolchain/avr8/avr8-gnu-toolchain/bin/../lib/gcc/avr/5.4.0/../../../../avr/lib/avr6\libc.a(memcpy.o)
                0x00003f12                memcpy
 .text.avr-libc
                0x00003f24       0x5c c:/program files (x86)/atmel/studio/7.0/toolchain/avr8/avr8-gnu-toolchain/bin/../lib/gcc/avr/5.4.0/../../../../avr/lib/avr6\libc.a(sprintf.o)
                0x00003f24                sprintf
 .text.avr-libc
                0x00003f80      0x3fa c:/program files (x86)/atmel/studio/7.0/toolchain/avr8/avr8-gnu-toolchain/bin/../lib/gcc/avr/5.4.0/../../../../avr/lib/avr6\libc.a(vfprintf_std.o)
                0x00003f80                vfprintf
 .text.avr-libc
                0x0000437a       0x16 c:/program files (x86)/atmel/studio/7.0/toolchain/avr8/avr8-gnu-toolchain/bin/../lib/gcc/avr/5.4.0/../../../../avr/lib/avr6\libc.a(strnlen_P.o)
                0x0000437a                strnlen_P
 .text.avr-libc
                0x00004390       0x16 c:/program files (x86)/atmel/studio/7.0/toolchain/avr8/avr8-gnu-toolchain/bin/../lib/gcc/avr/5.4.0/../../../../avr/lib/avr6\libc.a(strnlen.o)
                0x00004390                strnlen
 .text.avr-libc
                0x000043a6       0x78 c:/program files (x86)/atmel/studio/7.0/toolchain/avr8/avr8-gnu-toolchain/bin/../lib/gcc/avr/5.4.0/../../../../avr/lib/avr6\libc.a(fputc.o)
                0x000043a6                fputc
 .text.avr-libc
                0x0000441e       0xbc c:/program files (x86)/atmel/studio/7.0/toolchain/avr8/avr8-gnu-toolchain/bin/../lib/gcc/avr/5.4.0/../../../../avr/lib/avr6\libc.a(ultoa_invert.o)
                0x0000441e                __ultoa_invert
 .text.avr-libc
                0x000044da        0xa C:/Program Files (x86)/Atmel/Studio/7.0/Packs/atmel/ATmega_DFP/1.7.374/gcc/dev/atmega2560/avr6\libatmega2560.a(eerd_dword.o)
                0x000044da                eeprom_read_float
                0x000044da                eeprom_read_dword
 .text.avr-libc
                0x000044e4       0x20 C:/Program Files (x86)/Atmel/Studio/7.0/Packs/atmel/ATmega_DFP/1.7.374/gcc/dev/atmega2560/avr6\libatmega2560.a(eerd_block.o)
                0x000044e4                eeprom_read_block
                0x000044e8                eeprom_read_blraw
                0x00004504                . = ALIGN (0x2)
 *(.fini9)
 .fini9         0x00004504        0x0 c:/program files (x86)/atmel/studio/7.0/toolchain/avr8/avr8-gnu-toolchain/bin/../lib/gcc/avr/5.4.0/avr6\libgcc.a(_exit.o)
                0x00004504                _exit
                0x00004504                exit
 *(.fini9)
 *(.fini8)
 *(.fini8)
 *(.fini7)
 *(.fini7)
 *(.fini6)
 *(.fini6)
 *(.fini5)
 *(.fini5)
 *(.fini4)
 *(.fini4)
 *(.fini3)
 *(.fini3)
 *(.fini2)
 *(.fini2)
 *(.fini1)
 *(.fini1)
 *(.fini0)
 .fini0         0x00004504        0x4 c:/program files (x86)/atmel/studio/7.0/toolchain/avr8/avr8-gnu-toolchain/bin/../lib/gcc/avr/5.4.0/avr6\libgcc.a(_exit.o)
 *(.fini0)
                0x00004508                _etext = .

.data           0x00800200      0x2d0 load address 0x00004508
                0x00800200                PROVIDE (__data_start, .)
 *(.data)
 *(.data*)
 .data.functionTable
                0x00800200        0xc project/src/states.o
                0x00800200                functionTable
 *(.gnu.linkonce.d*)
 *(.rodata)
 *(.rodata*)
 .rodata.str1.1
                0x0080020c        0x5 FreeRTOS/Source/tasks.o
 .rodata.str1.1
                0x00800211      0x152 main.o
 .rodata.str1.1
                0x00800363       0x73 project/src/states.o
 .rodata.str1.1
                0x008003d6       0x98 project/src/telemetry.o
 .rodata.str1.1
                0x0080046e       0x61 project/src/XBEE.o
 *(.gnu.linkonce.r*)
                0x008004d0                . = ALIGN (0x2)
 *fill*         0x008004cf        0x1 
                0x008004d0                _edata = .
                0x008004d0                PROVIDE (__data_end, .)

.bss            0x008004d0     0x191f
                0x008004d0                PROVIDE (__bss_start, .)
 *(.bss)
 *(.bss*)
 .bss.xBlockAllocatedBit
                0x008004d0        0x2 FreeRTOS/Source/portable/MemMang/heap_4.o
 .bss.xMinimumEverFreeBytesRemaining
                0x008004d2        0x2 FreeRTOS/Source/portable/MemMang/heap_4.o
 .bss.xFreeBytesRemaining
                0x008004d4        0x2 FreeRTOS/Source/portable/MemMang/heap_4.o
 .bss.pxEnd     0x008004d6        0x2 FreeRTOS/Source/portable/MemMang/heap_4.o
 .bss.xStart    0x008004d8        0x4 FreeRTOS/Source/portable/MemMang/heap_4.o
 .bss.ucHeap    0x008004dc     0x1770 FreeRTOS/Source/portable/MemMang/heap_4.o
 .bss.uxSchedulerSuspended
                0x00801c4c        0x1 FreeRTOS/Source/tasks.o
 .bss.xIdleTaskHandle
                0x00801c4d        0x2 FreeRTOS/Source/tasks.o
 .bss.xNextTaskUnblockTime
                0x00801c4f        0x4 FreeRTOS/Source/tasks.o
 .bss.uxTaskNumber
                0x00801c53        0x1 FreeRTOS/Source/tasks.o
 .bss.xNumOfOverflows
                0x00801c54        0x1 FreeRTOS/Source/tasks.o
 .bss.xYieldPending
                0x00801c55        0x1 FreeRTOS/Source/tasks.o
 .bss.uxPendedTicks
                0x00801c56        0x1 FreeRTOS/Source/tasks.o
 .bss.xSchedulerRunning
                0x00801c57        0x1 FreeRTOS/Source/tasks.o
 .bss.uxTopReadyPriority
                0x00801c58        0x1 FreeRTOS/Source/tasks.o
 .bss.xTickCount
                0x00801c59        0x4 FreeRTOS/Source/tasks.o
 .bss.uxCurrentNumberOfTasks
                0x00801c5d        0x1 FreeRTOS/Source/tasks.o
 .bss.xSuspendedTaskList
                0x00801c5e        0xb FreeRTOS/Source/tasks.o
 .bss.uxDeletedTasksWaitingCleanUp
                0x00801c69        0x1 FreeRTOS/Source/tasks.o
 .bss.xTasksWaitingTermination
                0x00801c6a        0xb FreeRTOS/Source/tasks.o
 .bss.xPendingReadyList
                0x00801c75        0xb FreeRTOS/Source/tasks.o
 .bss.pxOverflowDelayedTaskList
                0x00801c80        0x2 FreeRTOS/Source/tasks.o
 .bss.pxDelayedTaskList
                0x00801c82        0x2 FreeRTOS/Source/tasks.o
 .bss.xDelayedTaskList2
                0x00801c84        0xb FreeRTOS/Source/tasks.o
 .bss.xDelayedTaskList1
                0x00801c8f        0xb FreeRTOS/Source/tasks.o
 .bss.pxReadyTasksLists
                0x00801c9a       0x37 FreeRTOS/Source/tasks.o
 .bss.pxCurrentTCB
                0x00801cd1        0x2 FreeRTOS/Source/tasks.o
                0x00801cd1                pxCurrentTCB
 .bss.deploy_height
                0x00801cd3        0x4 project/src/states.o
                0x00801cd3                deploy_height
 .bss.calibrated_altitude
                0x00801cd7        0x4 project/src/tasks.o
                0x00801cd7                calibrated_altitude
 .bss.buf.2513  0x00801cdb       0x64 project/src/telemetry.o
 .bss.startup_ack
                0x00801d3f        0x1 project/src/telemetry.o
                0x00801d3f                startup_ack
 .bss.packet_count
                0x00801d40        0x1 project/src/telemetry.o
                0x00801d40                packet_count
 .bss.buffer_index
                0x00801d41        0x1 project/src/uart.o
                0x00801d41                buffer_index
 .bss.is_updating
                0x00801d42        0x1 project/src/XBEE.o
                0x00801d42                is_updating
 *(COMMON)
 COMMON         0x00801d43       0x14 main.o
                0x00801d43                BNO_buffer
 COMMON         0x00801d57       0x55 project/src/BMP390.o
                0x00801d57                raw_readings
                0x00801d5f                raw_calibs
                0x00801d74                calculated_calibs
 COMMON         0x00801dac       0x3b project/src/states.o
                0x00801dac                stateMutex
                0x00801dae                universal_telemetry
                0x00801de5                events_queue
 COMMON         0x00801de7        0x6 project/src/tasks.o
                0x00801de7                old_altitude
                0x00801deb                simulated_pressure_queue
 COMMON         0x00801ded        0x2 project/src/uart.o
                0x00801ded                uart1_rx_queue
                0x00801def                PROVIDE (__bss_end, .)
                0x00004508                __data_load_start = LOADADDR (.data)
                0x000047d8                __data_load_end = (__data_load_start + SIZEOF (.data))

.noinit         0x00801def        0x0
                [!provide]                PROVIDE (__noinit_start, .)
 *(.noinit*)
                [!provide]                PROVIDE (__noinit_end, .)
                0x00801def                _end = .
                [!provide]                PROVIDE (__heap_start, .)

.eeprom         0x00810000        0x0
 *(.eeprom*)
                0x00810000                __eeprom_end = .

.fuse
 *(.fuse)
 *(.lfuse)
 *(.hfuse)
 *(.efuse)

.lock
 *(.lock*)

.signature
 *(.signature*)

.user_signatures
 *(.user_signatures*)

.stab
 *(.stab)

.stabstr
 *(.stabstr)

.stab.excl
 *(.stab.excl)

.stab.exclstr
 *(.stab.exclstr)

.stab.index
 *(.stab.index)

.stab.indexstr
 *(.stab.indexstr)

.comment        0x00000000       0x5c
 *(.comment)
 .comment       0x00000000       0x30 FreeRTOS/Source/list.o
                                 0x31 (size before relaxing)
 .comment       0x00000030       0x31 FreeRTOS/Source/portable/MemMang/heap_4.o
 .comment       0x00000030       0x31 FreeRTOS/Source/portable/WinAVR/ATmega2560/port.o
 .comment       0x00000030       0x31 FreeRTOS/Source/queue.o
 .comment       0x00000030       0x31 FreeRTOS/Source/tasks.o
 .comment       0x00000030       0x31 main.o
 .comment       0x00000030       0x31 project/src/BMP390.o
 .comment       0x00000030       0x31 project/src/BNO055.o
 .comment       0x00000030       0x31 project/src/buzzer.o
 .comment       0x00000030       0x31 project/src/i2c.o
 .comment       0x00000030       0x31 project/src/servo.o
 .comment       0x00000030       0x31 project/src/spi.o
 .comment       0x00000030       0x31 project/src/states.o
 .comment       0x00000030       0x31 project/src/tasks.o
 .comment       0x00000030       0x31 project/src/telemetry.o
 .comment       0x00000030       0x31 project/src/uart.o
 .comment       0x00000030       0x31 project/src/w25qxx.o
 .comment       0x00000030       0x31 project/src/XBEE.o
 .comment       0x00000030       0x31 c:/program files (x86)/atmel/studio/7.0/toolchain/avr8/avr8-gnu-toolchain/bin/../lib/gcc/avr/5.4.0/../../../../avr/lib/avr6\libc.a(sprintf.o)
 .comment       0x00000030       0x2c c:/program files (x86)/atmel/studio/7.0/toolchain/avr8/avr8-gnu-toolchain/bin/../lib/gcc/avr/5.4.0/../../../../avr/lib/avr6\libc.a(vfprintf_std.o)
                                 0x2d (size before relaxing)
 .comment       0x0000005c       0x31 c:/program files (x86)/atmel/studio/7.0/toolchain/avr8/avr8-gnu-toolchain/bin/../lib/gcc/avr/5.4.0/../../../../avr/lib/avr6\libc.a(fputc.o)

.note.gnu.avr.deviceinfo
                0x00000000       0x40
 .note.gnu.avr.deviceinfo
                0x00000000       0x40 C:/Program Files (x86)/Atmel/Studio/7.0/Packs/atmel/ATmega_DFP/1.7.374/gcc/dev/atmega2560/avr6/crtatmega2560.o

.note.gnu.build-id
 *(.note.gnu.build-id)

.debug
 *(.debug)

.line
 *(.line)

.debug_srcinfo
 *(.debug_srcinfo)

.debug_sfnames
 *(.debug_sfnames)

.debug_aranges  0x00000000      0x7d0
 *(.debug_aranges)
 .debug_aranges
                0x00000000       0x40 FreeRTOS/Source/list.o
 .debug_aranges
                0x00000040       0x50 FreeRTOS/Source/portable/MemMang/heap_4.o
 .debug_aranges
                0x00000090       0x50 FreeRTOS/Source/portable/WinAVR/ATmega2560/port.o
 .debug_aranges
                0x000000e0      0x100 FreeRTOS/Source/queue.o
 .debug_aranges
                0x000001e0      0x190 FreeRTOS/Source/tasks.o
 .debug_aranges
                0x00000370       0x28 main.o
 .debug_aranges
                0x00000398       0x80 project/src/BMP390.o
 .debug_aranges
                0x00000418       0x68 project/src/BNO055.o
 .debug_aranges
                0x00000480       0x28 project/src/buzzer.o
 .debug_aranges
                0x000004a8       0x58 project/src/i2c.o
 .debug_aranges
                0x00000500       0x30 project/src/servo.o
 .debug_aranges
                0x00000530       0x38 project/src/spi.o
 .debug_aranges
                0x00000568       0x50 project/src/states.o
 .debug_aranges
                0x000005b8       0x48 project/src/tasks.o
 .debug_aranges
                0x00000600       0x38 project/src/telemetry.o
 .debug_aranges
                0x00000638       0xa0 project/src/uart.o
 .debug_aranges
                0x000006d8       0x90 project/src/w25qxx.o
 .debug_aranges
                0x00000768       0x28 project/src/XBEE.o
 .debug_aranges
                0x00000790       0x20 C:/Program Files (x86)/Atmel/Studio/7.0/Packs/atmel/ATmega_DFP/1.7.374/gcc/dev/atmega2560/avr6\libatmega2560.a(eerd_dword.o)
 .debug_aranges
                0x000007b0       0x20 C:/Program Files (x86)/Atmel/Studio/7.0/Packs/atmel/ATmega_DFP/1.7.374/gcc/dev/atmega2560/avr6\libatmega2560.a(eerd_block.o)

.debug_pubnames
 *(.debug_pubnames)

.debug_info     0x00000000     0x98ae
 *(.debug_info .gnu.linkonce.wi.*)
 .debug_info    0x00000000      0xbbc C:/Program Files (x86)/Atmel/Studio/7.0/Packs/atmel/ATmega_DFP/1.7.374/gcc/dev/atmega2560/avr6/crtatmega2560.o
 .debug_info    0x00000bbc      0x2ca FreeRTOS/Source/list.o
 .debug_info    0x00000e86      0x38b FreeRTOS/Source/portable/MemMang/heap_4.o
 .debug_info    0x00001211      0x243 FreeRTOS/Source/portable/WinAVR/ATmega2560/port.o
 .debug_info    0x00001454     0x1628 FreeRTOS/Source/queue.o
 .debug_info    0x00002a7c     0x1d9f FreeRTOS/Source/tasks.o
 .debug_info    0x0000481b      0x7cd main.o
 .debug_info    0x00004fe8      0x92a project/src/BMP390.o
 .debug_info    0x00005912      0x60f project/src/BNO055.o
 .debug_info    0x00005f21       0x97 project/src/buzzer.o
 .debug_info    0x00005fb8      0x180 project/src/i2c.o
 .debug_info    0x00006138       0xb7 project/src/servo.o
 .debug_info    0x000061ef       0xfd project/src/spi.o
 .debug_info    0x000062ec      0x828 project/src/states.o
 .debug_info    0x00006b14      0xa8a project/src/tasks.o
 .debug_info    0x0000759e      0xe61 project/src/telemetry.o
 .debug_info    0x000083ff      0x545 project/src/uart.o
 .debug_info    0x00008944      0xa67 project/src/w25qxx.o
 .debug_info    0x000093ab      0x3cd project/src/XBEE.o
 .debug_info    0x00009778       0x9b C:/Program Files (x86)/Atmel/Studio/7.0/Packs/atmel/ATmega_DFP/1.7.374/gcc/dev/atmega2560/avr6\libatmega2560.a(eerd_dword.o)
 .debug_info    0x00009813       0x9b C:/Program Files (x86)/Atmel/Studio/7.0/Packs/atmel/ATmega_DFP/1.7.374/gcc/dev/atmega2560/avr6\libatmega2560.a(eerd_block.o)

.debug_abbrev   0x00000000     0x2708
 *(.debug_abbrev)
 .debug_abbrev  0x00000000      0xb1a C:/Program Files (x86)/Atmel/Studio/7.0/Packs/atmel/ATmega_DFP/1.7.374/gcc/dev/atmega2560/avr6/crtatmega2560.o
 .debug_abbrev  0x00000b1a       0xf8 FreeRTOS/Source/list.o
 .debug_abbrev  0x00000c12      0x1cc FreeRTOS/Source/portable/MemMang/heap_4.o
 .debug_abbrev  0x00000dde      0x143 FreeRTOS/Source/portable/WinAVR/ATmega2560/port.o
 .debug_abbrev  0x00000f21      0x211 FreeRTOS/Source/queue.o
 .debug_abbrev  0x00001132      0x2bf FreeRTOS/Source/tasks.o
 .debug_abbrev  0x000013f1      0x1c8 main.o
 .debug_abbrev  0x000015b9      0x1e0 project/src/BMP390.o
 .debug_abbrev  0x00001799      0x192 project/src/BNO055.o
 .debug_abbrev  0x0000192b       0x4f project/src/buzzer.o
 .debug_abbrev  0x0000197a       0x99 project/src/i2c.o
 .debug_abbrev  0x00001a13       0x4f project/src/servo.o
 .debug_abbrev  0x00001a62       0xa3 project/src/spi.o
 .debug_abbrev  0x00001b05      0x20f project/src/states.o
 .debug_abbrev  0x00001d14      0x279 project/src/tasks.o
 .debug_abbrev  0x00001f8d      0x285 project/src/telemetry.o
 .debug_abbrev  0x00002212      0x1ad project/src/uart.o
 .debug_abbrev  0x000023bf      0x1e0 project/src/w25qxx.o
 .debug_abbrev  0x0000259f      0x141 project/src/XBEE.o
 .debug_abbrev  0x000026e0       0x14 C:/Program Files (x86)/Atmel/Studio/7.0/Packs/atmel/ATmega_DFP/1.7.374/gcc/dev/atmega2560/avr6\libatmega2560.a(eerd_dword.o)
 .debug_abbrev  0x000026f4       0x14 C:/Program Files (x86)/Atmel/Studio/7.0/Packs/atmel/ATmega_DFP/1.7.374/gcc/dev/atmega2560/avr6\libatmega2560.a(eerd_block.o)

.debug_line     0x00000000     0x5311
 *(.debug_line .debug_line.* .debug_line_end)
 .debug_line    0x00000000      0x1fa C:/Program Files (x86)/Atmel/Studio/7.0/Packs/atmel/ATmega_DFP/1.7.374/gcc/dev/atmega2560/avr6/crtatmega2560.o
 .debug_line    0x000001fa      0x222 FreeRTOS/Source/list.o
 .debug_line    0x0000041c      0x376 FreeRTOS/Source/portable/MemMang/heap_4.o
 .debug_line    0x00000792      0x2f9 FreeRTOS/Source/portable/WinAVR/ATmega2560/port.o
 .debug_line    0x00000a8b      0xba5 FreeRTOS/Source/queue.o
 .debug_line    0x00001630     0x1244 FreeRTOS/Source/tasks.o
 .debug_line    0x00002874      0x317 main.o
 .debug_line    0x00002b8b      0x435 project/src/BMP390.o
 .debug_line    0x00002fc0      0x32e project/src/BNO055.o
 .debug_line    0x000032ee       0xcf project/src/buzzer.o
 .debug_line    0x000033bd      0x1be project/src/i2c.o
 .debug_line    0x0000357b      0x108 project/src/servo.o
 .debug_line    0x00003683      0x114 project/src/spi.o
 .debug_line    0x00003797      0x34c project/src/states.o
 .debug_line    0x00003ae3      0x44a project/src/tasks.o
 .debug_line    0x00003f2d      0x737 project/src/telemetry.o
 .debug_line    0x00004664      0x45c project/src/uart.o
 .debug_line    0x00004ac0      0x550 project/src/w25qxx.o
 .debug_line    0x00005010      0x1ee project/src/XBEE.o
 .debug_line    0x000051fe       0x68 C:/Program Files (x86)/Atmel/Studio/7.0/Packs/atmel/ATmega_DFP/1.7.374/gcc/dev/atmega2560/avr6\libatmega2560.a(eerd_dword.o)
 .debug_line    0x00005266       0xab C:/Program Files (x86)/Atmel/Studio/7.0/Packs/atmel/ATmega_DFP/1.7.374/gcc/dev/atmega2560/avr6\libatmega2560.a(eerd_block.o)

.debug_frame    0x00000000     0x18e0
 *(.debug_frame)
 .debug_frame   0x00000000       0x90 FreeRTOS/Source/list.o
 .debug_frame   0x00000090       0xd0 FreeRTOS/Source/portable/MemMang/heap_4.o
 .debug_frame   0x00000160       0x84 FreeRTOS/Source/portable/WinAVR/ATmega2560/port.o
 .debug_frame   0x000001e4      0x3cc FreeRTOS/Source/queue.o
 .debug_frame   0x000005b0      0x6ac FreeRTOS/Source/tasks.o
 .debug_frame   0x00000c5c       0x60 main.o
 .debug_frame   0x00000cbc      0x240 project/src/BMP390.o
 .debug_frame   0x00000efc      0x190 project/src/BNO055.o
 .debug_frame   0x0000108c       0x34 project/src/buzzer.o
 .debug_frame   0x000010c0       0x94 project/src/i2c.o
 .debug_frame   0x00001154       0x44 project/src/servo.o
 .debug_frame   0x00001198       0x54 project/src/spi.o
 .debug_frame   0x000011ec       0xd4 project/src/states.o
 .debug_frame   0x000012c0       0xb0 project/src/tasks.o
 .debug_frame   0x00001370       0x74 project/src/telemetry.o
 .debug_frame   0x000013e4      0x228 project/src/uart.o
 .debug_frame   0x0000160c      0x264 project/src/w25qxx.o
 .debug_frame   0x00001870       0x70 project/src/XBEE.o

.debug_str      0x00000000     0x242c
 *(.debug_str)
 .debug_str     0x00000000      0x3e6 C:/Program Files (x86)/Atmel/Studio/7.0/Packs/atmel/ATmega_DFP/1.7.374/gcc/dev/atmega2560/avr6/crtatmega2560.o
 .debug_str     0x000003e6      0x282 FreeRTOS/Source/list.o
                                0x2c1 (size before relaxing)
 .debug_str     0x00000668      0x20e FreeRTOS/Source/portable/MemMang/heap_4.o
                                0x386 (size before relaxing)
 .debug_str     0x00000876      0x142 FreeRTOS/Source/portable/WinAVR/ATmega2560/port.o
                                0x2cd (size before relaxing)
 .debug_str     0x000009b8      0x5e0 FreeRTOS/Source/queue.o
                                0x8a0 (size before relaxing)
 .debug_str     0x00000f98      0x83e FreeRTOS/Source/tasks.o
                                0xd0e (size before relaxing)
 .debug_str     0x000017d6      0x1dd main.o
                                0x3a6 (size before relaxing)
 .debug_str     0x000019b3      0x276 project/src/BMP390.o
                                0x43f (size before relaxing)
 .debug_str     0x00001c29      0x126 project/src/BNO055.o
                                0x2e4 (size before relaxing)
 .debug_str     0x00001d4f       0x18 project/src/buzzer.o
                                0x18f (size before relaxing)
 .debug_str     0x00001d67       0x15 project/src/i2c.o
                                0x1f2 (size before relaxing)
 .debug_str     0x00001d7c       0x2d project/src/servo.o
                                0x1a0 (size before relaxing)
 .debug_str     0x00001da9       0x15 project/src/spi.o
                                0x1ae (size before relaxing)
 .debug_str     0x00001dbe      0x256 project/src/states.o
                                0x50c (size before relaxing)
 .debug_str     0x00002014       0x96 project/src/tasks.o
                                0x59b (size before relaxing)
 .debug_str     0x000020aa      0x16b project/src/telemetry.o
                                0x61e (size before relaxing)
 .debug_str     0x00002215       0xb2 project/src/uart.o
                                0x317 (size before relaxing)
 .debug_str     0x000022c7      0x13d project/src/w25qxx.o
                                0x338 (size before relaxing)
 .debug_str     0x00002404       0x28 project/src/XBEE.o
                                0x223 (size before relaxing)

.debug_loc      0x00000000     0x74ce
 *(.debug_loc)
 .debug_loc     0x00000000      0x17d FreeRTOS/Source/list.o
 .debug_loc     0x0000017d      0x32f FreeRTOS/Source/portable/MemMang/heap_4.o
 .debug_loc     0x000004ac      0x2d3 FreeRTOS/Source/portable/WinAVR/ATmega2560/port.o
 .debug_loc     0x0000077f     0x1d6f FreeRTOS/Source/queue.o
 .debug_loc     0x000024ee     0x22bb FreeRTOS/Source/tasks.o
 .debug_loc     0x000047a9      0x138 main.o
 .debug_loc     0x000048e1      0xa83 project/src/BMP390.o
 .debug_loc     0x00005364      0x63a project/src/BNO055.o
 .debug_loc     0x0000599e       0xbf project/src/i2c.o
 .debug_loc     0x00005a5d       0x1f project/src/spi.o
 .debug_loc     0x00005a7c      0x1c1 project/src/states.o
 .debug_loc     0x00005c3d      0x326 project/src/tasks.o
 .debug_loc     0x00005f63      0x3d7 project/src/telemetry.o
 .debug_loc     0x0000633a      0x5e2 project/src/uart.o
 .debug_loc     0x0000691c      0xa44 project/src/w25qxx.o
 .debug_loc     0x00007360      0x16e project/src/XBEE.o

.debug_macinfo
 *(.debug_macinfo)

.debug_weaknames
 *(.debug_weaknames)

.debug_funcnames
 *(.debug_funcnames)

.debug_typenames
 *(.debug_typenames)

.debug_varnames
 *(.debug_varnames)

.debug_pubtypes
 *(.debug_pubtypes)

.debug_ranges   0x00000000      0x758
 *(.debug_ranges)
 .debug_ranges  0x00000000       0x30 FreeRTOS/Source/list.o
 .debug_ranges  0x00000030       0x40 FreeRTOS/Source/portable/MemMang/heap_4.o
 .debug_ranges  0x00000070       0x40 FreeRTOS/Source/portable/WinAVR/ATmega2560/port.o
 .debug_ranges  0x000000b0      0x138 FreeRTOS/Source/queue.o
 .debug_ranges  0x000001e8      0x1c0 FreeRTOS/Source/tasks.o
 .debug_ranges  0x000003a8       0x18 main.o
 .debug_ranges  0x000003c0       0x70 project/src/BMP390.o
 .debug_ranges  0x00000430       0x58 project/src/BNO055.o
 .debug_ranges  0x00000488       0x18 project/src/buzzer.o
 .debug_ranges  0x000004a0       0x48 project/src/i2c.o
 .debug_ranges  0x000004e8       0x20 project/src/servo.o
 .debug_ranges  0x00000508       0x28 project/src/spi.o
 .debug_ranges  0x00000530       0x40 project/src/states.o
 .debug_ranges  0x00000570       0x50 project/src/tasks.o
 .debug_ranges  0x000005c0       0x58 project/src/telemetry.o
 .debug_ranges  0x00000618       0x90 project/src/uart.o
 .debug_ranges  0x000006a8       0x98 project/src/w25qxx.o
 .debug_ranges  0x00000740       0x18 project/src/XBEE.o

.debug_macro
 *(.debug_macro)
OUTPUT(obc.elf elf32-avr)
LOAD linker stubs
