Archive member included to satisfy reference by file (symbol)

c:/program files (x86)/atmel/studio/7.0/toolchain/avr8/avr8-gnu-toolchain/bin/../lib/gcc/avr/5.4.0/../../../../avr/lib/avr6\libm.a(addsf3.o)
                              project/src/BMP390.o (__subsf3)
c:/program files (x86)/atmel/studio/7.0/toolchain/avr8/avr8-gnu-toolchain/bin/../lib/gcc/avr/5.4.0/../../../../avr/lib/avr6\libm.a(addsf3x.o)
                              c:/program files (x86)/atmel/studio/7.0/toolchain/avr8/avr8-gnu-toolchain/bin/../lib/gcc/avr/5.4.0/../../../../avr/lib/avr6\libm.a(addsf3.o) (__addsf3x)
c:/program files (x86)/atmel/studio/7.0/toolchain/avr8/avr8-gnu-toolchain/bin/../lib/gcc/avr/5.4.0/../../../../avr/lib/avr6\libm.a(cmpsf2.o)
                              project/src/tasks.o (__ltsf2)
c:/program files (x86)/atmel/studio/7.0/toolchain/avr8/avr8-gnu-toolchain/bin/../lib/gcc/avr/5.4.0/../../../../avr/lib/avr6\libm.a(divsf3.o)
                              project/src/BNO055.o (__divsf3)
c:/program files (x86)/atmel/studio/7.0/toolchain/avr8/avr8-gnu-toolchain/bin/../lib/gcc/avr/5.4.0/../../../../avr/lib/avr6\libm.a(divsf3x.o)
                              c:/program files (x86)/atmel/studio/7.0/toolchain/avr8/avr8-gnu-toolchain/bin/../lib/gcc/avr/5.4.0/../../../../avr/lib/avr6\libm.a(divsf3.o) (__divsf3x)
c:/program files (x86)/atmel/studio/7.0/toolchain/avr8/avr8-gnu-toolchain/bin/../lib/gcc/avr/5.4.0/../../../../avr/lib/avr6\libm.a(floatsisf.o)
                              project/src/BMP390.o (__floatunsisf)
c:/program files (x86)/atmel/studio/7.0/toolchain/avr8/avr8-gnu-toolchain/bin/../lib/gcc/avr/5.4.0/../../../../avr/lib/avr6\libm.a(fp_cmp.o)
                              c:/program files (x86)/atmel/studio/7.0/toolchain/avr8/avr8-gnu-toolchain/bin/../lib/gcc/avr/5.4.0/../../../../avr/lib/avr6\libm.a(cmpsf2.o) (__fp_cmp)
c:/program files (x86)/atmel/studio/7.0/toolchain/avr8/avr8-gnu-toolchain/bin/../lib/gcc/avr/5.4.0/../../../../avr/lib/avr6\libm.a(fp_inf.o)
                              c:/program files (x86)/atmel/studio/7.0/toolchain/avr8/avr8-gnu-toolchain/bin/../lib/gcc/avr/5.4.0/../../../../avr/lib/avr6\libm.a(addsf3x.o) (__fp_inf)
c:/program files (x86)/atmel/studio/7.0/toolchain/avr8/avr8-gnu-toolchain/bin/../lib/gcc/avr/5.4.0/../../../../avr/lib/avr6\libm.a(fp_nan.o)
                              c:/program files (x86)/atmel/studio/7.0/toolchain/avr8/avr8-gnu-toolchain/bin/../lib/gcc/avr/5.4.0/../../../../avr/lib/avr6\libm.a(addsf3x.o) (__fp_nan)
c:/program files (x86)/atmel/studio/7.0/toolchain/avr8/avr8-gnu-toolchain/bin/../lib/gcc/avr/5.4.0/../../../../avr/lib/avr6\libm.a(fp_pscA.o)
                              c:/program files (x86)/atmel/studio/7.0/toolchain/avr8/avr8-gnu-toolchain/bin/../lib/gcc/avr/5.4.0/../../../../avr/lib/avr6\libm.a(addsf3x.o) (__fp_pscA)
c:/program files (x86)/atmel/studio/7.0/toolchain/avr8/avr8-gnu-toolchain/bin/../lib/gcc/avr/5.4.0/../../../../avr/lib/avr6\libm.a(fp_pscB.o)
                              c:/program files (x86)/atmel/studio/7.0/toolchain/avr8/avr8-gnu-toolchain/bin/../lib/gcc/avr/5.4.0/../../../../avr/lib/avr6\libm.a(addsf3x.o) (__fp_pscB)
c:/program files (x86)/atmel/studio/7.0/toolchain/avr8/avr8-gnu-toolchain/bin/../lib/gcc/avr/5.4.0/../../../../avr/lib/avr6\libm.a(fp_round.o)
                              c:/program files (x86)/atmel/studio/7.0/toolchain/avr8/avr8-gnu-toolchain/bin/../lib/gcc/avr/5.4.0/../../../../avr/lib/avr6\libm.a(addsf3.o) (__fp_round)
c:/program files (x86)/atmel/studio/7.0/toolchain/avr8/avr8-gnu-toolchain/bin/../lib/gcc/avr/5.4.0/../../../../avr/lib/avr6\libm.a(fp_split3.o)
                              c:/program files (x86)/atmel/studio/7.0/toolchain/avr8/avr8-gnu-toolchain/bin/../lib/gcc/avr/5.4.0/../../../../avr/lib/avr6\libm.a(addsf3x.o) (__fp_split3)
c:/program files (x86)/atmel/studio/7.0/toolchain/avr8/avr8-gnu-toolchain/bin/../lib/gcc/avr/5.4.0/../../../../avr/lib/avr6\libm.a(fp_zero.o)
                              c:/program files (x86)/atmel/studio/7.0/toolchain/avr8/avr8-gnu-toolchain/bin/../lib/gcc/avr/5.4.0/../../../../avr/lib/avr6\libm.a(addsf3x.o) (__fp_zero)
c:/program files (x86)/atmel/studio/7.0/toolchain/avr8/avr8-gnu-toolchain/bin/../lib/gcc/avr/5.4.0/../../../../avr/lib/avr6\libm.a(gesf2.o)
                              project/src/tasks.o (__gtsf2)
c:/program files (x86)/atmel/studio/7.0/toolchain/avr8/avr8-gnu-toolchain/bin/../lib/gcc/avr/5.4.0/../../../../avr/lib/avr6\libm.a(mulsf3.o)
                              project/src/BMP390.o (__mulsf3)
c:/program files (x86)/atmel/studio/7.0/toolchain/avr8/avr8-gnu-toolchain/bin/../lib/gcc/avr/5.4.0/../../../../avr/lib/avr6\libm.a(mulsf3x.o)
                              c:/program files (x86)/atmel/studio/7.0/toolchain/avr8/avr8-gnu-toolchain/bin/../lib/gcc/avr/5.4.0/../../../../avr/lib/avr6\libm.a(mulsf3.o) (__mulsf3x)
[...]
Memory Configuration

Name             Origin             Length             Attributes
text             0x00000000         0x00040000         xr
data             0x00800200         0x00002000         rw !x
eeprom           0x00810000         0x00001000         rw !x
fuse             0x00820000         0x00000003         rw !x
lock             0x00830000         0x00000400         rw !x
signature        0x00840000         0x00000400         rw !x
user_signatures  0x00850000         0x00000400         rw !x
*default*        0x00000000         0xffffffff

Linker script and memory map

Address of section .data set to 0x800200
LOAD C:/Program Files (x86)/Atmel/Studio/7.0/Packs/atmel/ATmega_DFP/1.7.374/gcc/dev/atmega2560/avr6/crtatmega2560.o
LOAD FreeRTOS/Source/list.o
LOAD FreeRTOS/Source/portable/MemMang/heap_4.o
LOAD FreeRTOS/Source/portable/WinAVR/ATmega2560/port.o
LOAD FreeRTOS/Source/queue.o
LOAD FreeRTOS/Source/tasks.o
LOAD FreeRTOS/Source/timers.o
LOAD main.o
LOAD project/src/BMP390.o
LOAD project/src/BNO055.o
LOAD project/src/buzzer.o
LOAD project/src/i2c.o
LOAD project/src/servo.o
LOAD project/src/spi.o
LOAD project/src/states.o
LOAD project/src/tasks.o
LOAD project/src/telemetry.o
LOAD project/src/uart.o
LOAD project/src/w25qxx.o
LOAD project/src/XBEE.o
START GROUP
LOAD c:/program files (x86)/atmel/studio/7.0/toolchain/avr8/avr8-gnu-toolchain/bin/../lib/gcc/avr/5.4.0/../../../../avr/lib/avr6\libm.a
END GROUP
START GROUP
LOAD c:/program files (x86)/atmel/studio/7.0/toolchain/avr8/avr8-gnu-toolchain/bin/../lib/gcc/avr/5.4.0/avr6\libgcc.a
LOAD c:/program files (x86)/atmel/studio/7.0/toolchain/avr8/avr8-gnu-toolchain/bin/../lib/gcc/avr/5.4.0/../../../../avr/lib/avr6\libm.a
LOAD c:/program files (x86)/atmel/studio/7.0/toolchain/avr8/avr8-gnu-toolchain/bin/../lib/gcc/avr/5.4.0/../../../../avr/lib/avr6\libc.a
LOAD C:/Program Files (x86)/Atmel/Studio/7.0/Packs/atmel/ATmega_DFP/1.7.374/gcc/dev/atmega2560/avr6\libatmega2560.a
END GROUP
                0x00000000                __TEXT_REGION_ORIGIN__ = DEFINED (__TEXT_REGION_ORIGIN__)?__TEXT_REGION_ORIGIN__:0x0
                [0x00800200]                __DATA_REGION_ORIGIN__ = DEFINED (__DATA_REGION_ORIGIN__)?__DATA_REGION_ORIGIN__:0x800200
                [0x00040000]                __TEXT_REGION_LENGTH__ = DEFINED (__TEXT_REGION_LENGTH__)?__TEXT_REGION_LENGTH__:0x100000
                [0x00002000]                __DATA_REGION_LENGTH__ = DEFINED (__DATA_REGION_LENGTH__)?__DATA_REGION_LENGTH__:0xfe00
                [0x00001000]                __EEPROM_REGION_LENGTH__ = DEFINED (__EEPROM_REGION_LENGTH__)?__EEPROM_REGION_LENGTH__:0x10000
                [0x00000003]                __FUSE_REGION_LENGTH__ = DEFINED (__FUSE_REGION_LENGTH__)?__FUSE_REGION_LENGTH__:0x400
                0x00000400                __LOCK_REGION_LENGTH__ = DEFINED (__LOCK_REGION_LENGTH__)?__LOCK_REGION_LENGTH__:0x400
                0x00000400                __SIGNATURE_REGION_LENGTH__ = DEFINED (__SIGNATURE_REGION_LENGTH__)?__SIGNATURE_REGION_LENGTH__:0x400
                0x00000400                __USER_SIGNATURE_REGION_LENGTH__ = DEFINED (__USER_SIGNATURE_REGION_LENGTH__)?__USER_SIGNATURE_REGION_LENGTH__:0x400

.hash
 *(.hash)

.dynsym
 *(.dynsym)

.dynstr
 *(.dynstr)

.gnu.version
 *(.gnu.version)

.gnu.version_d
 *(.gnu.version_d)

.gnu.version_r
 *(.gnu.version_r)

.rel.init
 *(.rel.init)

.rela.init
 *(.rela.init)

.rel.text
 *(.rel.text)
 *(.rel.text.*)
 *(.rel.gnu.linkonce.t*)

.rela.text
 *(.rela.text)
 *(.rela.text.*)
 *(.rela.gnu.linkonce.t*)

.rel.fini
 *(.rel.fini)

.rela.fini
 *(.rela.fini)

.rel.rodata
 *(.rel.rodata)
 *(.rel.rodata.*)
 *(.rel.gnu.linkonce.r*)

.rela.rodata
 *(.rela.rodata)
 *(.rela.rodata.*)
 *(.rela.gnu.linkonce.r*)

.rel.data
 *(.rel.data)
 *(.rel.data.*)
 *(.rel.gnu.linkonce.d*)

.rela.data
 *(.rela.data)
 *(.rela.data.*)
 *(.rela.gnu.linkonce.d*)

.rel.ctors
 *(.rel.ctors)

.rela.ctors
 *(.rela.ctors)

.rel.dtors
 *(.rel.dtors)

.rela.dtors
 *(.rela.dtors)

.rel.got
 *(.rel.got)

.rela.got
 *(.rela.got)

.rel.bss
 *(.rel.bss)

.rela.bss
 *(.rela.bss)

.rel.plt
 *(.rel.plt)

.rela.plt
 *(.rela.plt)

.text           0x00000000     0x4402
 *(.vectors)
 .vectors       0x00000000       0xe4 C:/Program Files (x86)/Atmel/Studio/7.0/Packs/atmel/ATmega_DFP/1.7.374/gcc/dev/atmega2560/avr6/crtatmega2560.o
                0x00000000                __vector_default
                0x00000000                __vectors
 *(.vectors)
 *(.progmem.gcc*)
 .progmem.gcc_sw_table.receive_from_ground
                0x000000e4       0x14 project/src/telemetry.o
 .progmem.gcc_fplib
                0x000000f8       0x28 c:/program files (x86)/atmel/studio/7.0/toolchain/avr8/avr8-gnu-toolchain/bin/../lib/gcc/avr/5.4.0/../../../../avr/lib/avr6\libm.a(exp.o)
 .progmem.gcc_fplib
                0x00000120       0x5a c:/program files (x86)/atmel/studio/7.0/toolchain/avr8/avr8-gnu-toolchain/bin/../lib/gcc/avr/5.4.0/../../../../avr/lib/avr6\libm.a(log.o)
                0x0000017a                . = ALIGN (0x2)
                0x0000017a                __trampolines_start = .
 *(.trampolines)
 .trampolines   0x0000017a        0x0 linker stubs
 *(.trampolines*)
                0x0000017a                __trampolines_end = .
 *libprintf_flt.a:*(.progmem.data)
 *libc.a:*(.progmem.data)
 *(.progmem*)
                0x0000017a                . = ALIGN (0x2)
 *(.jumptables)
 *(.jumptables*)
 *(.lowtext)
 *(.lowtext*)
                0x0000017a                __ctors_start = .
 *(.ctors)
                0x0000017a                __ctors_end = .
                0x0000017a                __dtors_start = .
 *(.dtors)
                0x0000017a                __dtors_end = .
 SORT(*)(.ctors)
 SORT(*)(.dtors)
 *(.init0)
 .init0         0x0000017a        0x0 C:/Program Files (x86)/Atmel/Studio/7.0/Packs/atmel/ATmega_DFP/1.7.374/gcc/dev/atmega2560/avr6/crtatmega2560.o
                0x0000017a                __init
 *(.init0)
 *(.init1)
 *(.init1)
 *(.init2)
 .init2         0x0000017a       0x10 C:/Program Files (x86)/Atmel/Studio/7.0/Packs/atmel/ATmega_DFP/1.7.374/gcc/dev/atmega2560/avr6/crtatmega2560.o
 *(.init2)
 *(.init3)
 *(.init3)
 *(.init4)
 .init4         0x0000018a       0x1a c:/program files (x86)/atmel/studio/7.0/toolchain/avr8/avr8-gnu-toolchain/bin/../lib/gcc/avr/5.4.0/avr6\libgcc.a(_copy_data.o)
                0x0000018a                __do_copy_data
 .init4         0x000001a4       0x10 c:/program files (x86)/atmel/studio/7.0/toolchain/avr8/avr8-gnu-toolchain/bin/../lib/gcc/avr/5.4.0/avr6\libgcc.a(_clear_bss.o)
                0x000001a4                __do_clear_bss
 *(.init4)
 *(.init5)
 *(.init5)
 *(.init6)
 *(.init6)
 *(.init7)
 *(.init7)
 *(.init8)
 *(.init8)
 *(.init9)
 .init9         0x000001b4        0x8 C:/Program Files (x86)/Atmel/Studio/7.0/Packs/atmel/ATmega_DFP/1.7.374/gcc/dev/atmega2560/avr6/crtatmega2560.o
 *(.init9)
 *(.text)
 .text          0x000001bc        0x2 C:/Program Files (x86)/Atmel/Studio/7.0/Packs/atmel/ATmega_DFP/1.7.374/gcc/dev/atmega2560/avr6/crtatmega2560.o
                0x000001bc                __vector_38
                0x000001bc                __vector_22
                0x000001bc                __vector_28
                0x000001bc                __vector_1
                0x000001bc                __vector_32
                0x000001bc                __vector_34
                0x000001bc                __vector_24
                0x000001bc                __vector_12
                0x000001bc                __vector_55
                0x000001bc                __vector_46
                0x000001bc                __bad_interrupt
                0x000001bc                __vector_6
                0x000001bc                __vector_31
                0x000001bc                __vector_35
                0x000001bc                __vector_39
                0x000001bc                __vector_3
                0x000001bc                __vector_23
                0x000001bc                __vector_30
                0x000001bc                __vector_45
                0x000001bc                __vector_25
                0x000001bc                __vector_11
                0x000001bc                __vector_54
                0x000001bc                __vector_13
                0x000001bc                __vector_19
                0x000001bc                __vector_56
                0x000001bc                __vector_7
                0x000001bc                __vector_49
                0x000001bc                __vector_41
                0x000001bc                __vector_43
                0x000001bc                __vector_27
                0x000001bc                __vector_5
                0x000001bc                __vector_33
                0x000001bc                __vector_47
                0x000001bc                __vector_52
                0x000001bc                __vector_37
                0x000001bc                __vector_4
                0x000001bc                __vector_44
                0x000001bc                __vector_9
                0x000001bc                __vector_2
                0x000001bc                __vector_21
                0x000001bc                __vector_15
                0x000001bc                __vector_29
                0x000001bc                __vector_40
                0x000001bc                __vector_8
                0x000001bc                __vector_26
                0x000001bc                __vector_48
                0x000001bc                __vector_14
                0x000001bc                __vector_53
                0x000001bc                __vector_10
                0x000001bc                __vector_50
                0x000001bc                __vector_16
                0x000001bc                __vector_18
                0x000001bc                __vector_20
                0x000001bc                __vector_42
                0x000001be                . = ALIGN (0x2)
 *(.text.*)
 .text.vListInitialise
                0x000001be       0x22 FreeRTOS/Source/list.o
                0x000001be                vListInitialise
 .text.vListInitialiseItem
                0x000001e0        0x8 FreeRTOS/Source/list.o
                0x000001e0                vListInitialiseItem
 .text.vListInsertEnd
                0x000001e8       0x42 FreeRTOS/Source/list.o
                0x000001e8                vListInsertEnd
 .text.vListInsert
                0x0000022a       0x7a FreeRTOS/Source/list.o
                0x0000022a                vListInsert
 .text.uxListRemove
                0x000002a4       0x4c FreeRTOS/Source/list.o
                0x000002a4                uxListRemove
 .text.prvHeapInit
                0x000002f0       0x6e FreeRTOS/Source/portable/MemMang/heap_4.o
 .text.prvInsertBlockIntoFreeList
                0x0000035e       0x94 FreeRTOS/Source/portable/MemMang/heap_4.o
 .text.pvPortMalloc
                0x000003f2      0x124 FreeRTOS/Source/portable/MemMang/heap_4.o
                0x000003f2                pvPortMalloc
 .text.vPortFree
                0x00000516       0x64 FreeRTOS/Source/portable/MemMang/heap_4.o
                0x00000516                vPortFree
 .text.prvSetupTimerInterrupt
                0x0000057a       0x20 FreeRTOS/Source/portable/WinAVR/ATmega2560/port.o
 .text.pxPortInitialiseStack
                0x0000059a       0xe4 FreeRTOS/Source/portable/WinAVR/ATmega2560/port.o
                0x0000059a                pxPortInitialiseStack
 .text.xPortStartScheduler
                0x0000067e       0x64 FreeRTOS/Source/portable/WinAVR/ATmega2560/port.o
                0x0000067e                xPortStartScheduler
 .text.vPortYield
                0x000006e2       0xc0 FreeRTOS/Source/portable/WinAVR/ATmega2560/port.o
                0x000006e2                vPortYield
 .text.vPortYieldFromTick
                0x000007a2       0xc4 FreeRTOS/Source/portable/WinAVR/ATmega2560/port.o
                0x000007a2                vPortYieldFromTick
 .text.__vector_17
                0x00000866        0x4 FreeRTOS/Source/portable/WinAVR/ATmega2560/port.o
                0x00000866                __vector_17
 .text.prvIsQueueEmpty
                0x0000086a       0x1a FreeRTOS/Source/queue.o
 .text.prvIsQueueFull
                0x00000884       0x1c FreeRTOS/Source/queue.o
 .text.prvCopyDataToQueue
                0x000008a0       0xbc FreeRTOS/Source/queue.o
 .text.prvCopyDataFromQueue
                0x0000095c       0x34 FreeRTOS/Source/queue.o
 .text.prvUnlockQueue
                0x00000990       0x60 FreeRTOS/Source/queue.o
 .text.xQueueGenericReset
                0x000009f0       0x84 FreeRTOS/Source/queue.o
                0x000009f0                xQueueGenericReset
 .text.prvInitialiseNewQueue
                0x00000a74       0x24 FreeRTOS/Source/queue.o
 .text.xQueueGenericCreate
                0x00000a98       0x50 FreeRTOS/Source/queue.o
                0x00000a98                xQueueGenericCreate
 .text.xQueueGenericSend
                0x00000ae8      0x116 FreeRTOS/Source/queue.o
                0x00000ae8                xQueueGenericSend
 .text.prvInitialiseMutex
                0x00000bfe       0x24 FreeRTOS/Source/queue.o
 .text.xQueueCreateMutex
                0x00000c22       0x18 FreeRTOS/Source/queue.o
                0x00000c22                xQueueCreateMutex
 .text.xQueueGenericSendFromISR
                0x00000c3a       0x70 FreeRTOS/Source/queue.o
                0x00000c3a                xQueueGenericSendFromISR
 .text.xQueueGenericReceive
                0x00000caa      0x170 FreeRTOS/Source/queue.o
                0x00000caa                xQueueGenericReceive
 .text.prvResetNextTaskUnblockTime
                0x00000e1a       0x54 FreeRTOS/Source/tasks.o
 .text.prvDeleteTCB
                0x00000e6e       0x16 FreeRTOS/Source/tasks.o
 .text.prvInitialiseNewTask
                0x00000e84       0xdc FreeRTOS/Source/tasks.o
 .text.prvInitialiseTaskLists
                0x00000f60       0x54 FreeRTOS/Source/tasks.o
 .text.prvAddNewTaskToReadyList
                0x00000fb4       0xa6 FreeRTOS/Source/tasks.o
 .text.prvAddCurrentTaskToDelayedList
                0x0000105a       0xe6 FreeRTOS/Source/tasks.o
 .text.xTaskCreate
                0x00001140       0x9e FreeRTOS/Source/tasks.o
                0x00001140                xTaskCreate
 .text.vTaskStartScheduler
                0x000011de       0x62 FreeRTOS/Source/tasks.o
                0x000011de                vTaskStartScheduler
 .text.vTaskSuspendAll
                0x00001240        0xc FreeRTOS/Source/tasks.o
                0x00001240                vTaskSuspendAll
 .text.xTaskGetTickCount
                0x0000124c       0x1c FreeRTOS/Source/tasks.o
                0x0000124c                xTaskGetTickCount
 .text.xTaskIncrementTick
                0x00001268      0x19e FreeRTOS/Source/tasks.o
                0x00001268                xTaskIncrementTick
 .text.xTaskResumeAll
                0x00001406       0xd2 FreeRTOS/Source/tasks.o
                0x00001406                xTaskResumeAll
 .text.vTaskDelay
                0x000014d8       0x34 FreeRTOS/Source/tasks.o
                0x000014d8                vTaskDelay
 .text.prvCheckTasksWaitingTermination
                0x0000150c       0x56 FreeRTOS/Source/tasks.o
 .text.prvIdleTask
                0x00001562        0xe FreeRTOS/Source/tasks.o
 .text.vTaskSwitchContext
                0x00001570       0x94 FreeRTOS/Source/tasks.o
                0x00001570                vTaskSwitchContext
 .text.vTaskPlaceOnEventList
                0x00001604       0x2e FreeRTOS/Source/tasks.o
                0x00001604                vTaskPlaceOnEventList
 .text.xTaskRemoveFromEventList
                0x00001632       0x84 FreeRTOS/Source/tasks.o
                0x00001632                xTaskRemoveFromEventList
 .text.vTaskSetTimeOutState
                0x000016b6       0x22 FreeRTOS/Source/tasks.o
                0x000016b6                vTaskSetTimeOutState
 .text.xTaskCheckForTimeOut
                0x000016d8       0xcc FreeRTOS/Source/tasks.o
                0x000016d8                xTaskCheckForTimeOut
 .text.vTaskMissedYield
                0x000017a4        0x8 FreeRTOS/Source/tasks.o
                0x000017a4                vTaskMissedYield
 .text.vTaskPriorityInherit
                0x000017ac       0xbc FreeRTOS/Source/tasks.o
                0x000017ac                vTaskPriorityInherit
 .text.xTaskPriorityDisinherit
                0x00001868       0x80 FreeRTOS/Source/tasks.o
                0x00001868                xTaskPriorityDisinherit
 .text.pvTaskIncrementMutexHeldCount
                0x000018e8       0x24 FreeRTOS/Source/tasks.o
                0x000018e8                pvTaskIncrementMutexHeldCount
 .text.component_init_and_tests
                0x0000190c       0xf8 main.o
                0x0000190c                component_init_and_tests
 .text.main     0x00001a04      0x106 main.o
                0x00001a04                main
 .text.BMP390_read_series
                0x00001b0a       0x56 project/src/BMP390.o
                0x00001b0a                BMP390_read_series
 .text.BMP390_read
                0x00001b60       0x2a project/src/BMP390.o
                0x00001b60                BMP390_read
 .text.BMP390_write
                0x00001b8a       0x20 project/src/BMP390.o
                0x00001b8a                BMP390_write
 .text.BMP390_read_id
                0x00001baa        0x8 project/src/BMP390.o
                0x00001baa                BMP390_read_id
 .text.BMP390_test
                0x00001bb2       0x22 project/src/BMP390.o
                0x00001bb2                BMP390_test
 .text.BMP390_read_data
                0x00001bd4       0xb6 project/src/BMP390.o
                0x00001bd4                BMP390_read_data
 .text.BMP390_get_temp_data
                0x00001c8a       0x9a project/src/BMP390.o
                0x00001c8a                BMP390_get_temp_data
 .text.BMP390_get_pres_data
                0x00001d24      0x2d6 project/src/BMP390.o
                0x00001d24                BMP390_get_pres_data
 .text.BMP390_get_readings
                0x00001ffa       0x2a project/src/BMP390.o
                0x00001ffa                BMP390_get_readings
 .text.parse_calib_data
                0x00002024      0x2b2 project/src/BMP390.o
                0x00002024                parse_calib_data
 .text.BMP390_read_calib
                0x000022d6       0x4c project/src/BMP390.o
                0x000022d6                BMP390_read_calib
 .text.BMP390_init
                0x00002322       0x16 project/src/BMP390.o
                0x00002322                BMP390_init
 .text.BNO055_multiread
                0x00002338       0x52 project/src/BNO055.o
                0x00002338                BNO055_multiread
 .text.BNO055_write
                0x0000238a       0x1e project/src/BNO055.o
                0x0000238a                BNO055_write
 .text.BNO055_init
                0x000023a8        0x8 project/src/BNO055.o
                0x000023a8                BNO055_init
 .text.BNO055_read_test
                0x000023b0        0xc project/src/BNO055.o
                0x000023b0                BNO055_read_test
 .text.BNO055_test
                0x000023bc       0x24 project/src/BNO055.o
                0x000023bc                BNO055_test
 .text.BNO055_read_acc
                0x000023e0       0xd4 project/src/BNO055.o
                0x000023e0                BNO055_read_acc
 .text.BNO055_read_mag
                0x000024b4       0xd4 project/src/BNO055.o
                0x000024b4                BNO055_read_mag
 .text.BNO055_read_gyr
                0x00002588       0xd4 project/src/BNO055.o
                0x00002588                BNO055_read_gyr
 .text.buzzer_start
                0x0000265c       0x16 project/src/buzzer.o
                0x0000265c                buzzer_start
 .text.buzzer_stop
                0x00002672       0x16 project/src/buzzer.o
                0x00002672                buzzer_stop
 .text.i2c_init
                0x00002688        0xe project/src/i2c.o
                0x00002688                i2c_init
 .text.i2c_send_start
                0x00002696       0x10 project/src/i2c.o
                0x00002696                i2c_send_start
 .text.i2c_send_stop
                0x000026a6        0x8 project/src/i2c.o
                0x000026a6                i2c_send_stop
 .text.i2c_enter_MT_mode
                0x000026ae       0x16 project/src/i2c.o
                0x000026ae                i2c_enter_MT_mode
 .text.i2c_enter_MR_mode
                0x000026c4       0x1c project/src/i2c.o
                0x000026c4                i2c_enter_MR_mode
 .text.i2c_send
                0x000026e0       0x14 project/src/i2c.o
                0x000026e0                i2c_send
 .text.i2c_read_nack
                0x000026f4       0x18 project/src/i2c.o
                0x000026f4                i2c_read_nack
 .text.i2c_read_ack
                0x0000270c       0x18 project/src/i2c.o
                0x0000270c                i2c_read_ack
 .text.move_servo
                0x00002724       0x30 project/src/servo.o
                0x00002724                move_servo
 .text.reset_servo
                0x00002754       0x30 project/src/servo.o
                0x00002754                reset_servo
 .text.stop_servo
                0x00002784        0xc project/src/servo.o
                0x00002784                stop_servo
 .text.SPI_init
                0x00002790       0x14 project/src/spi.o
                0x00002790                SPI_init
 .text.SPI_select
                0x000027a4       0x18 project/src/spi.o
                0x000027a4                SPI_select
 .text.SPI_deselect
                0x000027bc       0x16 project/src/spi.o
                0x000027bc                SPI_deselect
 .text.SPI_transaction
                0x000027d2        0xc project/src/spi.o
                0x000027d2                SPI_transaction
 .text.ascent_handler
                0x000027de       0x4a project/src/states.o
                0x000027de                ascent_handler
 .text.descent_hander
                0x00002828       0x78 project/src/states.o
                0x00002828                descent_hander
 .text.landing_handler
                0x000028a0       0x5e project/src/states.o
                0x000028a0                landing_handler
 .text.sim_handler
                0x000028fe       0x46 project/src/states.o
                0x000028fe                sim_handler
 .text.release_handler
                0x00002944       0x60 project/src/states.o
                0x00002944                release_handler
 .text.calibration_handler
                0x000029a4       0x90 project/src/states.o
                0x000029a4                calibration_handler
 .text.state_manager
                0x00002a34       0x48 project/src/states.o
                0x00002a34                state_manager
 .text.is_falling
                0x00002a7c       0x30 project/src/tasks.o
                0x00002a7c                is_falling
 .text.is_stationary
                0x00002aac       0x32 project/src/tasks.o
                0x00002aac                is_stationary
 .text.data_reading
                0x00002ade      0x2bc project/src/tasks.o
                0x00002ade                data_reading
 .text.pgm_verifier
                0x00002d9a       0xa6 project/src/tasks.o
                0x00002d9a                pgm_verifier
 .text.checksum_checker
                0x00002e40       0x20 project/src/telemetry.o
                0x00002e40                checksum_checker
 .text.checksum_calculator
                0x00002e60      0x1fc project/src/telemetry.o
                0x00002e60                checksum_calculator
 .text.send_to_ground
                0x0000305c      0x146 project/src/telemetry.o
                0x0000305c                send_to_ground
 .text.receive_from_ground
                0x000031a2      0x19e project/src/telemetry.o
                0x000031a2                receive_from_ground
 .text.UART_init
                0x00003340       0x28 project/src/uart.o
                0x00003340                UART_init
 .text.UART0_tx
                0x00003368        0xe project/src/uart.o
                0x00003368                UART0_tx
 .text.UART1_tx
                0x00003376        0xe project/src/uart.o
                0x00003376                UART1_tx
 .text.print    0x00003384       0x18 project/src/uart.o
                0x00003384                print
 .text.UART1_send_bytes
                0x0000339c       0x26 project/src/uart.o
                0x0000339c                UART1_send_bytes
 .text.UART1_receive_bytes
                0x000033c2       0x94 project/src/uart.o
                0x000033c2                UART1_receive_bytes
 .text.UART1_receive_ok
                0x00003456       0x54 project/src/uart.o
                0x00003456                UART1_receive_ok
 .text.__vector_36
                0x000034aa       0x8a project/src/uart.o
                0x000034aa                __vector_36
 .text.__vector_51
                0x00003534       0x44 project/src/uart.o
                0x00003534                __vector_51
 .text.UART0_send_bytes
                0x00003578       0x26 project/src/uart.o
                0x00003578                UART0_send_bytes
 .text.W25QXX_readID
                0x0000359e       0x42 project/src/w25qxx.o
                0x0000359e                W25QXX_readID
 .text.W25QXX_test
                0x000035e0       0x32 project/src/w25qxx.o
                0x000035e0                W25QXX_test
 .text.wait_for_response
                0x00003612       0x58 project/src/XBEE.o
                0x00003612                wait_for_response
 .text.send_AT_command
                0x0000366a       0xa4 project/src/XBEE.o
                0x0000366a                send_AT_command
 .text.avr-libc.fplib
                0x0000370e        0xa c:/program files (x86)/atmel/studio/7.0/toolchain/avr8/avr8-gnu-toolchain/bin/../lib/gcc/avr/5.4.0/../../../../avr/lib/avr6\libm.a(addsf3.o)
                0x0000370e                __subsf3
                0x00003710                __addsf3
 .text.avr-libc.fplib
                0x00003718       0xc0 c:/program files (x86)/atmel/studio/7.0/toolchain/avr8/avr8-gnu-toolchain/bin/../lib/gcc/avr/5.4.0/../../../../avr/lib/avr6\libm.a(addsf3x.o)
                0x00003732                __addsf3x
 .text.avr-libc.fplib
                0x000037d8        0x8 c:/program files (x86)/atmel/studio/7.0/toolchain/avr8/avr8-gnu-toolchain/bin/../lib/gcc/avr/5.4.0/../../../../avr/lib/avr6\libm.a(cmpsf2.o)
                0x000037d8                __nesf2
                0x000037d8                __eqsf2
                0x000037d8                __cmpsf2
                0x000037d8                __ltsf2
                0x000037d8                __lesf2
 .text.avr-libc.fplib
                0x000037e0        0x4 c:/program files (x86)/atmel/studio/7.0/toolchain/avr8/avr8-gnu-toolchain/bin/../lib/gcc/avr/5.4.0/../../../../avr/lib/avr6\libm.a(divsf3.o)
                0x000037e0                __divsf3
 .text.avr-libc.fplib
                0x000037e4       0xcc c:/program files (x86)/atmel/studio/7.0/toolchain/avr8/avr8-gnu-toolchain/bin/../lib/gcc/avr/5.4.0/../../../../avr/lib/avr6\libm.a(divsf3x.o)
                0x000037fa                __divsf3x
                0x000037fe                __divsf3_pse
 .text.avr-libc.fplib
                0x000038b0       0x7a c:/program files (x86)/atmel/studio/7.0/toolchain/avr8/avr8-gnu-toolchain/bin/../lib/gcc/avr/5.4.0/../../../../avr/lib/avr6\libm.a(floatsisf.o)
                0x000038b0                __floatunsisf
                0x000038b4                __floatsisf
 .text.avr-libc.fplib
                0x0000392a       0x48 c:/program files (x86)/atmel/studio/7.0/toolchain/avr8/avr8-gnu-toolchain/bin/../lib/gcc/avr/5.4.0/../../../../avr/lib/avr6\libm.a(fp_cmp.o)
                0x0000392a                __fp_cmp
 .text.avr-libc.fplib
                0x00003972        0xc c:/program files (x86)/atmel/studio/7.0/toolchain/avr8/avr8-gnu-toolchain/bin/../lib/gcc/avr/5.4.0/../../../../avr/lib/avr6\libm.a(fp_inf.o)
                0x00003972                __fp_inf
 .text.avr-libc.fplib
                0x0000397e        0x6 c:/program files (x86)/atmel/studio/7.0/toolchain/avr8/avr8-gnu-toolchain/bin/../lib/gcc/avr/5.4.0/../../../../avr/lib/avr6\libm.a(fp_nan.o)
                0x0000397e                __fp_nan
 .text.avr-libc.fplib
                0x00003984        0xe c:/program files (x86)/atmel/studio/7.0/toolchain/avr8/avr8-gnu-toolchain/bin/../lib/gcc/avr/5.4.0/../../../../avr/lib/avr6\libm.a(fp_pscA.o)
                0x00003984                __fp_pscA
 .text.avr-libc.fplib
                0x00003992        0xe c:/program files (x86)/atmel/studio/7.0/toolchain/avr8/avr8-gnu-toolchain/bin/../lib/gcc/avr/5.4.0/../../../../avr/lib/avr6\libm.a(fp_pscB.o)
                0x00003992                __fp_pscB
 .text.avr-libc.fplib
                0x000039a0       0x22 c:/program files (x86)/atmel/studio/7.0/toolchain/avr8/avr8-gnu-toolchain/bin/../lib/gcc/avr/5.4.0/../../../../avr/lib/avr6\libm.a(fp_round.o)
                0x000039a0                __fp_round
 .text.avr-libc.fplib
                0x000039c2       0x44 c:/program files (x86)/atmel/studio/7.0/toolchain/avr8/avr8-gnu-toolchain/bin/../lib/gcc/avr/5.4.0/../../../../avr/lib/avr6\libm.a(fp_split3.o)
                0x000039c2                __fp_split3
                0x000039d2                __fp_splitA
 .text.avr-libc.fplib
                0x00003a06        0xe c:/program files (x86)/atmel/studio/7.0/toolchain/avr8/avr8-gnu-toolchain/bin/../lib/gcc/avr/5.4.0/../../../../avr/lib/avr6\libm.a(fp_zero.o)
                0x00003a06                __fp_zero
                0x00003a08                __fp_szero
 .text.avr-libc.fplib
                0x00003a14        0x8 c:/program files (x86)/atmel/studio/7.0/toolchain/avr8/avr8-gnu-toolchain/bin/../lib/gcc/avr/5.4.0/../../../../avr/lib/avr6\libm.a(gesf2.o)
                0x00003a14                __gesf2
                0x00003a14                __gtsf2
 .text.avr-libc.fplib
                0x00003a1c        0x4 c:/program files (x86)/atmel/studio/7.0/toolchain/avr8/avr8-gnu-toolchain/bin/../lib/gcc/avr/5.4.0/../../../../avr/lib/avr6\libm.a(mulsf3.o)
                0x00003a1c                __mulsf3
 .text.avr-libc.fplib
                0x00003a20       0xc2 c:/program files (x86)/atmel/studio/7.0/toolchain/avr8/avr8-gnu-toolchain/bin/../lib/gcc/avr/5.4.0/../../../../avr/lib/avr6\libm.a(mulsf3x.o)
                0x00003a34                __mulsf3x
                0x00003a38                __mulsf3_pse
 .text.avr-libc.fplib
                0x00003ae2       0x98 c:/program files (x86)/atmel/studio/7.0/toolchain/avr8/avr8-gnu-toolchain/bin/../lib/gcc/avr/5.4.0/../../../../avr/lib/avr6\libm.a(pow.o)
                0x00003ae2                pow
 .text.avr-libc.fplib
                0x00003b7a       0x62 c:/program files (x86)/atmel/studio/7.0/toolchain/avr8/avr8-gnu-toolchain/bin/../lib/gcc/avr/5.4.0/../../../../avr/lib/avr6\libm.a(exp.o)
                0x00003b84                exp
 .text.avr-libc.fplib
                0x00003bdc       0x4a c:/program files (x86)/atmel/studio/7.0/toolchain/avr8/avr8-gnu-toolchain/bin/../lib/gcc/avr/5.4.0/../../../../avr/lib/avr6\libm.a(fp_powser.o)
                0x00003bdc                __fp_powser
 .text.avr-libc.fplib
                0x00003c26        0xe c:/program files (x86)/atmel/studio/7.0/toolchain/avr8/avr8-gnu-toolchain/bin/../lib/gcc/avr/5.4.0/../../../../avr/lib/avr6\libm.a(inverse.o)
                0x00003c26                inverse
 .text.avr-libc.fplib
                0x00003c34       0x6c c:/program files (x86)/atmel/studio/7.0/toolchain/avr8/avr8-gnu-toolchain/bin/../lib/gcc/avr/5.4.0/../../../../avr/lib/avr6\libm.a(ldexp.o)
                0x00003c38                ldexp
 .text.avr-libc.fplib
                0x00003ca0       0x8a c:/program files (x86)/atmel/studio/7.0/toolchain/avr8/avr8-gnu-toolchain/bin/../lib/gcc/avr/5.4.0/../../../../avr/lib/avr6\libm.a(log.o)
                0x00003caa                log
 .text.avr-libc.fplib
                0x00003d2a       0x66 c:/program files (x86)/atmel/studio/7.0/toolchain/avr8/avr8-gnu-toolchain/bin/../lib/gcc/avr/5.4.0/../../../../avr/lib/avr6\libm.a(modf.o)
                0x00003d2a                modf
                0x00003d2a                modff
 .text.avr-libc.fplib
                0x00003d90       0x1c c:/program files (x86)/atmel/studio/7.0/toolchain/avr8/avr8-gnu-toolchain/bin/../lib/gcc/avr/5.4.0/../../../../avr/lib/avr6\libm.a(fp_mpack.o)
                0x00003d90                __fp_mpack
                0x00003d94                __fp_mpack_finite
 .text.libgcc.mul
                0x00003dac       0x1e c:/program files (x86)/atmel/studio/7.0/toolchain/avr8/avr8-gnu-toolchain/bin/../lib/gcc/avr/5.4.0/avr6\libgcc.a(_mulsi3.o)
                0x00003dac                __mulsi3
 .text.libgcc   0x00003dca       0x10 c:/program files (x86)/atmel/studio/7.0/toolchain/avr8/avr8-gnu-toolchain/bin/../lib/gcc/avr/5.4.0/avr6\libgcc.a(_tablejump2.o)
                0x00003dca                __tablejump2__
 .text.libgcc.mul
                0x00003dda       0x14 c:/program files (x86)/atmel/studio/7.0/toolchain/avr8/avr8-gnu-toolchain/bin/../lib/gcc/avr/5.4.0/avr6\libgcc.a(_muluhisi3.o)
                0x00003dda                __muluhisi3
 .text.libgcc.mul
                0x00003dee       0x1e c:/program files (x86)/atmel/studio/7.0/toolchain/avr8/avr8-gnu-toolchain/bin/../lib/gcc/avr/5.4.0/avr6\libgcc.a(_umulhisi3.o)
                0x00003dee                __umulhisi3
 .text.avr-libc
                0x00003e0c       0x12 c:/program files (x86)/atmel/studio/7.0/toolchain/avr8/avr8-gnu-toolchain/bin/../lib/gcc/avr/5.4.0/../../../../avr/lib/avr6\libc.a(memcpy.o)
                0x00003e0c                memcpy
 .text.avr-libc
                0x00003e1e       0x5c c:/program files (x86)/atmel/studio/7.0/toolchain/avr8/avr8-gnu-toolchain/bin/../lib/gcc/avr/5.4.0/../../../../avr/lib/avr6\libc.a(sprintf.o)
                0x00003e1e                sprintf
 .text.avr-libc
                0x00003e7a      0x3fa c:/program files (x86)/atmel/studio/7.0/toolchain/avr8/avr8-gnu-toolchain/bin/../lib/gcc/avr/5.4.0/../../../../avr/lib/avr6\libc.a(vfprintf_std.o)
                0x00003e7a                vfprintf
 .text.avr-libc
                0x00004274       0x16 c:/program files (x86)/atmel/studio/7.0/toolchain/avr8/avr8-gnu-toolchain/bin/../lib/gcc/avr/5.4.0/../../../../avr/lib/avr6\libc.a(strnlen_P.o)
                0x00004274                strnlen_P
 .text.avr-libc
                0x0000428a       0x16 c:/program files (x86)/atmel/studio/7.0/toolchain/avr8/avr8-gnu-toolchain/bin/../lib/gcc/avr/5.4.0/../../../../avr/lib/avr6\libc.a(strnlen.o)
                0x0000428a                strnlen
 .text.avr-libc
                0x000042a0       0x78 c:/program files (x86)/atmel/studio/7.0/toolchain/avr8/avr8-gnu-toolchain/bin/../lib/gcc/avr/5.4.0/../../../../avr/lib/avr6\libc.a(fputc.o)
                0x000042a0                fputc
 .text.avr-libc
                0x00004318       0xbc c:/program files (x86)/atmel/studio/7.0/toolchain/avr8/avr8-gnu-toolchain/bin/../lib/gcc/avr/5.4.0/../../../../avr/lib/avr6\libc.a(ultoa_invert.o)
                0x00004318                __ultoa_invert
 .text.avr-libc
                0x000043d4        0xa C:/Program Files (x86)/Atmel/Studio/7.0/Packs/atmel/ATmega_DFP/1.7.374/gcc/dev/atmega2560/avr6\libatmega2560.a(eerd_dword.o)
                0x000043d4                eeprom_read_float
                0x000043d4                eeprom_read_dword
 .text.avr-libc
                0x000043de       0x20 C:/Program Files (x86)/Atmel/Studio/7.0/Packs/atmel/ATmega_DFP/1.7.374/gcc/dev/atmega2560/avr6\libatmega2560.a(eerd_block.o)
                0x000043de                eeprom_read_block
                0x000043e2                eeprom_read_blraw
                0x000043fe                . = ALIGN (0x2)
 *(.fini9)
 .fini9         0x000043fe        0x0 c:/program files (x86)/atmel/studio/7.0/toolchain/avr8/avr8-gnu-toolchain/bin/../lib/gcc/avr/5.4.0/avr6\libgcc.a(_exit.o)
                0x000043fe                _exit
                0x000043fe                exit
 *(.fini9)
 *(.fini8)
 *(.fini8)
 *(.fini7)
 *(.fini7)
 *(.fini6)
 *(.fini6)
 *(.fini5)
 *(.fini5)
 *(.fini4)
 *(.fini4)
 *(.fini3)
 *(.fini3)
 *(.fini2)
 *(.fini2)
 *(.fini1)
 *(.fini1)
 *(.fini0)
 .fini0         0x000043fe        0x4 c:/program files (x86)/atmel/studio/7.0/toolchain/avr8/avr8-gnu-toolchain/bin/../lib/gcc/avr/5.4.0/avr6\libgcc.a(_exit.o)
 *(.fini0)
                0x00004402                _etext = .

.data           0x00800200      0x290 load address 0x00004402
                0x00800200                PROVIDE (__data_start, .)
 *(.data)
 *(.data*)
 .data.functionTable
                0x00800200        0xc project/src/states.o
                0x00800200                functionTable
 *(.gnu.linkonce.d*)
 *(.rodata)
 *(.rodata*)
 .rodata.str1.1
                0x0080020c        0x5 FreeRTOS/Source/tasks.o
 .rodata.str1.1
                0x00800211      0x120 main.o
 .rodata.str1.1
                0x00800331       0x73 project/src/states.o
 .rodata.str1.1
                0x008003a4       0x8a project/src/telemetry.o
 .rodata.str1.1
                0x0080042e       0x61 project/src/XBEE.o
 *(.gnu.linkonce.r*)
                0x00800490                . = ALIGN (0x2)
 *fill*         0x0080048f        0x1 
                0x00800490                _edata = .
                0x00800490                PROVIDE (__data_end, .)

.bss            0x00800490     0x191e
                0x00800490                PROVIDE (__bss_start, .)
 *(.bss)
 *(.bss*)
 .bss.xBlockAllocatedBit
                0x00800490        0x2 FreeRTOS/Source/portable/MemMang/heap_4.o
 .bss.xMinimumEverFreeBytesRemaining
                0x00800492        0x2 FreeRTOS/Source/portable/MemMang/heap_4.o
 .bss.xFreeBytesRemaining
                0x00800494        0x2 FreeRTOS/Source/portable/MemMang/heap_4.o
 .bss.pxEnd     0x00800496        0x2 FreeRTOS/Source/portable/MemMang/heap_4.o
 .bss.xStart    0x00800498        0x4 FreeRTOS/Source/portable/MemMang/heap_4.o
 .bss.ucHeap    0x0080049c     0x1770 FreeRTOS/Source/portable/MemMang/heap_4.o
 .bss.uxSchedulerSuspended
                0x00801c0c        0x1 FreeRTOS/Source/tasks.o
 .bss.xIdleTaskHandle
                0x00801c0d        0x2 FreeRTOS/Source/tasks.o
 .bss.xNextTaskUnblockTime
                0x00801c0f        0x4 FreeRTOS/Source/tasks.o
 .bss.uxTaskNumber
                0x00801c13        0x1 FreeRTOS/Source/tasks.o
 .bss.xNumOfOverflows
                0x00801c14        0x1 FreeRTOS/Source/tasks.o
 .bss.xYieldPending
                0x00801c15        0x1 FreeRTOS/Source/tasks.o
 .bss.uxPendedTicks
                0x00801c16        0x1 FreeRTOS/Source/tasks.o
 .bss.xSchedulerRunning
                0x00801c17        0x1 FreeRTOS/Source/tasks.o
 .bss.uxTopReadyPriority
                0x00801c18        0x1 FreeRTOS/Source/tasks.o
 .bss.xTickCount
                0x00801c19        0x4 FreeRTOS/Source/tasks.o
 .bss.uxCurrentNumberOfTasks
                0x00801c1d        0x1 FreeRTOS/Source/tasks.o
 .bss.xSuspendedTaskList
                0x00801c1e        0xb FreeRTOS/Source/tasks.o
 .bss.uxDeletedTasksWaitingCleanUp
                0x00801c29        0x1 FreeRTOS/Source/tasks.o
 .bss.xTasksWaitingTermination
                0x00801c2a        0xb FreeRTOS/Source/tasks.o
 .bss.xPendingReadyList
                0x00801c35        0xb FreeRTOS/Source/tasks.o
 .bss.pxOverflowDelayedTaskList
                0x00801c40        0x2 FreeRTOS/Source/tasks.o
 .bss.pxDelayedTaskList
                0x00801c42        0x2 FreeRTOS/Source/tasks.o
 .bss.xDelayedTaskList2
                0x00801c44        0xb FreeRTOS/Source/tasks.o
 .bss.xDelayedTaskList1
                0x00801c4f        0xb FreeRTOS/Source/tasks.o
 .bss.pxReadyTasksLists
                0x00801c5a       0x37 FreeRTOS/Source/tasks.o
 .bss.pxCurrentTCB
                0x00801c91        0x2 FreeRTOS/Source/tasks.o
                0x00801c91                pxCurrentTCB
 .bss.deploy_height
                0x00801c93        0x4 project/src/states.o
                0x00801c93                deploy_height
 .bss.calibrated_altitude
                0x00801c97        0x4 project/src/tasks.o
                0x00801c97                calibrated_altitude
 .bss.buf.2510  0x00801c9b       0x64 project/src/telemetry.o
 .bss.packet_count
                0x00801cff        0x1 project/src/telemetry.o
                0x00801cff                packet_count
 .bss.buffer_index
                0x00801d00        0x1 project/src/uart.o
                0x00801d00                buffer_index
 .bss.is_updating
                0x00801d01        0x1 project/src/XBEE.o
                0x00801d01                is_updating
 *(COMMON)
 COMMON         0x00801d02       0x14 main.o
                0x00801d02                BNO_buffer
 COMMON         0x00801d16       0x55 project/src/BMP390.o
                0x00801d16                raw_readings
                0x00801d1e                raw_calibs
                0x00801d33                calculated_calibs
 COMMON         0x00801d6b       0x3b project/src/states.o
                0x00801d6b                stateMutex
                0x00801d6d                universal_telemetry
                0x00801da4                events_queue
 COMMON         0x00801da6        0x6 project/src/tasks.o
                0x00801da6                old_altitude
                0x00801daa                simulated_pressure_queue
 COMMON         0x00801dac        0x2 project/src/uart.o
                0x00801dac                uart1_rx_queue
                0x00801dae                PROVIDE (__bss_end, .)
                0x00004402                __data_load_start = LOADADDR (.data)
                0x00004692                __data_load_end = (__data_load_start + SIZEOF (.data))

.noinit         0x00801dae        0x0
                [!provide]                PROVIDE (__noinit_start, .)
 *(.noinit*)
                [!provide]                PROVIDE (__noinit_end, .)
                0x00801dae                _end = .
                [!provide]                PROVIDE (__heap_start, .)

.eeprom         0x00810000        0x0
 *(.eeprom*)
                0x00810000                __eeprom_end = .

.fuse
 *(.fuse)
 *(.lfuse)
 *(.hfuse)
 *(.efuse)

.lock
 *(.lock*)

.signature
 *(.signature*)

.user_signatures
 *(.user_signatures*)

.stab
 *(.stab)

.stabstr
 *(.stabstr)

.stab.excl
 *(.stab.excl)

.stab.exclstr
 *(.stab.exclstr)

.stab.index
 *(.stab.index)

.stab.indexstr
 *(.stab.indexstr)

.comment        0x00000000       0x5c
 *(.comment)
 .comment       0x00000000       0x30 FreeRTOS/Source/list.o
                                 0x31 (size before relaxing)
 .comment       0x00000030       0x31 FreeRTOS/Source/portable/MemMang/heap_4.o
 .comment       0x00000030       0x31 FreeRTOS/Source/portable/WinAVR/ATmega2560/port.o
 .comment       0x00000030       0x31 FreeRTOS/Source/queue.o
 .comment       0x00000030       0x31 FreeRTOS/Source/tasks.o
 .comment       0x00000030       0x31 main.o
 .comment       0x00000030       0x31 project/src/BMP390.o
 .comment       0x00000030       0x31 project/src/BNO055.o
 .comment       0x00000030       0x31 project/src/buzzer.o
 .comment       0x00000030       0x31 project/src/i2c.o
 .comment       0x00000030       0x31 project/src/servo.o
 .comment       0x00000030       0x31 project/src/spi.o
 .comment       0x00000030       0x31 project/src/states.o
 .comment       0x00000030       0x31 project/src/tasks.o
 .comment       0x00000030       0x31 project/src/telemetry.o
 .comment       0x00000030       0x31 project/src/uart.o
 .comment       0x00000030       0x31 project/src/w25qxx.o
 .comment       0x00000030       0x31 project/src/XBEE.o
 .comment       0x00000030       0x31 c:/program files (x86)/atmel/studio/7.0/toolchain/avr8/avr8-gnu-toolchain/bin/../lib/gcc/avr/5.4.0/../../../../avr/lib/avr6\libc.a(sprintf.o)
 .comment       0x00000030       0x2c c:/program files (x86)/atmel/studio/7.0/toolchain/avr8/avr8-gnu-toolchain/bin/../lib/gcc/avr/5.4.0/../../../../avr/lib/avr6\libc.a(vfprintf_std.o)
                                 0x2d (size before relaxing)
 .comment       0x0000005c       0x31 c:/program files (x86)/atmel/studio/7.0/toolchain/avr8/avr8-gnu-toolchain/bin/../lib/gcc/avr/5.4.0/../../../../avr/lib/avr6\libc.a(fputc.o)

.note.gnu.avr.deviceinfo
                0x00000000       0x40
 .note.gnu.avr.deviceinfo
                0x00000000       0x40 C:/Program Files (x86)/Atmel/Studio/7.0/Packs/atmel/ATmega_DFP/1.7.374/gcc/dev/atmega2560/avr6/crtatmega2560.o

.note.gnu.build-id
 *(.note.gnu.build-id)

.debug
 *(.debug)

.line
 *(.line)

.debug_srcinfo
 *(.debug_srcinfo)

.debug_sfnames
 *(.debug_sfnames)

.debug_aranges  0x00000000      0x7c8
 *(.debug_aranges)
 .debug_aranges
                0x00000000       0x40 FreeRTOS/Source/list.o
 .debug_aranges
                0x00000040       0x50 FreeRTOS/Source/portable/MemMang/heap_4.o
 .debug_aranges
                0x00000090       0x50 FreeRTOS/Source/portable/WinAVR/ATmega2560/port.o
 .debug_aranges
                0x000000e0      0x100 FreeRTOS/Source/queue.o
 .debug_aranges
                0x000001e0      0x190 FreeRTOS/Source/tasks.o
 .debug_aranges
                0x00000370       0x28 main.o
 .debug_aranges
                0x00000398       0x80 project/src/BMP390.o
 .debug_aranges
                0x00000418       0x68 project/src/BNO055.o
 .debug_aranges
                0x00000480       0x28 project/src/buzzer.o
 .debug_aranges
                0x000004a8       0x58 project/src/i2c.o
 .debug_aranges
                0x00000500       0x30 project/src/servo.o
 .debug_aranges
                0x00000530       0x38 project/src/spi.o
 .debug_aranges
                0x00000568       0x50 project/src/states.o
 .debug_aranges
                0x000005b8       0x40 project/src/tasks.o
 .debug_aranges
                0x000005f8       0x38 project/src/telemetry.o
 .debug_aranges
                0x00000630       0xa0 project/src/uart.o
 .debug_aranges
                0x000006d0       0x90 project/src/w25qxx.o
 .debug_aranges
                0x00000760       0x28 project/src/XBEE.o
 .debug_aranges
                0x00000788       0x20 C:/Program Files (x86)/Atmel/Studio/7.0/Packs/atmel/ATmega_DFP/1.7.374/gcc/dev/atmega2560/avr6\libatmega2560.a(eerd_dword.o)
 .debug_aranges
                0x000007a8       0x20 C:/Program Files (x86)/Atmel/Studio/7.0/Packs/atmel/ATmega_DFP/1.7.374/gcc/dev/atmega2560/avr6\libatmega2560.a(eerd_block.o)

.debug_pubnames
 *(.debug_pubnames)

.debug_info     0x00000000     0x97a2
 *(.debug_info .gnu.linkonce.wi.*)
 .debug_info    0x00000000      0xbbc C:/Program Files (x86)/Atmel/Studio/7.0/Packs/atmel/ATmega_DFP/1.7.374/gcc/dev/atmega2560/avr6/crtatmega2560.o
 .debug_info    0x00000bbc      0x2ca FreeRTOS/Source/list.o
 .debug_info    0x00000e86      0x38b FreeRTOS/Source/portable/MemMang/heap_4.o
 .debug_info    0x00001211      0x243 FreeRTOS/Source/portable/WinAVR/ATmega2560/port.o
 .debug_info    0x00001454     0x1628 FreeRTOS/Source/queue.o
 .debug_info    0x00002a7c     0x1d9f FreeRTOS/Source/tasks.o
 .debug_info    0x0000481b      0x7e4 main.o
 .debug_info    0x00004fff      0x92a project/src/BMP390.o
 .debug_info    0x00005929      0x60f project/src/BNO055.o
 .debug_info    0x00005f38       0x97 project/src/buzzer.o
 .debug_info    0x00005fcf      0x180 project/src/i2c.o
 .debug_info    0x0000614f       0xb7 project/src/servo.o
 .debug_info    0x00006206       0xfd project/src/spi.o
 .debug_info    0x00006303      0x828 project/src/states.o
 .debug_info    0x00006b2b      0x99b project/src/tasks.o
 .debug_info    0x000074c6      0xe2d project/src/telemetry.o
 .debug_info    0x000082f3      0x545 project/src/uart.o
 .debug_info    0x00008838      0xa67 project/src/w25qxx.o
 .debug_info    0x0000929f      0x3cd project/src/XBEE.o
 .debug_info    0x0000966c       0x9b C:/Program Files (x86)/Atmel/Studio/7.0/Packs/atmel/ATmega_DFP/1.7.374/gcc/dev/atmega2560/avr6\libatmega2560.a(eerd_dword.o)
 .debug_info    0x00009707       0x9b C:/Program Files (x86)/Atmel/Studio/7.0/Packs/atmel/ATmega_DFP/1.7.374/gcc/dev/atmega2560/avr6\libatmega2560.a(eerd_block.o)

.debug_abbrev   0x00000000     0x26e3
 *(.debug_abbrev)
 .debug_abbrev  0x00000000      0xb1a C:/Program Files (x86)/Atmel/Studio/7.0/Packs/atmel/ATmega_DFP/1.7.374/gcc/dev/atmega2560/avr6/crtatmega2560.o
 .debug_abbrev  0x00000b1a       0xf8 FreeRTOS/Source/list.o
 .debug_abbrev  0x00000c12      0x1cc FreeRTOS/Source/portable/MemMang/heap_4.o
 .debug_abbrev  0x00000dde      0x143 FreeRTOS/Source/portable/WinAVR/ATmega2560/port.o
 .debug_abbrev  0x00000f21      0x211 FreeRTOS/Source/queue.o
 .debug_abbrev  0x00001132      0x2bf FreeRTOS/Source/tasks.o
 .debug_abbrev  0x000013f1      0x1c8 main.o
 .debug_abbrev  0x000015b9      0x1e0 project/src/BMP390.o
 .debug_abbrev  0x00001799      0x192 project/src/BNO055.o
 .debug_abbrev  0x0000192b       0x4f project/src/buzzer.o
 .debug_abbrev  0x0000197a       0x99 project/src/i2c.o
 .debug_abbrev  0x00001a13       0x4f project/src/servo.o
 .debug_abbrev  0x00001a62       0xa3 project/src/spi.o
 .debug_abbrev  0x00001b05      0x20f project/src/states.o
 .debug_abbrev  0x00001d14      0x254 project/src/tasks.o
 .debug_abbrev  0x00001f68      0x285 project/src/telemetry.o
 .debug_abbrev  0x000021ed      0x1ad project/src/uart.o
 .debug_abbrev  0x0000239a      0x1e0 project/src/w25qxx.o
 .debug_abbrev  0x0000257a      0x141 project/src/XBEE.o
 .debug_abbrev  0x000026bb       0x14 C:/Program Files (x86)/Atmel/Studio/7.0/Packs/atmel/ATmega_DFP/1.7.374/gcc/dev/atmega2560/avr6\libatmega2560.a(eerd_dword.o)
 .debug_abbrev  0x000026cf       0x14 C:/Program Files (x86)/Atmel/Studio/7.0/Packs/atmel/ATmega_DFP/1.7.374/gcc/dev/atmega2560/avr6\libatmega2560.a(eerd_block.o)

.debug_line     0x00000000     0x526e
 *(.debug_line .debug_line.* .debug_line_end)
 .debug_line    0x00000000      0x1fa C:/Program Files (x86)/Atmel/Studio/7.0/Packs/atmel/ATmega_DFP/1.7.374/gcc/dev/atmega2560/avr6/crtatmega2560.o
 .debug_line    0x000001fa      0x222 FreeRTOS/Source/list.o
 .debug_line    0x0000041c      0x376 FreeRTOS/Source/portable/MemMang/heap_4.o
 .debug_line    0x00000792      0x2f9 FreeRTOS/Source/portable/WinAVR/ATmega2560/port.o
 .debug_line    0x00000a8b      0xba5 FreeRTOS/Source/queue.o
 .debug_line    0x00001630     0x1244 FreeRTOS/Source/tasks.o
 .debug_line    0x00002874      0x330 main.o
 .debug_line    0x00002ba4      0x435 project/src/BMP390.o
 .debug_line    0x00002fd9      0x32e project/src/BNO055.o
 .debug_line    0x00003307       0xcf project/src/buzzer.o
 .debug_line    0x000033d6      0x1be project/src/i2c.o
 .debug_line    0x00003594      0x108 project/src/servo.o
 .debug_line    0x0000369c      0x114 project/src/spi.o
 .debug_line    0x000037b0      0x34c project/src/states.o
 .debug_line    0x00003afc      0x3a0 project/src/tasks.o
 .debug_line    0x00003e9c      0x725 project/src/telemetry.o
 .debug_line    0x000045c1      0x45c project/src/uart.o
 .debug_line    0x00004a1d      0x550 project/src/w25qxx.o
 .debug_line    0x00004f6d      0x1ee project/src/XBEE.o
 .debug_line    0x0000515b       0x68 C:/Program Files (x86)/Atmel/Studio/7.0/Packs/atmel/ATmega_DFP/1.7.374/gcc/dev/atmega2560/avr6\libatmega2560.a(eerd_dword.o)
 .debug_line    0x000051c3       0xab C:/Program Files (x86)/Atmel/Studio/7.0/Packs/atmel/ATmega_DFP/1.7.374/gcc/dev/atmega2560/avr6\libatmega2560.a(eerd_block.o)

.debug_frame    0x00000000     0x18d0
 *(.debug_frame)
 .debug_frame   0x00000000       0x90 FreeRTOS/Source/list.o
 .debug_frame   0x00000090       0xd0 FreeRTOS/Source/portable/MemMang/heap_4.o
 .debug_frame   0x00000160       0x84 FreeRTOS/Source/portable/WinAVR/ATmega2560/port.o
 .debug_frame   0x000001e4      0x3cc FreeRTOS/Source/queue.o
 .debug_frame   0x000005b0      0x6ac FreeRTOS/Source/tasks.o
 .debug_frame   0x00000c5c       0x60 main.o
 .debug_frame   0x00000cbc      0x240 project/src/BMP390.o
 .debug_frame   0x00000efc      0x190 project/src/BNO055.o
 .debug_frame   0x0000108c       0x34 project/src/buzzer.o
 .debug_frame   0x000010c0       0x94 project/src/i2c.o
 .debug_frame   0x00001154       0x44 project/src/servo.o
 .debug_frame   0x00001198       0x54 project/src/spi.o
 .debug_frame   0x000011ec       0xd4 project/src/states.o
 .debug_frame   0x000012c0       0xa0 project/src/tasks.o
 .debug_frame   0x00001360       0x74 project/src/telemetry.o
 .debug_frame   0x000013d4      0x228 project/src/uart.o
 .debug_frame   0x000015fc      0x264 project/src/w25qxx.o
 .debug_frame   0x00001860       0x70 project/src/XBEE.o

.debug_str      0x00000000     0x2407
 *(.debug_str)
 .debug_str     0x00000000      0x3e6 C:/Program Files (x86)/Atmel/Studio/7.0/Packs/atmel/ATmega_DFP/1.7.374/gcc/dev/atmega2560/avr6/crtatmega2560.o
 .debug_str     0x000003e6      0x282 FreeRTOS/Source/list.o
                                0x2c1 (size before relaxing)
 .debug_str     0x00000668      0x20e FreeRTOS/Source/portable/MemMang/heap_4.o
                                0x386 (size before relaxing)
 .debug_str     0x00000876      0x142 FreeRTOS/Source/portable/WinAVR/ATmega2560/port.o
                                0x2cd (size before relaxing)
 .debug_str     0x000009b8      0x5e0 FreeRTOS/Source/queue.o
                                0x8a0 (size before relaxing)
 .debug_str     0x00000f98      0x83e FreeRTOS/Source/tasks.o
                                0xd0e (size before relaxing)
 .debug_str     0x000017d6      0x1e6 main.o
                                0x3af (size before relaxing)
 .debug_str     0x000019bc      0x276 project/src/BMP390.o
                                0x43f (size before relaxing)
 .debug_str     0x00001c32      0x126 project/src/BNO055.o
                                0x2e4 (size before relaxing)
 .debug_str     0x00001d58       0x18 project/src/buzzer.o
                                0x18f (size before relaxing)
 .debug_str     0x00001d70       0x15 project/src/i2c.o
                                0x1f2 (size before relaxing)
 .debug_str     0x00001d85       0x17 project/src/servo.o
                                0x1a0 (size before relaxing)
 .debug_str     0x00001d9c       0x15 project/src/spi.o
                                0x1ae (size before relaxing)
 .debug_str     0x00001db1      0x256 project/src/states.o
                                0x50c (size before relaxing)
 .debug_str     0x00002007       0x79 project/src/tasks.o
                                0x54d (size before relaxing)
 .debug_str     0x00002080      0x170 project/src/telemetry.o
                                0x606 (size before relaxing)
 .debug_str     0x000021f0       0xb2 project/src/uart.o
                                0x317 (size before relaxing)
 .debug_str     0x000022a2      0x13d project/src/w25qxx.o
                                0x338 (size before relaxing)
 .debug_str     0x000023df       0x28 project/src/XBEE.o
                                0x223 (size before relaxing)

.debug_loc      0x00000000     0x74dc
 *(.debug_loc)
 .debug_loc     0x00000000      0x17d FreeRTOS/Source/list.o
 .debug_loc     0x0000017d      0x32f FreeRTOS/Source/portable/MemMang/heap_4.o
 .debug_loc     0x000004ac      0x2d3 FreeRTOS/Source/portable/WinAVR/ATmega2560/port.o
 .debug_loc     0x0000077f     0x1d6f FreeRTOS/Source/queue.o
 .debug_loc     0x000024ee     0x22bb FreeRTOS/Source/tasks.o
 .debug_loc     0x000047a9      0x180 main.o
 .debug_loc     0x00004929      0xa83 project/src/BMP390.o
 .debug_loc     0x000053ac      0x63a project/src/BNO055.o
 .debug_loc     0x000059e6       0xbf project/src/i2c.o
 .debug_loc     0x00005aa5       0x1f project/src/spi.o
 .debug_loc     0x00005ac4      0x1c1 project/src/states.o
 .debug_loc     0x00005c85      0x2ec project/src/tasks.o
 .debug_loc     0x00005f71      0x3d7 project/src/telemetry.o
 .debug_loc     0x00006348      0x5e2 project/src/uart.o
 .debug_loc     0x0000692a      0xa44 project/src/w25qxx.o
 .debug_loc     0x0000736e      0x16e project/src/XBEE.o

.debug_macinfo
 *(.debug_macinfo)

.debug_weaknames
 *(.debug_weaknames)

.debug_funcnames
 *(.debug_funcnames)

.debug_typenames
 *(.debug_typenames)

.debug_varnames
 *(.debug_varnames)

.debug_pubtypes
 *(.debug_pubtypes)

.debug_ranges   0x00000000      0x750
 *(.debug_ranges)
 .debug_ranges  0x00000000       0x30 FreeRTOS/Source/list.o
 .debug_ranges  0x00000030       0x40 FreeRTOS/Source/portable/MemMang/heap_4.o
 .debug_ranges  0x00000070       0x40 FreeRTOS/Source/portable/WinAVR/ATmega2560/port.o
 .debug_ranges  0x000000b0      0x138 FreeRTOS/Source/queue.o
 .debug_ranges  0x000001e8      0x1c0 FreeRTOS/Source/tasks.o
 .debug_ranges  0x000003a8       0x18 main.o
 .debug_ranges  0x000003c0       0x70 project/src/BMP390.o
 .debug_ranges  0x00000430       0x58 project/src/BNO055.o
 .debug_ranges  0x00000488       0x18 project/src/buzzer.o
 .debug_ranges  0x000004a0       0x48 project/src/i2c.o
 .debug_ranges  0x000004e8       0x20 project/src/servo.o
 .debug_ranges  0x00000508       0x28 project/src/spi.o
 .debug_ranges  0x00000530       0x40 project/src/states.o
 .debug_ranges  0x00000570       0x48 project/src/tasks.o
 .debug_ranges  0x000005b8       0x58 project/src/telemetry.o
 .debug_ranges  0x00000610       0x90 project/src/uart.o
 .debug_ranges  0x000006a0       0x98 project/src/w25qxx.o
 .debug_ranges  0x00000738       0x18 project/src/XBEE.o

.debug_macro
 *(.debug_macro)
OUTPUT(obc.elf elf32-avr)
LOAD linker stubs
