Archive member included to satisfy reference by file (symbol)

c:/program files (x86)/atmel/studio/7.0/toolchain/avr8/avr8-gnu-toolchain/bin/../lib/gcc/avr/5.4.0/../../../../avr/lib/avr6\libm.a(addsf3.o)
                              project/src/BMP390.o (__subsf3)
c:/program files (x86)/atmel/studio/7.0/toolchain/avr8/avr8-gnu-toolchain/bin/../lib/gcc/avr/5.4.0/../../../../avr/lib/avr6\libm.a(addsf3x.o)
                              c:/program files (x86)/atmel/studio/7.0/toolchain/avr8/avr8-gnu-toolchain/bin/../lib/gcc/avr/5.4.0/../../../../avr/lib/avr6\libm.a(addsf3.o) (__addsf3x)
c:/program files (x86)/atmel/studio/7.0/toolchain/avr8/avr8-gnu-toolchain/bin/../lib/gcc/avr/5.4.0/../../../../avr/lib/avr6\libm.a(cmpsf2.o)
                              project/src/tasks.o (__ltsf2)
c:/program files (x86)/atmel/studio/7.0/toolchain/avr8/avr8-gnu-toolchain/bin/../lib/gcc/avr/5.4.0/../../../../avr/lib/avr6\libm.a(divsf3.o)
                              project/src/BNO055.o (__divsf3)
c:/program files (x86)/atmel/studio/7.0/toolchain/avr8/avr8-gnu-toolchain/bin/../lib/gcc/avr/5.4.0/../../../../avr/lib/avr6\libm.a(divsf3x.o)
                              c:/program files (x86)/atmel/studio/7.0/toolchain/avr8/avr8-gnu-toolchain/bin/../lib/gcc/avr/5.4.0/../../../../avr/lib/avr6\libm.a(divsf3.o) (__divsf3x)
c:/program files (x86)/atmel/studio/7.0/toolchain/avr8/avr8-gnu-toolchain/bin/../lib/gcc/avr/5.4.0/../../../../avr/lib/avr6\libm.a(fixsfsi.o)
                              project/src/BNO055.o (__fixsfsi)
c:/program files (x86)/atmel/studio/7.0/toolchain/avr8/avr8-gnu-toolchain/bin/../lib/gcc/avr/5.4.0/../../../../avr/lib/avr6\libm.a(fixunssfsi.o)
                              c:/program files (x86)/atmel/studio/7.0/toolchain/avr8/avr8-gnu-toolchain/bin/../lib/gcc/avr/5.4.0/../../../../avr/lib/avr6\libm.a(fixsfsi.o) (__fixunssfsi)
c:/program files (x86)/atmel/studio/7.0/toolchain/avr8/avr8-gnu-toolchain/bin/../lib/gcc/avr/5.4.0/../../../../avr/lib/avr6\libm.a(floatsisf.o)
                              project/src/BMP390.o (__floatunsisf)
c:/program files (x86)/atmel/studio/7.0/toolchain/avr8/avr8-gnu-toolchain/bin/../lib/gcc/avr/5.4.0/../../../../avr/lib/avr6\libm.a(fp_cmp.o)
                              c:/program files (x86)/atmel/studio/7.0/toolchain/avr8/avr8-gnu-toolchain/bin/../lib/gcc/avr/5.4.0/../../../../avr/lib/avr6\libm.a(cmpsf2.o) (__fp_cmp)
c:/program files (x86)/atmel/studio/7.0/toolchain/avr8/avr8-gnu-toolchain/bin/../lib/gcc/avr/5.4.0/../../../../avr/lib/avr6\libm.a(fp_inf.o)
                              c:/program files (x86)/atmel/studio/7.0/toolchain/avr8/avr8-gnu-toolchain/bin/../lib/gcc/avr/5.4.0/../../../../avr/lib/avr6\libm.a(addsf3x.o) (__fp_inf)
c:/program files (x86)/atmel/studio/7.0/toolchain/avr8/avr8-gnu-toolchain/bin/../lib/gcc/avr/5.4.0/../../../../avr/lib/avr6\libm.a(fp_nan.o)
                              c:/program files (x86)/atmel/studio/7.0/toolchain/avr8/avr8-gnu-toolchain/bin/../lib/gcc/avr/5.4.0/../../../../avr/lib/avr6\libm.a(addsf3x.o) (__fp_nan)
c:/program files (x86)/atmel/studio/7.0/toolchain/avr8/avr8-gnu-toolchain/bin/../lib/gcc/avr/5.4.0/../../../../avr/lib/avr6\libm.a(fp_pscA.o)
                              c:/program files (x86)/atmel/studio/7.0/toolchain/avr8/avr8-gnu-toolchain/bin/../lib/gcc/avr/5.4.0/../../../../avr/lib/avr6\libm.a(addsf3x.o) (__fp_pscA)
c:/program files (x86)/atmel/studio/7.0/toolchain/avr8/avr8-gnu-toolchain/bin/../lib/gcc/avr/5.4.0/../../../../avr/lib/avr6\libm.a(fp_pscB.o)
                              c:/program files (x86)/atmel/studio/7.0/toolchain/avr8/avr8-gnu-toolchain/bin/../lib/gcc/avr/5.4.0/../../../../avr/lib/avr6\libm.a(addsf3x.o) (__fp_pscB)
c:/program files (x86)/atmel/studio/7.0/toolchain/avr8/avr8-gnu-toolchain/bin/../lib/gcc/avr/5.4.0/../../../../avr/lib/avr6\libm.a(fp_round.o)
                              c:/program files (x86)/atmel/studio/7.0/toolchain/avr8/avr8-gnu-toolchain/bin/../lib/gcc/avr/5.4.0/../../../../avr/lib/avr6\libm.a(addsf3.o) (__fp_round)
c:/program files (x86)/atmel/studio/7.0/toolchain/avr8/avr8-gnu-toolchain/bin/../lib/gcc/avr/5.4.0/../../../../avr/lib/avr6\libm.a(fp_split3.o)
                              c:/program files (x86)/atmel/studio/7.0/toolchain/avr8/avr8-gnu-toolchain/bin/../lib/gcc/avr/5.4.0/../../../../avr/lib/avr6\libm.a(addsf3x.o) (__fp_split3)
c:/program files (x86)/atmel/studio/7.0/toolchain/avr8/avr8-gnu-toolchain/bin/../lib/gcc/avr/5.4.0/../../../../avr/lib/avr6\libm.a(fp_zero.o)
                              c:/program files (x86)/atmel/studio/7.0/toolchain/avr8/avr8-gnu-toolchain/bin/../lib/gcc/avr/5.4.0/../../../../avr/lib/avr6\libm.a(addsf3x.o) (__fp_zero)
c:/program files (x86)/atmel/studio/7.0/toolchain/avr8/avr8-gnu-toolchain/bin/../lib/gcc/avr/5.4.0/../../../../avr/lib/avr6\libm.a(gesf2.o)
                              project/src/tasks.o (__gtsf2)
[...]
Memory Configuration

Name             Origin             Length             Attributes
text             0x00000000         0x00040000         xr
data             0x00800200         0x00002000         rw !x
eeprom           0x00810000         0x00001000         rw !x
fuse             0x00820000         0x00000003         rw !x
lock             0x00830000         0x00000400         rw !x
signature        0x00840000         0x00000400         rw !x
user_signatures  0x00850000         0x00000400         rw !x
*default*        0x00000000         0xffffffff

Linker script and memory map

Address of section .data set to 0x800200
LOAD C:/Program Files (x86)/Atmel/Studio/7.0/Packs/atmel/ATmega_DFP/1.7.374/gcc/dev/atmega2560/avr6/crtatmega2560.o
LOAD FreeRTOS/Source/list.o
LOAD FreeRTOS/Source/portable/MemMang/heap_4.o
LOAD FreeRTOS/Source/portable/WinAVR/ATmega2560/port.o
LOAD FreeRTOS/Source/queue.o
LOAD FreeRTOS/Source/tasks.o
LOAD FreeRTOS/Source/timers.o
LOAD main.o
LOAD project/src/BMP390.o
LOAD project/src/BNO055.o
LOAD project/src/buzzer.o
LOAD project/src/i2c.o
LOAD project/src/servo.o
LOAD project/src/spi.o
LOAD project/src/states.o
LOAD project/src/tasks.o
LOAD project/src/telemetry.o
LOAD project/src/uart.o
LOAD project/src/w25qxx.o
START GROUP
LOAD c:/program files (x86)/atmel/studio/7.0/toolchain/avr8/avr8-gnu-toolchain/bin/../lib/gcc/avr/5.4.0/../../../../avr/lib/avr6\libm.a
END GROUP
START GROUP
LOAD c:/program files (x86)/atmel/studio/7.0/toolchain/avr8/avr8-gnu-toolchain/bin/../lib/gcc/avr/5.4.0/avr6\libgcc.a
LOAD c:/program files (x86)/atmel/studio/7.0/toolchain/avr8/avr8-gnu-toolchain/bin/../lib/gcc/avr/5.4.0/../../../../avr/lib/avr6\libm.a
LOAD c:/program files (x86)/atmel/studio/7.0/toolchain/avr8/avr8-gnu-toolchain/bin/../lib/gcc/avr/5.4.0/../../../../avr/lib/avr6\libc.a
LOAD C:/Program Files (x86)/Atmel/Studio/7.0/Packs/atmel/ATmega_DFP/1.7.374/gcc/dev/atmega2560/avr6\libatmega2560.a
END GROUP
                0x00000000                __TEXT_REGION_ORIGIN__ = DEFINED (__TEXT_REGION_ORIGIN__)?__TEXT_REGION_ORIGIN__:0x0
                [0x00800200]                __DATA_REGION_ORIGIN__ = DEFINED (__DATA_REGION_ORIGIN__)?__DATA_REGION_ORIGIN__:0x800200
                [0x00040000]                __TEXT_REGION_LENGTH__ = DEFINED (__TEXT_REGION_LENGTH__)?__TEXT_REGION_LENGTH__:0x100000
                [0x00002000]                __DATA_REGION_LENGTH__ = DEFINED (__DATA_REGION_LENGTH__)?__DATA_REGION_LENGTH__:0xfe00
                [0x00001000]                __EEPROM_REGION_LENGTH__ = DEFINED (__EEPROM_REGION_LENGTH__)?__EEPROM_REGION_LENGTH__:0x10000
                [0x00000003]                __FUSE_REGION_LENGTH__ = DEFINED (__FUSE_REGION_LENGTH__)?__FUSE_REGION_LENGTH__:0x400
                0x00000400                __LOCK_REGION_LENGTH__ = DEFINED (__LOCK_REGION_LENGTH__)?__LOCK_REGION_LENGTH__:0x400
                0x00000400                __SIGNATURE_REGION_LENGTH__ = DEFINED (__SIGNATURE_REGION_LENGTH__)?__SIGNATURE_REGION_LENGTH__:0x400
                0x00000400                __USER_SIGNATURE_REGION_LENGTH__ = DEFINED (__USER_SIGNATURE_REGION_LENGTH__)?__USER_SIGNATURE_REGION_LENGTH__:0x400

.hash
 *(.hash)

.dynsym
 *(.dynsym)

.dynstr
 *(.dynstr)

.gnu.version
 *(.gnu.version)

.gnu.version_d
 *(.gnu.version_d)

.gnu.version_r
 *(.gnu.version_r)

.rel.init
 *(.rel.init)

.rela.init
 *(.rela.init)

.rel.text
 *(.rel.text)
 *(.rel.text.*)
 *(.rel.gnu.linkonce.t*)

.rela.text
 *(.rela.text)
 *(.rela.text.*)
 *(.rela.gnu.linkonce.t*)

.rel.fini
 *(.rel.fini)

.rela.fini
 *(.rela.fini)

.rel.rodata
 *(.rel.rodata)
 *(.rel.rodata.*)
 *(.rel.gnu.linkonce.r*)

.rela.rodata
 *(.rela.rodata)
 *(.rela.rodata.*)
 *(.rela.gnu.linkonce.r*)

.rel.data
 *(.rel.data)
 *(.rel.data.*)
 *(.rel.gnu.linkonce.d*)

.rela.data
 *(.rela.data)
 *(.rela.data.*)
 *(.rela.gnu.linkonce.d*)

.rel.ctors
 *(.rel.ctors)

.rela.ctors
 *(.rela.ctors)

.rel.dtors
 *(.rel.dtors)

.rela.dtors
 *(.rela.dtors)

.rel.got
 *(.rel.got)

.rela.got
 *(.rela.got)

.rel.bss
 *(.rel.bss)

.rela.bss
 *(.rela.bss)

.rel.plt
 *(.rel.plt)

.rela.plt
 *(.rela.plt)

.text           0x00000000     0x415c
 *(.vectors)
 .vectors       0x00000000       0xe4 C:/Program Files (x86)/Atmel/Studio/7.0/Packs/atmel/ATmega_DFP/1.7.374/gcc/dev/atmega2560/avr6/crtatmega2560.o
                0x00000000                __vector_default
                0x00000000                __vectors
 *(.vectors)
 *(.progmem.gcc*)
 .progmem.gcc_fplib
                0x000000e4       0x28 c:/program files (x86)/atmel/studio/7.0/toolchain/avr8/avr8-gnu-toolchain/bin/../lib/gcc/avr/5.4.0/../../../../avr/lib/avr6\libm.a(exp.o)
 .progmem.gcc_fplib
                0x0000010c       0x5a c:/program files (x86)/atmel/studio/7.0/toolchain/avr8/avr8-gnu-toolchain/bin/../lib/gcc/avr/5.4.0/../../../../avr/lib/avr6\libm.a(log.o)
                0x00000166                . = ALIGN (0x2)
                0x00000166                __trampolines_start = .
 *(.trampolines)
 .trampolines   0x00000166        0x0 linker stubs
 *(.trampolines*)
                0x00000166                __trampolines_end = .
 *libprintf_flt.a:*(.progmem.data)
 *libc.a:*(.progmem.data)
 *(.progmem*)
                0x00000166                . = ALIGN (0x2)
 *(.jumptables)
 *(.jumptables*)
 *(.lowtext)
 *(.lowtext*)
                0x00000166                __ctors_start = .
 *(.ctors)
                0x00000166                __ctors_end = .
                0x00000166                __dtors_start = .
 *(.dtors)
                0x00000166                __dtors_end = .
 SORT(*)(.ctors)
 SORT(*)(.dtors)
 *(.init0)
 .init0         0x00000166        0x0 C:/Program Files (x86)/Atmel/Studio/7.0/Packs/atmel/ATmega_DFP/1.7.374/gcc/dev/atmega2560/avr6/crtatmega2560.o
                0x00000166                __init
 *(.init0)
 *(.init1)
 *(.init1)
 *(.init2)
 .init2         0x00000166       0x10 C:/Program Files (x86)/Atmel/Studio/7.0/Packs/atmel/ATmega_DFP/1.7.374/gcc/dev/atmega2560/avr6/crtatmega2560.o
 *(.init2)
 *(.init3)
 *(.init3)
 *(.init4)
 .init4         0x00000176       0x1a c:/program files (x86)/atmel/studio/7.0/toolchain/avr8/avr8-gnu-toolchain/bin/../lib/gcc/avr/5.4.0/avr6\libgcc.a(_copy_data.o)
                0x00000176                __do_copy_data
 .init4         0x00000190       0x10 c:/program files (x86)/atmel/studio/7.0/toolchain/avr8/avr8-gnu-toolchain/bin/../lib/gcc/avr/5.4.0/avr6\libgcc.a(_clear_bss.o)
                0x00000190                __do_clear_bss
 *(.init4)
 *(.init5)
 *(.init5)
 *(.init6)
 *(.init6)
 *(.init7)
 *(.init7)
 *(.init8)
 *(.init8)
 *(.init9)
 .init9         0x000001a0        0x8 C:/Program Files (x86)/Atmel/Studio/7.0/Packs/atmel/ATmega_DFP/1.7.374/gcc/dev/atmega2560/avr6/crtatmega2560.o
 *(.init9)
 *(.text)
 .text          0x000001a8        0x2 C:/Program Files (x86)/Atmel/Studio/7.0/Packs/atmel/ATmega_DFP/1.7.374/gcc/dev/atmega2560/avr6/crtatmega2560.o
                0x000001a8                __vector_38
                0x000001a8                __vector_22
                0x000001a8                __vector_28
                0x000001a8                __vector_1
                0x000001a8                __vector_32
                0x000001a8                __vector_34
                0x000001a8                __vector_24
                0x000001a8                __vector_12
                0x000001a8                __vector_55
                0x000001a8                __vector_46
                0x000001a8                __bad_interrupt
                0x000001a8                __vector_6
                0x000001a8                __vector_31
                0x000001a8                __vector_35
                0x000001a8                __vector_39
                0x000001a8                __vector_3
                0x000001a8                __vector_23
                0x000001a8                __vector_30
                0x000001a8                __vector_45
                0x000001a8                __vector_25
                0x000001a8                __vector_11
                0x000001a8                __vector_54
                0x000001a8                __vector_13
                0x000001a8                __vector_19
                0x000001a8                __vector_56
                0x000001a8                __vector_7
                0x000001a8                __vector_49
                0x000001a8                __vector_41
                0x000001a8                __vector_43
                0x000001a8                __vector_27
                0x000001a8                __vector_5
                0x000001a8                __vector_33
                0x000001a8                __vector_47
                0x000001a8                __vector_52
                0x000001a8                __vector_37
                0x000001a8                __vector_4
                0x000001a8                __vector_44
                0x000001a8                __vector_9
                0x000001a8                __vector_2
                0x000001a8                __vector_21
                0x000001a8                __vector_15
                0x000001a8                __vector_29
                0x000001a8                __vector_40
                0x000001a8                __vector_8
                0x000001a8                __vector_26
                0x000001a8                __vector_48
                0x000001a8                __vector_14
                0x000001a8                __vector_53
                0x000001a8                __vector_10
                0x000001a8                __vector_50
                0x000001a8                __vector_16
                0x000001a8                __vector_18
                0x000001a8                __vector_20
                0x000001a8                __vector_42
                0x000001aa                . = ALIGN (0x2)
 *(.text.*)
 .text.vListInitialise
                0x000001aa       0x22 FreeRTOS/Source/list.o
                0x000001aa                vListInitialise
 .text.vListInitialiseItem
                0x000001cc        0x8 FreeRTOS/Source/list.o
                0x000001cc                vListInitialiseItem
 .text.vListInsertEnd
                0x000001d4       0x42 FreeRTOS/Source/list.o
                0x000001d4                vListInsertEnd
 .text.vListInsert
                0x00000216       0x7a FreeRTOS/Source/list.o
                0x00000216                vListInsert
 .text.uxListRemove
                0x00000290       0x4c FreeRTOS/Source/list.o
                0x00000290                uxListRemove
 .text.prvHeapInit
                0x000002dc       0x6e FreeRTOS/Source/portable/MemMang/heap_4.o
 .text.prvInsertBlockIntoFreeList
                0x0000034a       0x94 FreeRTOS/Source/portable/MemMang/heap_4.o
 .text.pvPortMalloc
                0x000003de      0x124 FreeRTOS/Source/portable/MemMang/heap_4.o
                0x000003de                pvPortMalloc
 .text.vPortFree
                0x00000502       0x64 FreeRTOS/Source/portable/MemMang/heap_4.o
                0x00000502                vPortFree
 .text.prvSetupTimerInterrupt
                0x00000566       0x20 FreeRTOS/Source/portable/WinAVR/ATmega2560/port.o
 .text.pxPortInitialiseStack
                0x00000586       0xe4 FreeRTOS/Source/portable/WinAVR/ATmega2560/port.o
                0x00000586                pxPortInitialiseStack
 .text.xPortStartScheduler
                0x0000066a       0x64 FreeRTOS/Source/portable/WinAVR/ATmega2560/port.o
                0x0000066a                xPortStartScheduler
 .text.vPortYield
                0x000006ce       0xc0 FreeRTOS/Source/portable/WinAVR/ATmega2560/port.o
                0x000006ce                vPortYield
 .text.vPortYieldFromTick
                0x0000078e       0xc4 FreeRTOS/Source/portable/WinAVR/ATmega2560/port.o
                0x0000078e                vPortYieldFromTick
 .text.__vector_17
                0x00000852        0x4 FreeRTOS/Source/portable/WinAVR/ATmega2560/port.o
                0x00000852                __vector_17
 .text.prvIsQueueEmpty
                0x00000856       0x1a FreeRTOS/Source/queue.o
 .text.prvIsQueueFull
                0x00000870       0x1c FreeRTOS/Source/queue.o
 .text.prvCopyDataToQueue
                0x0000088c       0xbc FreeRTOS/Source/queue.o
 .text.prvCopyDataFromQueue
                0x00000948       0x34 FreeRTOS/Source/queue.o
 .text.prvUnlockQueue
                0x0000097c       0x60 FreeRTOS/Source/queue.o
 .text.xQueueGenericReset
                0x000009dc       0x84 FreeRTOS/Source/queue.o
                0x000009dc                xQueueGenericReset
 .text.prvInitialiseNewQueue
                0x00000a60       0x24 FreeRTOS/Source/queue.o
 .text.xQueueGenericCreate
                0x00000a84       0x50 FreeRTOS/Source/queue.o
                0x00000a84                xQueueGenericCreate
 .text.xQueueGenericSend
                0x00000ad4      0x116 FreeRTOS/Source/queue.o
                0x00000ad4                xQueueGenericSend
 .text.prvInitialiseMutex
                0x00000bea       0x24 FreeRTOS/Source/queue.o
 .text.xQueueCreateMutex
                0x00000c0e       0x18 FreeRTOS/Source/queue.o
                0x00000c0e                xQueueCreateMutex
 .text.xQueueGenericSendFromISR
                0x00000c26       0x70 FreeRTOS/Source/queue.o
                0x00000c26                xQueueGenericSendFromISR
 .text.xQueueGenericReceive
                0x00000c96      0x170 FreeRTOS/Source/queue.o
                0x00000c96                xQueueGenericReceive
 .text.prvResetNextTaskUnblockTime
                0x00000e06       0x54 FreeRTOS/Source/tasks.o
 .text.prvDeleteTCB
                0x00000e5a       0x16 FreeRTOS/Source/tasks.o
 .text.prvInitialiseNewTask
                0x00000e70       0xdc FreeRTOS/Source/tasks.o
 .text.prvInitialiseTaskLists
                0x00000f4c       0x54 FreeRTOS/Source/tasks.o
 .text.prvAddNewTaskToReadyList
                0x00000fa0       0xa6 FreeRTOS/Source/tasks.o
 .text.prvAddCurrentTaskToDelayedList
                0x00001046       0xe6 FreeRTOS/Source/tasks.o
 .text.xTaskCreate
                0x0000112c       0x9e FreeRTOS/Source/tasks.o
                0x0000112c                xTaskCreate
 .text.vTaskStartScheduler
                0x000011ca       0x62 FreeRTOS/Source/tasks.o
                0x000011ca                vTaskStartScheduler
 .text.vTaskSuspendAll
                0x0000122c        0xc FreeRTOS/Source/tasks.o
                0x0000122c                vTaskSuspendAll
 .text.xTaskIncrementTick
                0x00001238      0x19e FreeRTOS/Source/tasks.o
                0x00001238                xTaskIncrementTick
 .text.xTaskResumeAll
                0x000013d6       0xd2 FreeRTOS/Source/tasks.o
                0x000013d6                xTaskResumeAll
 .text.vTaskDelay
                0x000014a8       0x34 FreeRTOS/Source/tasks.o
                0x000014a8                vTaskDelay
 .text.prvCheckTasksWaitingTermination
                0x000014dc       0x56 FreeRTOS/Source/tasks.o
 .text.prvIdleTask
                0x00001532        0xe FreeRTOS/Source/tasks.o
 .text.vTaskSwitchContext
                0x00001540       0x94 FreeRTOS/Source/tasks.o
                0x00001540                vTaskSwitchContext
 .text.vTaskPlaceOnEventList
                0x000015d4       0x2e FreeRTOS/Source/tasks.o
                0x000015d4                vTaskPlaceOnEventList
 .text.xTaskRemoveFromEventList
                0x00001602       0x84 FreeRTOS/Source/tasks.o
                0x00001602                xTaskRemoveFromEventList
 .text.vTaskSetTimeOutState
                0x00001686       0x22 FreeRTOS/Source/tasks.o
                0x00001686                vTaskSetTimeOutState
 .text.xTaskCheckForTimeOut
                0x000016a8       0xcc FreeRTOS/Source/tasks.o
                0x000016a8                xTaskCheckForTimeOut
 .text.vTaskMissedYield
                0x00001774        0x8 FreeRTOS/Source/tasks.o
                0x00001774                vTaskMissedYield
 .text.vTaskPriorityInherit
                0x0000177c       0xbc FreeRTOS/Source/tasks.o
                0x0000177c                vTaskPriorityInherit
 .text.xTaskPriorityDisinherit
                0x00001838       0x80 FreeRTOS/Source/tasks.o
                0x00001838                xTaskPriorityDisinherit
 .text.pvTaskIncrementMutexHeldCount
                0x000018b8       0x24 FreeRTOS/Source/tasks.o
                0x000018b8                pvTaskIncrementMutexHeldCount
 .text.component_tests
                0x000018dc       0xd6 main.o
                0x000018dc                component_tests
 .text.main     0x000019b2       0xd4 main.o
                0x000019b2                main
 .text.BMP390_read_series
                0x00001a86       0x56 project/src/BMP390.o
                0x00001a86                BMP390_read_series
 .text.BMP390_read
                0x00001adc       0x2a project/src/BMP390.o
                0x00001adc                BMP390_read
 .text.BMP390_write
                0x00001b06       0x20 project/src/BMP390.o
                0x00001b06                BMP390_write
 .text.BMP390_read_id
                0x00001b26        0x8 project/src/BMP390.o
                0x00001b26                BMP390_read_id
 .text.BMP390_test
                0x00001b2e       0x22 project/src/BMP390.o
                0x00001b2e                BMP390_test
 .text.BMP390_read_data
                0x00001b50       0xb6 project/src/BMP390.o
                0x00001b50                BMP390_read_data
 .text.BMP390_get_temp_data
                0x00001c06       0x9a project/src/BMP390.o
                0x00001c06                BMP390_get_temp_data
 .text.BMP390_get_pres_data
                0x00001ca0      0x2ca project/src/BMP390.o
                0x00001ca0                BMP390_get_pres_data
 .text.BMP390_get_readings
                0x00001f6a       0x2a project/src/BMP390.o
                0x00001f6a                BMP390_get_readings
 .text.parse_calib_data
                0x00001f94      0x2b2 project/src/BMP390.o
                0x00001f94                parse_calib_data
 .text.BMP390_read_calib
                0x00002246       0x4c project/src/BMP390.o
                0x00002246                BMP390_read_calib
 .text.BMP390_init
                0x00002292       0x16 project/src/BMP390.o
                0x00002292                BMP390_init
 .text.BNO055_multiread
                0x000022a8       0x52 project/src/BNO055.o
                0x000022a8                BNO055_multiread
 .text.BNO055_write
                0x000022fa       0x1e project/src/BNO055.o
                0x000022fa                BNO055_write
 .text.BNO055_init
                0x00002318        0x8 project/src/BNO055.o
                0x00002318                BNO055_init
 .text.BNO055_read_test
                0x00002320        0xc project/src/BNO055.o
                0x00002320                BNO055_read_test
 .text.BNO055_test
                0x0000232c       0x24 project/src/BNO055.o
                0x0000232c                BNO055_test
 .text.BNO055_read_acc
                0x00002350      0x116 project/src/BNO055.o
                0x00002350                BNO055_read_acc
 .text.BNO055_read_mag
                0x00002466       0xd4 project/src/BNO055.o
                0x00002466                BNO055_read_mag
 .text.BNO055_read_gyr
                0x0000253a       0xd4 project/src/BNO055.o
                0x0000253a                BNO055_read_gyr
 .text.buzzer_start
                0x0000260e       0x16 project/src/buzzer.o
                0x0000260e                buzzer_start
 .text.buzzer_stop
                0x00002624       0x16 project/src/buzzer.o
                0x00002624                buzzer_stop
 .text.i2c_init
                0x0000263a        0xe project/src/i2c.o
                0x0000263a                i2c_init
 .text.i2c_send_start
                0x00002648       0x10 project/src/i2c.o
                0x00002648                i2c_send_start
 .text.i2c_send_stop
                0x00002658        0x8 project/src/i2c.o
                0x00002658                i2c_send_stop
 .text.i2c_enter_MT_mode
                0x00002660       0x16 project/src/i2c.o
                0x00002660                i2c_enter_MT_mode
 .text.i2c_enter_MR_mode
                0x00002676       0x1c project/src/i2c.o
                0x00002676                i2c_enter_MR_mode
 .text.i2c_send
                0x00002692       0x14 project/src/i2c.o
                0x00002692                i2c_send
 .text.i2c_read_nack
                0x000026a6       0x18 project/src/i2c.o
                0x000026a6                i2c_read_nack
 .text.i2c_read_ack
                0x000026be       0x18 project/src/i2c.o
                0x000026be                i2c_read_ack
 .text.move_servo
                0x000026d6       0x30 project/src/servo.o
                0x000026d6                move_servo
 .text.reset_servo
                0x00002706       0x30 project/src/servo.o
                0x00002706                reset_servo
 .text.stop_servo
                0x00002736        0xc project/src/servo.o
                0x00002736                stop_servo
 .text.SPI_init
                0x00002742       0x14 project/src/spi.o
                0x00002742                SPI_init
 .text.SPI_select
                0x00002756       0x18 project/src/spi.o
                0x00002756                SPI_select
 .text.SPI_deselect
                0x0000276e       0x16 project/src/spi.o
                0x0000276e                SPI_deselect
 .text.SPI_transaction
                0x00002784        0xc project/src/spi.o
                0x00002784                SPI_transaction
 .text.ascent_handler
                0x00002790       0x4a project/src/states.o
                0x00002790                ascent_handler
 .text.descent_hander
                0x000027da       0x76 project/src/states.o
                0x000027da                descent_hander
 .text.landing_handler
                0x00002850       0x5e project/src/states.o
                0x00002850                landing_handler
 .text.sim_handler
                0x000028ae       0x40 project/src/states.o
                0x000028ae                sim_handler
 .text.release_handler
                0x000028ee       0x66 project/src/states.o
                0x000028ee                release_handler
 .text.calibration_handler
                0x00002954       0x86 project/src/states.o
                0x00002954                calibration_handler
 .text.state_manager
                0x000029da       0x48 project/src/states.o
                0x000029da                state_manager
 .text.is_falling
                0x00002a22       0x30 project/src/tasks.o
                0x00002a22                is_falling
 .text.is_stationary
                0x00002a52       0x32 project/src/tasks.o
                0x00002a52                is_stationary
 .text.data_reading
                0x00002a84      0x2ee project/src/tasks.o
                0x00002a84                data_reading
 .text.checksum_checker
                0x00002d72       0x20 project/src/telemetry.o
                0x00002d72                checksum_checker
 .text.checksum_calculator
                0x00002d92      0x1c4 project/src/telemetry.o
                0x00002d92                checksum_calculator
 .text.send_to_ground
                0x00002f56      0x12a project/src/telemetry.o
                0x00002f56                send_to_ground
 .text.receive_from_ground
                0x00003080      0x14a project/src/telemetry.o
                0x00003080                receive_from_ground
 .text.UART_init
                0x000031ca       0x28 project/src/uart.o
                0x000031ca                UART_init
 .text.UART0_tx
                0x000031f2        0xe project/src/uart.o
                0x000031f2                UART0_tx
 .text.UART1_tx
                0x00003200        0xe project/src/uart.o
                0x00003200                UART1_tx
 .text.print    0x0000320e       0x18 project/src/uart.o
                0x0000320e                print
 .text.UART1_send_bytes
                0x00003226       0x26 project/src/uart.o
                0x00003226                UART1_send_bytes
 .text.UART1_receive_bytes
                0x0000324c       0x8c project/src/uart.o
                0x0000324c                UART1_receive_bytes
 .text.__vector_36
                0x000032d8       0x8a project/src/uart.o
                0x000032d8                __vector_36
 .text.__vector_51
                0x00003362       0x44 project/src/uart.o
                0x00003362                __vector_51
 .text.UART0_send_bytes
                0x000033a6       0x26 project/src/uart.o
                0x000033a6                UART0_send_bytes
 .text.W25QXX_readID
                0x000033cc       0x42 project/src/w25qxx.o
                0x000033cc                W25QXX_readID
 .text.W25QXX_test
                0x0000340e       0x32 project/src/w25qxx.o
                0x0000340e                W25QXX_test
 .text.avr-libc.fplib
                0x00003440        0xa c:/program files (x86)/atmel/studio/7.0/toolchain/avr8/avr8-gnu-toolchain/bin/../lib/gcc/avr/5.4.0/../../../../avr/lib/avr6\libm.a(addsf3.o)
                0x00003440                __subsf3
                0x00003442                __addsf3
 .text.avr-libc.fplib
                0x0000344a       0xc0 c:/program files (x86)/atmel/studio/7.0/toolchain/avr8/avr8-gnu-toolchain/bin/../lib/gcc/avr/5.4.0/../../../../avr/lib/avr6\libm.a(addsf3x.o)
                0x00003464                __addsf3x
 .text.avr-libc.fplib
                0x0000350a        0x8 c:/program files (x86)/atmel/studio/7.0/toolchain/avr8/avr8-gnu-toolchain/bin/../lib/gcc/avr/5.4.0/../../../../avr/lib/avr6\libm.a(cmpsf2.o)
                0x0000350a                __nesf2
                0x0000350a                __eqsf2
                0x0000350a                __cmpsf2
                0x0000350a                __ltsf2
                0x0000350a                __lesf2
 .text.avr-libc.fplib
                0x00003512        0x4 c:/program files (x86)/atmel/studio/7.0/toolchain/avr8/avr8-gnu-toolchain/bin/../lib/gcc/avr/5.4.0/../../../../avr/lib/avr6\libm.a(divsf3.o)
                0x00003512                __divsf3
 .text.avr-libc.fplib
                0x00003516       0xcc c:/program files (x86)/atmel/studio/7.0/toolchain/avr8/avr8-gnu-toolchain/bin/../lib/gcc/avr/5.4.0/../../../../avr/lib/avr6\libm.a(divsf3x.o)
                0x0000352c                __divsf3x
                0x00003530                __divsf3_pse
 .text.avr-libc.fplib
                0x000035e2        0xa c:/program files (x86)/atmel/studio/7.0/toolchain/avr8/avr8-gnu-toolchain/bin/../lib/gcc/avr/5.4.0/../../../../avr/lib/avr6\libm.a(fixsfsi.o)
                0x000035e2                __fixsfsi
 .text.avr-libc.fplib
                0x000035ec       0x58 c:/program files (x86)/atmel/studio/7.0/toolchain/avr8/avr8-gnu-toolchain/bin/../lib/gcc/avr/5.4.0/../../../../avr/lib/avr6\libm.a(fixunssfsi.o)
                0x000035ec                __fixunssfsi
 .text.avr-libc.fplib
                0x00003644       0x7a c:/program files (x86)/atmel/studio/7.0/toolchain/avr8/avr8-gnu-toolchain/bin/../lib/gcc/avr/5.4.0/../../../../avr/lib/avr6\libm.a(floatsisf.o)
                0x00003644                __floatunsisf
                0x00003648                __floatsisf
 .text.avr-libc.fplib
                0x000036be       0x48 c:/program files (x86)/atmel/studio/7.0/toolchain/avr8/avr8-gnu-toolchain/bin/../lib/gcc/avr/5.4.0/../../../../avr/lib/avr6\libm.a(fp_cmp.o)
                0x000036be                __fp_cmp
 .text.avr-libc.fplib
                0x00003706        0xc c:/program files (x86)/atmel/studio/7.0/toolchain/avr8/avr8-gnu-toolchain/bin/../lib/gcc/avr/5.4.0/../../../../avr/lib/avr6\libm.a(fp_inf.o)
                0x00003706                __fp_inf
 .text.avr-libc.fplib
                0x00003712        0x6 c:/program files (x86)/atmel/studio/7.0/toolchain/avr8/avr8-gnu-toolchain/bin/../lib/gcc/avr/5.4.0/../../../../avr/lib/avr6\libm.a(fp_nan.o)
                0x00003712                __fp_nan
 .text.avr-libc.fplib
                0x00003718        0xe c:/program files (x86)/atmel/studio/7.0/toolchain/avr8/avr8-gnu-toolchain/bin/../lib/gcc/avr/5.4.0/../../../../avr/lib/avr6\libm.a(fp_pscA.o)
                0x00003718                __fp_pscA
 .text.avr-libc.fplib
                0x00003726        0xe c:/program files (x86)/atmel/studio/7.0/toolchain/avr8/avr8-gnu-toolchain/bin/../lib/gcc/avr/5.4.0/../../../../avr/lib/avr6\libm.a(fp_pscB.o)
                0x00003726                __fp_pscB
 .text.avr-libc.fplib
                0x00003734       0x22 c:/program files (x86)/atmel/studio/7.0/toolchain/avr8/avr8-gnu-toolchain/bin/../lib/gcc/avr/5.4.0/../../../../avr/lib/avr6\libm.a(fp_round.o)
                0x00003734                __fp_round
 .text.avr-libc.fplib
                0x00003756       0x44 c:/program files (x86)/atmel/studio/7.0/toolchain/avr8/avr8-gnu-toolchain/bin/../lib/gcc/avr/5.4.0/../../../../avr/lib/avr6\libm.a(fp_split3.o)
                0x00003756                __fp_split3
                0x00003766                __fp_splitA
 .text.avr-libc.fplib
                0x0000379a        0xe c:/program files (x86)/atmel/studio/7.0/toolchain/avr8/avr8-gnu-toolchain/bin/../lib/gcc/avr/5.4.0/../../../../avr/lib/avr6\libm.a(fp_zero.o)
                0x0000379a                __fp_zero
                0x0000379c                __fp_szero
 .text.avr-libc.fplib
                0x000037a8        0x8 c:/program files (x86)/atmel/studio/7.0/toolchain/avr8/avr8-gnu-toolchain/bin/../lib/gcc/avr/5.4.0/../../../../avr/lib/avr6\libm.a(gesf2.o)
                0x000037a8                __gesf2
                0x000037a8                __gtsf2
 .text.avr-libc.fplib
                0x000037b0        0x4 c:/program files (x86)/atmel/studio/7.0/toolchain/avr8/avr8-gnu-toolchain/bin/../lib/gcc/avr/5.4.0/../../../../avr/lib/avr6\libm.a(mulsf3.o)
                0x000037b0                __mulsf3
 .text.avr-libc.fplib
                0x000037b4       0xc2 c:/program files (x86)/atmel/studio/7.0/toolchain/avr8/avr8-gnu-toolchain/bin/../lib/gcc/avr/5.4.0/../../../../avr/lib/avr6\libm.a(mulsf3x.o)
                0x000037c8                __mulsf3x
                0x000037cc                __mulsf3_pse
 .text.avr-libc.fplib
                0x00003876       0x98 c:/program files (x86)/atmel/studio/7.0/toolchain/avr8/avr8-gnu-toolchain/bin/../lib/gcc/avr/5.4.0/../../../../avr/lib/avr6\libm.a(pow.o)
                0x00003876                pow
 .text.avr-libc.fplib
                0x0000390e       0x62 c:/program files (x86)/atmel/studio/7.0/toolchain/avr8/avr8-gnu-toolchain/bin/../lib/gcc/avr/5.4.0/../../../../avr/lib/avr6\libm.a(exp.o)
                0x00003918                exp
 .text.avr-libc.fplib
                0x00003970       0x4a c:/program files (x86)/atmel/studio/7.0/toolchain/avr8/avr8-gnu-toolchain/bin/../lib/gcc/avr/5.4.0/../../../../avr/lib/avr6\libm.a(fp_powser.o)
                0x00003970                __fp_powser
 .text.avr-libc.fplib
                0x000039ba        0xe c:/program files (x86)/atmel/studio/7.0/toolchain/avr8/avr8-gnu-toolchain/bin/../lib/gcc/avr/5.4.0/../../../../avr/lib/avr6\libm.a(inverse.o)
                0x000039ba                inverse
 .text.avr-libc.fplib
                0x000039c8       0x6c c:/program files (x86)/atmel/studio/7.0/toolchain/avr8/avr8-gnu-toolchain/bin/../lib/gcc/avr/5.4.0/../../../../avr/lib/avr6\libm.a(ldexp.o)
                0x000039cc                ldexp
 .text.avr-libc.fplib
                0x00003a34       0x8a c:/program files (x86)/atmel/studio/7.0/toolchain/avr8/avr8-gnu-toolchain/bin/../lib/gcc/avr/5.4.0/../../../../avr/lib/avr6\libm.a(log.o)
                0x00003a3e                log
 .text.avr-libc.fplib
                0x00003abe       0x66 c:/program files (x86)/atmel/studio/7.0/toolchain/avr8/avr8-gnu-toolchain/bin/../lib/gcc/avr/5.4.0/../../../../avr/lib/avr6\libm.a(modf.o)
                0x00003abe                modf
                0x00003abe                modff
 .text.avr-libc.fplib
                0x00003b24       0x1c c:/program files (x86)/atmel/studio/7.0/toolchain/avr8/avr8-gnu-toolchain/bin/../lib/gcc/avr/5.4.0/../../../../avr/lib/avr6\libm.a(fp_mpack.o)
                0x00003b24                __fp_mpack
                0x00003b28                __fp_mpack_finite
 .text.libgcc.mul
                0x00003b40       0x1e c:/program files (x86)/atmel/studio/7.0/toolchain/avr8/avr8-gnu-toolchain/bin/../lib/gcc/avr/5.4.0/avr6\libgcc.a(_mulsi3.o)
                0x00003b40                __mulsi3
 .text.libgcc.mul
                0x00003b5e       0x14 c:/program files (x86)/atmel/studio/7.0/toolchain/avr8/avr8-gnu-toolchain/bin/../lib/gcc/avr/5.4.0/avr6\libgcc.a(_muluhisi3.o)
                0x00003b5e                __muluhisi3
 .text.libgcc.mul
                0x00003b72       0x1e c:/program files (x86)/atmel/studio/7.0/toolchain/avr8/avr8-gnu-toolchain/bin/../lib/gcc/avr/5.4.0/avr6\libgcc.a(_umulhisi3.o)
                0x00003b72                __umulhisi3
 .text.avr-libc
                0x00003b90       0x12 c:/program files (x86)/atmel/studio/7.0/toolchain/avr8/avr8-gnu-toolchain/bin/../lib/gcc/avr/5.4.0/../../../../avr/lib/avr6\libc.a(memcpy.o)
                0x00003b90                memcpy
 .text.avr-libc
                0x00003ba2       0x5c c:/program files (x86)/atmel/studio/7.0/toolchain/avr8/avr8-gnu-toolchain/bin/../lib/gcc/avr/5.4.0/../../../../avr/lib/avr6\libc.a(sprintf.o)
                0x00003ba2                sprintf
 .text.avr-libc
                0x00003bfe      0x3fa c:/program files (x86)/atmel/studio/7.0/toolchain/avr8/avr8-gnu-toolchain/bin/../lib/gcc/avr/5.4.0/../../../../avr/lib/avr6\libc.a(vfprintf_std.o)
                0x00003bfe                vfprintf
 .text.avr-libc
                0x00003ff8       0x16 c:/program files (x86)/atmel/studio/7.0/toolchain/avr8/avr8-gnu-toolchain/bin/../lib/gcc/avr/5.4.0/../../../../avr/lib/avr6\libc.a(strnlen_P.o)
                0x00003ff8                strnlen_P
 .text.avr-libc
                0x0000400e       0x16 c:/program files (x86)/atmel/studio/7.0/toolchain/avr8/avr8-gnu-toolchain/bin/../lib/gcc/avr/5.4.0/../../../../avr/lib/avr6\libc.a(strnlen.o)
                0x0000400e                strnlen
 .text.avr-libc
                0x00004024       0x78 c:/program files (x86)/atmel/studio/7.0/toolchain/avr8/avr8-gnu-toolchain/bin/../lib/gcc/avr/5.4.0/../../../../avr/lib/avr6\libc.a(fputc.o)
                0x00004024                fputc
 .text.avr-libc
                0x0000409c       0xbc c:/program files (x86)/atmel/studio/7.0/toolchain/avr8/avr8-gnu-toolchain/bin/../lib/gcc/avr/5.4.0/../../../../avr/lib/avr6\libc.a(ultoa_invert.o)
                0x0000409c                __ultoa_invert
                0x00004158                . = ALIGN (0x2)
 *(.fini9)
 .fini9         0x00004158        0x0 c:/program files (x86)/atmel/studio/7.0/toolchain/avr8/avr8-gnu-toolchain/bin/../lib/gcc/avr/5.4.0/avr6\libgcc.a(_exit.o)
                0x00004158                _exit
                0x00004158                exit
 *(.fini9)
 *(.fini8)
 *(.fini8)
 *(.fini7)
 *(.fini7)
 *(.fini6)
 *(.fini6)
 *(.fini5)
 *(.fini5)
 *(.fini4)
 *(.fini4)
 *(.fini3)
 *(.fini3)
 *(.fini2)
 *(.fini2)
 *(.fini1)
 *(.fini1)
 *(.fini0)
 .fini0         0x00004158        0x4 c:/program files (x86)/atmel/studio/7.0/toolchain/avr8/avr8-gnu-toolchain/bin/../lib/gcc/avr/5.4.0/avr6\libgcc.a(_exit.o)
 *(.fini0)
                0x0000415c                _etext = .

.data           0x00800200      0x192 load address 0x0000415c
                0x00800200                PROVIDE (__data_start, .)
 *(.data)
 *(.data*)
 .data.functionTable
                0x00800200        0xc project/src/states.o
                0x00800200                functionTable
 *(.gnu.linkonce.d*)
 *(.rodata)
 *(.rodata*)
 .rodata.str1.1
                0x0080020c        0x5 FreeRTOS/Source/tasks.o
 .rodata.str1.1
                0x00800211       0xe2 main.o
 .rodata.str1.1
                0x008002f3       0x12 project/src/BNO055.o
 .rodata.str1.1
                0x00800305       0x3a project/src/states.o
                                 0x45 (size before relaxing)
 .rodata.str1.1
                0x0080033f       0x1d project/src/tasks.o
 .rodata.str1.1
                0x0080035c       0x35 project/src/telemetry.o
 *(.gnu.linkonce.r*)
                0x00800392                . = ALIGN (0x2)
 *fill*         0x00800391        0x1 
                0x00800392                _edata = .
                0x00800392                PROVIDE (__data_end, .)

.bss            0x00800392     0x18b7
                0x00800392                PROVIDE (__bss_start, .)
 *(.bss)
 *(.bss*)
 .bss.xBlockAllocatedBit
                0x00800392        0x2 FreeRTOS/Source/portable/MemMang/heap_4.o
 .bss.xMinimumEverFreeBytesRemaining
                0x00800394        0x2 FreeRTOS/Source/portable/MemMang/heap_4.o
 .bss.xFreeBytesRemaining
                0x00800396        0x2 FreeRTOS/Source/portable/MemMang/heap_4.o
 .bss.pxEnd     0x00800398        0x2 FreeRTOS/Source/portable/MemMang/heap_4.o
 .bss.xStart    0x0080039a        0x4 FreeRTOS/Source/portable/MemMang/heap_4.o
 .bss.ucHeap    0x0080039e     0x1770 FreeRTOS/Source/portable/MemMang/heap_4.o
 .bss.uxSchedulerSuspended
                0x00801b0e        0x1 FreeRTOS/Source/tasks.o
 .bss.xIdleTaskHandle
                0x00801b0f        0x2 FreeRTOS/Source/tasks.o
 .bss.xNextTaskUnblockTime
                0x00801b11        0x4 FreeRTOS/Source/tasks.o
 .bss.uxTaskNumber
                0x00801b15        0x1 FreeRTOS/Source/tasks.o
 .bss.xNumOfOverflows
                0x00801b16        0x1 FreeRTOS/Source/tasks.o
 .bss.xYieldPending
                0x00801b17        0x1 FreeRTOS/Source/tasks.o
 .bss.uxPendedTicks
                0x00801b18        0x1 FreeRTOS/Source/tasks.o
 .bss.xSchedulerRunning
                0x00801b19        0x1 FreeRTOS/Source/tasks.o
 .bss.uxTopReadyPriority
                0x00801b1a        0x1 FreeRTOS/Source/tasks.o
 .bss.xTickCount
                0x00801b1b        0x4 FreeRTOS/Source/tasks.o
 .bss.uxCurrentNumberOfTasks
                0x00801b1f        0x1 FreeRTOS/Source/tasks.o
 .bss.xSuspendedTaskList
                0x00801b20        0xb FreeRTOS/Source/tasks.o
 .bss.uxDeletedTasksWaitingCleanUp
                0x00801b2b        0x1 FreeRTOS/Source/tasks.o
 .bss.xTasksWaitingTermination
                0x00801b2c        0xb FreeRTOS/Source/tasks.o
 .bss.xPendingReadyList
                0x00801b37        0xb FreeRTOS/Source/tasks.o
 .bss.pxOverflowDelayedTaskList
                0x00801b42        0x2 FreeRTOS/Source/tasks.o
 .bss.pxDelayedTaskList
                0x00801b44        0x2 FreeRTOS/Source/tasks.o
 .bss.xDelayedTaskList2
                0x00801b46        0xb FreeRTOS/Source/tasks.o
 .bss.xDelayedTaskList1
                0x00801b51        0xb FreeRTOS/Source/tasks.o
 .bss.pxReadyTasksLists
                0x00801b5c       0x37 FreeRTOS/Source/tasks.o
 .bss.pxCurrentTCB
                0x00801b93        0x2 FreeRTOS/Source/tasks.o
                0x00801b93                pxCurrentTCB
 .bss.deploy_height
                0x00801b95        0x4 project/src/states.o
                0x00801b95                deploy_height
 .bss.calibrated_altitude
                0x00801b99        0x4 project/src/tasks.o
                0x00801b99                calibrated_altitude
 .bss.packet_count
                0x00801b9d        0x1 project/src/telemetry.o
                0x00801b9d                packet_count
 .bss.buffer_index
                0x00801b9e        0x1 project/src/uart.o
                0x00801b9e                buffer_index
 *(COMMON)
 COMMON         0x00801b9f       0x14 main.o
                0x00801b9f                BNO_buffer
 COMMON         0x00801bb3       0x55 project/src/BMP390.o
                0x00801bb3                raw_readings
                0x00801bbb                raw_calibs
                0x00801bd0                calculated_calibs
 COMMON         0x00801c08       0x39 project/src/states.o
                0x00801c08                stateMutex
                0x00801c0a                universal_telemetry
                0x00801c3f                events_queue
 COMMON         0x00801c41        0x6 project/src/tasks.o
                0x00801c41                old_altitude
                0x00801c45                simulated_pressure_queue
 COMMON         0x00801c47        0x2 project/src/uart.o
                0x00801c47                uart1_rx_queue
                0x00801c49                PROVIDE (__bss_end, .)
                0x0000415c                __data_load_start = LOADADDR (.data)
                0x000042ee                __data_load_end = (__data_load_start + SIZEOF (.data))

.noinit         0x00801c49        0x0
                [!provide]                PROVIDE (__noinit_start, .)
 *(.noinit*)
                [!provide]                PROVIDE (__noinit_end, .)
                0x00801c49                _end = .
                [!provide]                PROVIDE (__heap_start, .)

.eeprom         0x00810000        0x0
 *(.eeprom*)
                0x00810000                __eeprom_end = .

.fuse
 *(.fuse)
 *(.lfuse)
 *(.hfuse)
 *(.efuse)

.lock
 *(.lock*)

.signature
 *(.signature*)

.user_signatures
 *(.user_signatures*)

.stab
 *(.stab)

.stabstr
 *(.stabstr)

.stab.excl
 *(.stab.excl)

.stab.exclstr
 *(.stab.exclstr)

.stab.index
 *(.stab.index)

.stab.indexstr
 *(.stab.indexstr)

.comment        0x00000000       0x5c
 *(.comment)
 .comment       0x00000000       0x30 FreeRTOS/Source/list.o
                                 0x31 (size before relaxing)
 .comment       0x00000030       0x31 FreeRTOS/Source/portable/MemMang/heap_4.o
 .comment       0x00000030       0x31 FreeRTOS/Source/portable/WinAVR/ATmega2560/port.o
 .comment       0x00000030       0x31 FreeRTOS/Source/queue.o
 .comment       0x00000030       0x31 FreeRTOS/Source/tasks.o
 .comment       0x00000030       0x31 main.o
 .comment       0x00000030       0x31 project/src/BMP390.o
 .comment       0x00000030       0x31 project/src/BNO055.o
 .comment       0x00000030       0x31 project/src/buzzer.o
 .comment       0x00000030       0x31 project/src/i2c.o
 .comment       0x00000030       0x31 project/src/servo.o
 .comment       0x00000030       0x31 project/src/spi.o
 .comment       0x00000030       0x31 project/src/states.o
 .comment       0x00000030       0x31 project/src/tasks.o
 .comment       0x00000030       0x31 project/src/telemetry.o
 .comment       0x00000030       0x31 project/src/uart.o
 .comment       0x00000030       0x31 project/src/w25qxx.o
 .comment       0x00000030       0x31 c:/program files (x86)/atmel/studio/7.0/toolchain/avr8/avr8-gnu-toolchain/bin/../lib/gcc/avr/5.4.0/../../../../avr/lib/avr6\libc.a(sprintf.o)
 .comment       0x00000030       0x2c c:/program files (x86)/atmel/studio/7.0/toolchain/avr8/avr8-gnu-toolchain/bin/../lib/gcc/avr/5.4.0/../../../../avr/lib/avr6\libc.a(vfprintf_std.o)
                                 0x2d (size before relaxing)
 .comment       0x0000005c       0x31 c:/program files (x86)/atmel/studio/7.0/toolchain/avr8/avr8-gnu-toolchain/bin/../lib/gcc/avr/5.4.0/../../../../avr/lib/avr6\libc.a(fputc.o)

.note.gnu.avr.deviceinfo
                0x00000000       0x40
 .note.gnu.avr.deviceinfo
                0x00000000       0x40 C:/Program Files (x86)/Atmel/Studio/7.0/Packs/atmel/ATmega_DFP/1.7.374/gcc/dev/atmega2560/avr6/crtatmega2560.o

.note.gnu.build-id
 *(.note.gnu.build-id)

.debug
 *(.debug)

.line
 *(.line)

.debug_srcinfo
 *(.debug_srcinfo)

.debug_sfnames
 *(.debug_sfnames)

.debug_aranges  0x00000000      0x718
 *(.debug_aranges)
 .debug_aranges
                0x00000000       0x40 FreeRTOS/Source/list.o
 .debug_aranges
                0x00000040       0x50 FreeRTOS/Source/portable/MemMang/heap_4.o
 .debug_aranges
                0x00000090       0x50 FreeRTOS/Source/portable/WinAVR/ATmega2560/port.o
 .debug_aranges
                0x000000e0      0x100 FreeRTOS/Source/queue.o
 .debug_aranges
                0x000001e0      0x190 FreeRTOS/Source/tasks.o
 .debug_aranges
                0x00000370       0x28 main.o
 .debug_aranges
                0x00000398       0x80 project/src/BMP390.o
 .debug_aranges
                0x00000418       0x68 project/src/BNO055.o
 .debug_aranges
                0x00000480       0x28 project/src/buzzer.o
 .debug_aranges
                0x000004a8       0x58 project/src/i2c.o
 .debug_aranges
                0x00000500       0x30 project/src/servo.o
 .debug_aranges
                0x00000530       0x38 project/src/spi.o
 .debug_aranges
                0x00000568       0x50 project/src/states.o
 .debug_aranges
                0x000005b8       0x38 project/src/tasks.o
 .debug_aranges
                0x000005f0       0x38 project/src/telemetry.o
 .debug_aranges
                0x00000628       0x98 project/src/uart.o
 .debug_aranges
                0x000006c0       0x58 project/src/w25qxx.o

.debug_pubnames
 *(.debug_pubnames)

.debug_info     0x00000000     0x8760
 *(.debug_info .gnu.linkonce.wi.*)
 .debug_info    0x00000000      0xbbc C:/Program Files (x86)/Atmel/Studio/7.0/Packs/atmel/ATmega_DFP/1.7.374/gcc/dev/atmega2560/avr6/crtatmega2560.o
 .debug_info    0x00000bbc      0x2ca FreeRTOS/Source/list.o
 .debug_info    0x00000e86      0x38b FreeRTOS/Source/portable/MemMang/heap_4.o
 .debug_info    0x00001211      0x243 FreeRTOS/Source/portable/WinAVR/ATmega2560/port.o
 .debug_info    0x00001454     0x1628 FreeRTOS/Source/queue.o
 .debug_info    0x00002a7c     0x1d9f FreeRTOS/Source/tasks.o
 .debug_info    0x0000481b      0x734 main.o
 .debug_info    0x00004f4f      0x933 project/src/BMP390.o
 .debug_info    0x00005882      0x69f project/src/BNO055.o
 .debug_info    0x00005f21       0x97 project/src/buzzer.o
 .debug_info    0x00005fb8      0x180 project/src/i2c.o
 .debug_info    0x00006138       0xb7 project/src/servo.o
 .debug_info    0x000061ef       0xfd project/src/spi.o
 .debug_info    0x000062ec      0x7ba project/src/states.o
 .debug_info    0x00006aa6      0x7d1 project/src/tasks.o
 .debug_info    0x00007277      0xae5 project/src/telemetry.o
 .debug_info    0x00007d5c      0x4bc project/src/uart.o
 .debug_info    0x00008218      0x548 project/src/w25qxx.o

.debug_abbrev   0x00000000     0x245e
 *(.debug_abbrev)
 .debug_abbrev  0x00000000      0xb1a C:/Program Files (x86)/Atmel/Studio/7.0/Packs/atmel/ATmega_DFP/1.7.374/gcc/dev/atmega2560/avr6/crtatmega2560.o
 .debug_abbrev  0x00000b1a       0xf8 FreeRTOS/Source/list.o
 .debug_abbrev  0x00000c12      0x1cc FreeRTOS/Source/portable/MemMang/heap_4.o
 .debug_abbrev  0x00000dde      0x143 FreeRTOS/Source/portable/WinAVR/ATmega2560/port.o
 .debug_abbrev  0x00000f21      0x211 FreeRTOS/Source/queue.o
 .debug_abbrev  0x00001132      0x2bf FreeRTOS/Source/tasks.o
 .debug_abbrev  0x000013f1      0x1c8 main.o
 .debug_abbrev  0x000015b9      0x1e0 project/src/BMP390.o
 .debug_abbrev  0x00001799      0x1ba project/src/BNO055.o
 .debug_abbrev  0x00001953       0x4f project/src/buzzer.o
 .debug_abbrev  0x000019a2       0x99 project/src/i2c.o
 .debug_abbrev  0x00001a3b       0x4f project/src/servo.o
 .debug_abbrev  0x00001a8a       0xa3 project/src/spi.o
 .debug_abbrev  0x00001b2d      0x20f project/src/states.o
 .debug_abbrev  0x00001d3c      0x240 project/src/tasks.o
 .debug_abbrev  0x00001f7c      0x1d5 project/src/telemetry.o
 .debug_abbrev  0x00002151      0x193 project/src/uart.o
 .debug_abbrev  0x000022e4      0x17a project/src/w25qxx.o

.debug_line     0x00000000     0x4aeb
 *(.debug_line .debug_line.* .debug_line_end)
 .debug_line    0x00000000      0x1fa C:/Program Files (x86)/Atmel/Studio/7.0/Packs/atmel/ATmega_DFP/1.7.374/gcc/dev/atmega2560/avr6/crtatmega2560.o
 .debug_line    0x000001fa      0x222 FreeRTOS/Source/list.o
 .debug_line    0x0000041c      0x376 FreeRTOS/Source/portable/MemMang/heap_4.o
 .debug_line    0x00000792      0x2f9 FreeRTOS/Source/portable/WinAVR/ATmega2560/port.o
 .debug_line    0x00000a8b      0xba5 FreeRTOS/Source/queue.o
 .debug_line    0x00001630     0x1244 FreeRTOS/Source/tasks.o
 .debug_line    0x00002874      0x2bd main.o
 .debug_line    0x00002b31      0x434 project/src/BMP390.o
 .debug_line    0x00002f65      0x348 project/src/BNO055.o
 .debug_line    0x000032ad       0xcf project/src/buzzer.o
 .debug_line    0x0000337c      0x1be project/src/i2c.o
 .debug_line    0x0000353a      0x108 project/src/servo.o
 .debug_line    0x00003642      0x114 project/src/spi.o
 .debug_line    0x00003756      0x346 project/src/states.o
 .debug_line    0x00003a9c      0x345 project/src/tasks.o
 .debug_line    0x00003de1      0x600 project/src/telemetry.o
 .debug_line    0x000043e1      0x415 project/src/uart.o
 .debug_line    0x000047f6      0x2f5 project/src/w25qxx.o

.debug_frame    0x00000000     0x16ac
 *(.debug_frame)
 .debug_frame   0x00000000       0x90 FreeRTOS/Source/list.o
 .debug_frame   0x00000090       0xd0 FreeRTOS/Source/portable/MemMang/heap_4.o
 .debug_frame   0x00000160       0x84 FreeRTOS/Source/portable/WinAVR/ATmega2560/port.o
 .debug_frame   0x000001e4      0x3cc FreeRTOS/Source/queue.o
 .debug_frame   0x000005b0      0x6ac FreeRTOS/Source/tasks.o
 .debug_frame   0x00000c5c       0x50 main.o
 .debug_frame   0x00000cac      0x240 project/src/BMP390.o
 .debug_frame   0x00000eec      0x190 project/src/BNO055.o
 .debug_frame   0x0000107c       0x34 project/src/buzzer.o
 .debug_frame   0x000010b0       0x94 project/src/i2c.o
 .debug_frame   0x00001144       0x44 project/src/servo.o
 .debug_frame   0x00001188       0x54 project/src/spi.o
 .debug_frame   0x000011dc       0xd4 project/src/states.o
 .debug_frame   0x000012b0       0x88 project/src/tasks.o
 .debug_frame   0x00001338       0x74 project/src/telemetry.o
 .debug_frame   0x000013ac      0x200 project/src/uart.o
 .debug_frame   0x000015ac      0x100 project/src/w25qxx.o

.debug_str      0x00000000     0x21ad
 *(.debug_str)
 .debug_str     0x00000000      0x3e6 C:/Program Files (x86)/Atmel/Studio/7.0/Packs/atmel/ATmega_DFP/1.7.374/gcc/dev/atmega2560/avr6/crtatmega2560.o
 .debug_str     0x000003e6      0x282 FreeRTOS/Source/list.o
                                0x2c1 (size before relaxing)
 .debug_str     0x00000668      0x20e FreeRTOS/Source/portable/MemMang/heap_4.o
                                0x386 (size before relaxing)
 .debug_str     0x00000876      0x142 FreeRTOS/Source/portable/WinAVR/ATmega2560/port.o
                                0x2cd (size before relaxing)
 .debug_str     0x000009b8      0x5e0 FreeRTOS/Source/queue.o
                                0x8a0 (size before relaxing)
 .debug_str     0x00000f98      0x83e FreeRTOS/Source/tasks.o
                                0xd0e (size before relaxing)
 .debug_str     0x000017d6      0x1ac main.o
                                0x375 (size before relaxing)
 .debug_str     0x00001982      0x27f project/src/BMP390.o
                                0x43f (size before relaxing)
 .debug_str     0x00001c01      0x126 project/src/BNO055.o
                                0x2f7 (size before relaxing)
 .debug_str     0x00001d27       0x18 project/src/buzzer.o
                                0x18f (size before relaxing)
 .debug_str     0x00001d3f       0x15 project/src/i2c.o
                                0x1f2 (size before relaxing)
 .debug_str     0x00001d54       0x17 project/src/servo.o
                                0x1a0 (size before relaxing)
 .debug_str     0x00001d6b       0x15 project/src/spi.o
                                0x1ae (size before relaxing)
 .debug_str     0x00001d80      0x212 project/src/states.o
                                0x4bf (size before relaxing)
 .debug_str     0x00001f92       0x56 project/src/tasks.o
                                0x4c7 (size before relaxing)
 .debug_str     0x00001fe8       0xc0 project/src/telemetry.o
                                0x497 (size before relaxing)
 .debug_str     0x000020a8       0xa1 project/src/uart.o
                                0x306 (size before relaxing)
 .debug_str     0x00002149       0x64 project/src/w25qxx.o
                                0x245 (size before relaxing)

.debug_loc      0x00000000     0x6ad4
 *(.debug_loc)
 .debug_loc     0x00000000      0x17d FreeRTOS/Source/list.o
 .debug_loc     0x0000017d      0x32f FreeRTOS/Source/portable/MemMang/heap_4.o
 .debug_loc     0x000004ac      0x2d3 FreeRTOS/Source/portable/WinAVR/ATmega2560/port.o
 .debug_loc     0x0000077f     0x1d6f FreeRTOS/Source/queue.o
 .debug_loc     0x000024ee     0x22bb FreeRTOS/Source/tasks.o
 .debug_loc     0x000047a9      0x181 main.o
 .debug_loc     0x0000492a      0xa65 project/src/BMP390.o
 .debug_loc     0x0000538f      0x637 project/src/BNO055.o
 .debug_loc     0x000059c6       0xbf project/src/i2c.o
 .debug_loc     0x00005a85       0x1f project/src/spi.o
 .debug_loc     0x00005aa4      0x1c1 project/src/states.o
 .debug_loc     0x00005c65      0x1dc project/src/tasks.o
 .debug_loc     0x00005e41      0x3a3 project/src/telemetry.o
 .debug_loc     0x000061e4      0x59b project/src/uart.o
 .debug_loc     0x0000677f      0x355 project/src/w25qxx.o

.debug_macinfo
 *(.debug_macinfo)

.debug_weaknames
 *(.debug_weaknames)

.debug_funcnames
 *(.debug_funcnames)

.debug_typenames
 *(.debug_typenames)

.debug_varnames
 *(.debug_varnames)

.debug_pubtypes
 *(.debug_pubtypes)

.debug_ranges   0x00000000      0x6c0
 *(.debug_ranges)
 .debug_ranges  0x00000000       0x30 FreeRTOS/Source/list.o
 .debug_ranges  0x00000030       0x40 FreeRTOS/Source/portable/MemMang/heap_4.o
 .debug_ranges  0x00000070       0x40 FreeRTOS/Source/portable/WinAVR/ATmega2560/port.o
 .debug_ranges  0x000000b0      0x138 FreeRTOS/Source/queue.o
 .debug_ranges  0x000001e8      0x1c0 FreeRTOS/Source/tasks.o
 .debug_ranges  0x000003a8       0x18 main.o
 .debug_ranges  0x000003c0       0x70 project/src/BMP390.o
 .debug_ranges  0x00000430       0x58 project/src/BNO055.o
 .debug_ranges  0x00000488       0x18 project/src/buzzer.o
 .debug_ranges  0x000004a0       0x48 project/src/i2c.o
 .debug_ranges  0x000004e8       0x20 project/src/servo.o
 .debug_ranges  0x00000508       0x28 project/src/spi.o
 .debug_ranges  0x00000530       0x40 project/src/states.o
 .debug_ranges  0x00000570       0x28 project/src/tasks.o
 .debug_ranges  0x00000598       0x58 project/src/telemetry.o
 .debug_ranges  0x000005f0       0x88 project/src/uart.o
 .debug_ranges  0x00000678       0x48 project/src/w25qxx.o

.debug_macro
 *(.debug_macro)
OUTPUT(obc.elf elf32-avr)
LOAD linker stubs
